worst slack max -17.987
worst slack min -1.737
tns max -932796.688
Clock core_clock
  4.733 source latency _203849_/CLK ^
 -3.717 target latency _192674_/CLK ^
  0.000 CRPR
--------------
  1.016 setup skew

Startpoint: _202586_ (rising edge-triggered flip-flop clocked by core_clock)
Endpoint: _204118_ (rising edge-triggered flip-flop clocked by core_clock)
Path Group: core_clock
Path Type: max

   Delay     Time   Description
-----------------------------------------------------------
   0.000    0.000   clock core_clock (rise edge)
   4.431    4.431   clock network delay (propagated)
   0.000    4.431 ^ _202586_/CLK (sky130_fd_sc_hd__edfxtp_1)
   0.626    5.058 ^ _202586_/Q (sky130_fd_sc_hd__edfxtp_1)
   0.230    5.288 ^ load_slew17670/X (sky130_fd_sc_hd__buf_6)
   0.327    5.615 ^ _078764_/X (sky130_fd_sc_hd__and2_4)
   0.271    5.887 ^ wire17532/X (sky130_fd_sc_hd__buf_16)
   0.311    6.198 ^ load_slew17531/X (sky130_fd_sc_hd__buf_12)
   0.333    6.530 ^ wire17530/X (sky130_fd_sc_hd__buf_16)
   0.306    6.836 ^ load_slew17529/X (sky130_fd_sc_hd__buf_12)
   0.301    7.136 ^ load_slew17526/X (sky130_fd_sc_hd__buf_12)
   0.190    7.326 v _079342_/Y (sky130_fd_sc_hd__a22oi_1)
   0.261    7.587 ^ _079344_/Y (sky130_fd_sc_hd__a21oi_1)
   0.276    7.863 ^ _079351_/X (sky130_fd_sc_hd__or4_4)
   0.465    8.328 ^ _079365_/X (sky130_fd_sc_hd__o211a_4)
   0.263    8.592 ^ load_slew16866/X (sky130_fd_sc_hd__buf_12)
   0.266    8.858 v _079377_/Y (sky130_fd_sc_hd__nand2_2)
   0.545    9.403 ^ _079379_/Y (sky130_fd_sc_hd__a221oi_4)
   0.160    9.564 v _079380_/Y (sky130_fd_sc_hd__a21oi_1)
   0.367    9.930 v _079548_/X (sky130_fd_sc_hd__maj3_2)
   0.351   10.281 v _079550_/X (sky130_fd_sc_hd__maj3_2)
   0.330   10.611 v _079552_/X (sky130_fd_sc_hd__maj3_2)
   0.317   10.929 v _079554_/X (sky130_fd_sc_hd__maj3_2)
   0.352   11.281 v _079556_/X (sky130_fd_sc_hd__maj3_2)
   0.361   11.642 v _079558_/X (sky130_fd_sc_hd__maj3_2)
   0.325   11.967 v _079560_/X (sky130_fd_sc_hd__maj3_2)
   0.333   12.300 v _080629_/X (sky130_fd_sc_hd__maj3_2)
   0.162   12.462 v rebuffer19359/X (sky130_fd_sc_hd__buf_4)
   0.436   12.898 ^ _083336_/X (sky130_fd_sc_hd__xor2_4)
   0.254   13.152 ^ load_slew15893/X (sky130_fd_sc_hd__buf_8)
   0.198   13.350 ^ wire15892/X (sky130_fd_sc_hd__buf_16)
   0.488   13.838 v _084157_/Y (sky130_fd_sc_hd__o211ai_1)
   0.285   14.123 ^ _084158_/Y (sky130_fd_sc_hd__nand2_2)
   0.412   14.535 ^ _084159_/X (sky130_fd_sc_hd__and2_2)
   0.395   14.930 v _084160_/Y (sky130_fd_sc_hd__clkinv_1)
   0.329   15.259 ^ _084254_/Y (sky130_fd_sc_hd__a211oi_1)
   0.155   15.414 v _084255_/Y (sky130_fd_sc_hd__o221ai_1)
   0.218   15.632 ^ _084256_/Y (sky130_fd_sc_hd__a21oi_1)
   0.156   15.788 v _084415_/Y (sky130_fd_sc_hd__nand3_1)
   0.342   16.130 ^ _084416_/Y (sky130_fd_sc_hd__nor3_1)
   0.218   16.348 v _084417_/Y (sky130_fd_sc_hd__o221ai_1)
   0.584   16.932 ^ _084421_/Y (sky130_fd_sc_hd__a2111oi_0)
   0.402   17.334 v _084422_/Y (sky130_fd_sc_hd__o2111ai_1)
   0.483   17.817 ^ _084425_/Y (sky130_fd_sc_hd__nor4_2)
   0.206   18.023 v _084428_/Y (sky130_fd_sc_hd__o2111ai_1)
   0.318   18.341 ^ _084430_/Y (sky130_fd_sc_hd__nor3_1)
   0.288   18.628 ^ _084432_/X (sky130_fd_sc_hd__o2111a_1)
   0.118   18.747 v _084473_/Y (sky130_fd_sc_hd__nor4_4)
   0.174   18.921 v wire15668/X (sky130_fd_sc_hd__buf_6)
   0.137   19.058 ^ _084474_/Y (sky130_fd_sc_hd__nand3_4)
   0.213   19.271 ^ rebuffer19214/X (sky130_fd_sc_hd__buf_12)
   0.110   19.380 v _084475_/Y (sky130_fd_sc_hd__clkinv_16)
   0.346   19.726 ^ _084592_/Y (sky130_fd_sc_hd__o31ai_4)
   0.167   19.893 ^ rebuffer19274/X (sky130_fd_sc_hd__buf_4)
   0.301   20.194 ^ _084593_/X (sky130_fd_sc_hd__o21a_4)
   0.192   20.387 ^ wire14618/X (sky130_fd_sc_hd__buf_16)
   0.186   20.573 ^ load_slew14592/X (sky130_fd_sc_hd__buf_16)
   0.278   20.851 ^ wire14590/X (sky130_fd_sc_hd__buf_16)
   0.313   21.164 ^ load_slew14586/X (sky130_fd_sc_hd__buf_16)
   0.231   21.395 ^ load_slew14585/X (sky130_fd_sc_hd__buf_16)
   0.297   21.692 ^ load_slew14584/X (sky130_fd_sc_hd__buf_16)
   0.253   21.945 ^ load_slew14583/X (sky130_fd_sc_hd__buf_16)
   0.235   22.180 ^ load_slew14576/X (sky130_fd_sc_hd__buf_16)
   0.269   22.449 ^ load_slew14575/X (sky130_fd_sc_hd__buf_16)
   0.268   22.717 ^ load_slew14570/X (sky130_fd_sc_hd__buf_16)
   0.262   22.979 ^ load_slew14569/X (sky130_fd_sc_hd__buf_16)
   0.265   23.244 ^ load_slew14568/X (sky130_fd_sc_hd__buf_16)
   0.114   23.358 v _084599_/Y (sky130_fd_sc_hd__nor2_4)
   0.168   23.526 v load_slew12508/X (sky130_fd_sc_hd__clkbuf_16)
   0.164   23.691 v wire12507/X (sky130_fd_sc_hd__buf_16)
   0.194   23.885 v load_slew12506/X (sky130_fd_sc_hd__buf_12)
   0.167   24.053 v load_slew12355/X (sky130_fd_sc_hd__buf_16)
   0.184   24.236 v load_slew12354/X (sky130_fd_sc_hd__buf_16)
   0.169   24.406 v wire12343/X (sky130_fd_sc_hd__buf_16)
   0.192   24.598 v wire12342/X (sky130_fd_sc_hd__buf_16)
   0.176   24.774 v load_slew12341/X (sky130_fd_sc_hd__buf_16)
   0.205   24.979 v load_slew12340/X (sky130_fd_sc_hd__buf_16)
   0.168   25.147 v load_slew12339/X (sky130_fd_sc_hd__buf_16)
   0.173   25.320 v load_slew12319/X (sky130_fd_sc_hd__buf_16)
   0.180   25.500 v load_slew12318/X (sky130_fd_sc_hd__buf_16)
   0.159   25.659 v load_slew12317/X (sky130_fd_sc_hd__buf_16)
   0.194   25.853 v load_slew12316/X (sky130_fd_sc_hd__buf_16)
   0.198   26.051 v wire12315/X (sky130_fd_sc_hd__buf_16)
   0.171   26.222 v load_slew12314/X (sky130_fd_sc_hd__buf_16)
   0.160   26.382 v load_slew12313/X (sky130_fd_sc_hd__buf_16)
   0.186   26.568 v load_slew12311/X (sky130_fd_sc_hd__buf_16)
   0.182   26.750 v load_slew12310/X (sky130_fd_sc_hd__buf_8)
   0.183   26.933 ^ _097602_/Y (sky130_fd_sc_hd__a22oi_1)
   0.115   27.048 v _097604_/Y (sky130_fd_sc_hd__a21oi_1)
   0.724   27.772 v _097614_/X (sky130_fd_sc_hd__or4_1)
   0.878   28.650 ^ _097702_/Y (sky130_fd_sc_hd__a2111oi_2)
   0.302   28.952 ^ wire587/X (sky130_fd_sc_hd__buf_4)
   0.145   29.097 ^ wire586/X (sky130_fd_sc_hd__buf_6)
   0.129   29.227 ^ wire585/X (sky130_fd_sc_hd__buf_6)
   0.127   29.354 ^ wire584/X (sky130_fd_sc_hd__buf_6)
   0.128   29.481 ^ wire583/X (sky130_fd_sc_hd__buf_6)
   0.131   29.613 ^ wire582/X (sky130_fd_sc_hd__buf_6)
   1.439   31.052 v _097703_/Y (sky130_fd_sc_hd__nand3_2)
   0.374   31.425 v _204118_/D (sky130_fd_sc_hd__edfxtp_1)
           31.425   data arrival time

  10.000   10.000   clock core_clock (rise edge)
   4.421   14.421   clock network delay (propagated)
   0.000   14.421   clock reconvergence pessimism
           14.421 ^ _204118_/CLK (sky130_fd_sc_hd__edfxtp_1)
  -0.982   13.438   library setup time
           13.438   data required time
-----------------------------------------------------------
           13.438   data required time
          -31.425   data arrival time
-----------------------------------------------------------
          -17.987   slack (VIOLATED)


Startpoint: _202586_ (rising edge-triggered flip-flop clocked by core_clock)
Endpoint: _204131_ (rising edge-triggered flip-flop clocked by core_clock)
Path Group: core_clock
Path Type: max

   Delay     Time   Description
-----------------------------------------------------------
   0.000    0.000   clock core_clock (rise edge)
   4.431    4.431   clock network delay (propagated)
   0.000    4.431 ^ _202586_/CLK (sky130_fd_sc_hd__edfxtp_1)
   0.626    5.058 ^ _202586_/Q (sky130_fd_sc_hd__edfxtp_1)
   0.230    5.288 ^ load_slew17670/X (sky130_fd_sc_hd__buf_6)
   0.327    5.615 ^ _078764_/X (sky130_fd_sc_hd__and2_4)
   0.271    5.887 ^ wire17532/X (sky130_fd_sc_hd__buf_16)
   0.311    6.198 ^ load_slew17531/X (sky130_fd_sc_hd__buf_12)
   0.333    6.530 ^ wire17530/X (sky130_fd_sc_hd__buf_16)
   0.306    6.836 ^ load_slew17529/X (sky130_fd_sc_hd__buf_12)
   0.301    7.136 ^ load_slew17526/X (sky130_fd_sc_hd__buf_12)
   0.190    7.326 v _079342_/Y (sky130_fd_sc_hd__a22oi_1)
   0.261    7.587 ^ _079344_/Y (sky130_fd_sc_hd__a21oi_1)
   0.276    7.863 ^ _079351_/X (sky130_fd_sc_hd__or4_4)
   0.465    8.328 ^ _079365_/X (sky130_fd_sc_hd__o211a_4)
   0.263    8.592 ^ load_slew16866/X (sky130_fd_sc_hd__buf_12)
   0.266    8.858 v _079377_/Y (sky130_fd_sc_hd__nand2_2)
   0.545    9.403 ^ _079379_/Y (sky130_fd_sc_hd__a221oi_4)
   0.160    9.564 v _079380_/Y (sky130_fd_sc_hd__a21oi_1)
   0.367    9.930 v _079548_/X (sky130_fd_sc_hd__maj3_2)
   0.351   10.281 v _079550_/X (sky130_fd_sc_hd__maj3_2)
   0.330   10.611 v _079552_/X (sky130_fd_sc_hd__maj3_2)
   0.317   10.929 v _079554_/X (sky130_fd_sc_hd__maj3_2)
   0.352   11.281 v _079556_/X (sky130_fd_sc_hd__maj3_2)
   0.361   11.642 v _079558_/X (sky130_fd_sc_hd__maj3_2)
   0.325   11.967 v _079560_/X (sky130_fd_sc_hd__maj3_2)
   0.333   12.300 v _080629_/X (sky130_fd_sc_hd__maj3_2)
   0.162   12.462 v rebuffer19359/X (sky130_fd_sc_hd__buf_4)
   0.436   12.898 ^ _083336_/X (sky130_fd_sc_hd__xor2_4)
   0.254   13.152 ^ load_slew15893/X (sky130_fd_sc_hd__buf_8)
   0.198   13.350 ^ wire15892/X (sky130_fd_sc_hd__buf_16)
   0.488   13.838 v _084157_/Y (sky130_fd_sc_hd__o211ai_1)
   0.285   14.123 ^ _084158_/Y (sky130_fd_sc_hd__nand2_2)
   0.412   14.535 ^ _084159_/X (sky130_fd_sc_hd__and2_2)
   0.395   14.930 v _084160_/Y (sky130_fd_sc_hd__clkinv_1)
   0.329   15.259 ^ _084254_/Y (sky130_fd_sc_hd__a211oi_1)
   0.155   15.414 v _084255_/Y (sky130_fd_sc_hd__o221ai_1)
   0.218   15.632 ^ _084256_/Y (sky130_fd_sc_hd__a21oi_1)
   0.156   15.788 v _084415_/Y (sky130_fd_sc_hd__nand3_1)
   0.342   16.130 ^ _084416_/Y (sky130_fd_sc_hd__nor3_1)
   0.218   16.348 v _084417_/Y (sky130_fd_sc_hd__o221ai_1)
   0.584   16.932 ^ _084421_/Y (sky130_fd_sc_hd__a2111oi_0)
   0.402   17.334 v _084422_/Y (sky130_fd_sc_hd__o2111ai_1)
   0.483   17.817 ^ _084425_/Y (sky130_fd_sc_hd__nor4_2)
   0.206   18.023 v _084428_/Y (sky130_fd_sc_hd__o2111ai_1)
   0.318   18.341 ^ _084430_/Y (sky130_fd_sc_hd__nor3_1)
   0.288   18.628 ^ _084432_/X (sky130_fd_sc_hd__o2111a_1)
   0.118   18.747 v _084473_/Y (sky130_fd_sc_hd__nor4_4)
   0.174   18.921 v wire15668/X (sky130_fd_sc_hd__buf_6)
   0.137   19.058 ^ _084474_/Y (sky130_fd_sc_hd__nand3_4)
   0.213   19.271 ^ rebuffer19214/X (sky130_fd_sc_hd__buf_12)
   0.110   19.380 v _084475_/Y (sky130_fd_sc_hd__clkinv_16)
   0.346   19.726 ^ _084592_/Y (sky130_fd_sc_hd__o31ai_4)
   0.167   19.893 ^ rebuffer19274/X (sky130_fd_sc_hd__buf_4)
   0.301   20.194 ^ _084593_/X (sky130_fd_sc_hd__o21a_4)
   0.192   20.387 ^ wire14618/X (sky130_fd_sc_hd__buf_16)
   0.186   20.573 ^ load_slew14592/X (sky130_fd_sc_hd__buf_16)
   0.278   20.851 ^ wire14590/X (sky130_fd_sc_hd__buf_16)
   0.313   21.164 ^ load_slew14586/X (sky130_fd_sc_hd__buf_16)
   0.231   21.395 ^ load_slew14585/X (sky130_fd_sc_hd__buf_16)
   0.297   21.692 ^ load_slew14584/X (sky130_fd_sc_hd__buf_16)
   0.253   21.945 ^ load_slew14583/X (sky130_fd_sc_hd__buf_16)
   0.235   22.180 ^ load_slew14576/X (sky130_fd_sc_hd__buf_16)
   0.269   22.449 ^ load_slew14575/X (sky130_fd_sc_hd__buf_16)
   0.268   22.717 ^ load_slew14570/X (sky130_fd_sc_hd__buf_16)
   0.262   22.979 ^ load_slew14569/X (sky130_fd_sc_hd__buf_16)
   0.265   23.244 ^ load_slew14568/X (sky130_fd_sc_hd__buf_16)
   0.114   23.358 v _084599_/Y (sky130_fd_sc_hd__nor2_4)
   0.168   23.526 v load_slew12508/X (sky130_fd_sc_hd__clkbuf_16)
   0.164   23.691 v wire12507/X (sky130_fd_sc_hd__buf_16)
   0.194   23.885 v load_slew12506/X (sky130_fd_sc_hd__buf_12)
   0.167   24.053 v load_slew12355/X (sky130_fd_sc_hd__buf_16)
   0.184   24.236 v load_slew12354/X (sky130_fd_sc_hd__buf_16)
   0.169   24.406 v wire12343/X (sky130_fd_sc_hd__buf_16)
   0.173   24.579 v load_slew12297/X (sky130_fd_sc_hd__buf_16)
   0.155   24.734 v load_slew12296/X (sky130_fd_sc_hd__buf_16)
   0.197   24.931 v load_slew12289/X (sky130_fd_sc_hd__buf_16)
   0.174   25.105 v load_slew12288/X (sky130_fd_sc_hd__buf_16)
   0.153   25.258 v load_slew12285/X (sky130_fd_sc_hd__buf_16)
   0.210   25.469 v wire12283/X (sky130_fd_sc_hd__buf_16)
   0.171   25.639 v wire12282/X (sky130_fd_sc_hd__buf_16)
   0.173   25.812 v max_cap12281/X (sky130_fd_sc_hd__buf_16)
   0.198   26.010 v load_slew12280/X (sky130_fd_sc_hd__buf_16)
   0.176   26.186 v load_slew12278/X (sky130_fd_sc_hd__buf_16)
   0.188   26.373 v wire12273/X (sky130_fd_sc_hd__buf_16)
   0.179   26.552 v wire12272/X (sky130_fd_sc_hd__buf_16)
   0.158   26.710 v load_slew12271/X (sky130_fd_sc_hd__buf_16)
   0.181   26.891 v load_slew12270/X (sky130_fd_sc_hd__buf_16)
   0.184   27.075 v rebuffer19728/X (sky130_fd_sc_hd__buf_4)
   0.182   27.257 v rebuffer19727/X (sky130_fd_sc_hd__buf_4)
   0.164   27.422 v load_slew12268/X (sky130_fd_sc_hd__buf_16)
   0.163   27.585 ^ _093729_/Y (sky130_fd_sc_hd__a22oi_1)
   0.110   27.694 v _093731_/Y (sky130_fd_sc_hd__a21oi_1)
   0.593   28.287 ^ _093741_/Y (sky130_fd_sc_hd__o41ai_2)
   0.348   28.635 ^ wire6299/X (sky130_fd_sc_hd__buf_2)
   0.947   29.582 ^ _093755_/X (sky130_fd_sc_hd__o2111a_2)
   1.131   30.713 v _093979_/Y (sky130_fd_sc_hd__nand3_4)
   0.686   31.399 v _204131_/D (sky130_fd_sc_hd__edfxtp_1)
           31.399   data arrival time

  10.000   10.000   clock core_clock (rise edge)
   4.459   14.459   clock network delay (propagated)
   0.000   14.459   clock reconvergence pessimism
           14.459 ^ _204131_/CLK (sky130_fd_sc_hd__edfxtp_1)
  -0.889   13.571   library setup time
           13.571   data required time
-----------------------------------------------------------
           13.571   data required time
          -31.399   data arrival time
-----------------------------------------------------------
          -17.828   slack (VIOLATED)


Startpoint: _202586_ (rising edge-triggered flip-flop clocked by core_clock)
Endpoint: _204119_ (rising edge-triggered flip-flop clocked by core_clock)
Path Group: core_clock
Path Type: max

   Delay     Time   Description
-----------------------------------------------------------
   0.000    0.000   clock core_clock (rise edge)
   4.431    4.431   clock network delay (propagated)
   0.000    4.431 ^ _202586_/CLK (sky130_fd_sc_hd__edfxtp_1)
   0.626    5.058 ^ _202586_/Q (sky130_fd_sc_hd__edfxtp_1)
   0.230    5.288 ^ load_slew17670/X (sky130_fd_sc_hd__buf_6)
   0.327    5.615 ^ _078764_/X (sky130_fd_sc_hd__and2_4)
   0.271    5.887 ^ wire17532/X (sky130_fd_sc_hd__buf_16)
   0.311    6.198 ^ load_slew17531/X (sky130_fd_sc_hd__buf_12)
   0.333    6.530 ^ wire17530/X (sky130_fd_sc_hd__buf_16)
   0.306    6.836 ^ load_slew17529/X (sky130_fd_sc_hd__buf_12)
   0.301    7.136 ^ load_slew17526/X (sky130_fd_sc_hd__buf_12)
   0.190    7.326 v _079342_/Y (sky130_fd_sc_hd__a22oi_1)
   0.261    7.587 ^ _079344_/Y (sky130_fd_sc_hd__a21oi_1)
   0.276    7.863 ^ _079351_/X (sky130_fd_sc_hd__or4_4)
   0.465    8.328 ^ _079365_/X (sky130_fd_sc_hd__o211a_4)
   0.263    8.592 ^ load_slew16866/X (sky130_fd_sc_hd__buf_12)
   0.266    8.858 v _079377_/Y (sky130_fd_sc_hd__nand2_2)
   0.545    9.403 ^ _079379_/Y (sky130_fd_sc_hd__a221oi_4)
   0.160    9.564 v _079380_/Y (sky130_fd_sc_hd__a21oi_1)
   0.367    9.930 v _079548_/X (sky130_fd_sc_hd__maj3_2)
   0.351   10.281 v _079550_/X (sky130_fd_sc_hd__maj3_2)
   0.330   10.611 v _079552_/X (sky130_fd_sc_hd__maj3_2)
   0.317   10.929 v _079554_/X (sky130_fd_sc_hd__maj3_2)
   0.352   11.281 v _079556_/X (sky130_fd_sc_hd__maj3_2)
   0.361   11.642 v _079558_/X (sky130_fd_sc_hd__maj3_2)
   0.325   11.967 v _079560_/X (sky130_fd_sc_hd__maj3_2)
   0.333   12.300 v _080629_/X (sky130_fd_sc_hd__maj3_2)
   0.162   12.462 v rebuffer19359/X (sky130_fd_sc_hd__buf_4)
   0.436   12.898 ^ _083336_/X (sky130_fd_sc_hd__xor2_4)
   0.254   13.152 ^ load_slew15893/X (sky130_fd_sc_hd__buf_8)
   0.198   13.350 ^ wire15892/X (sky130_fd_sc_hd__buf_16)
   0.488   13.838 v _084157_/Y (sky130_fd_sc_hd__o211ai_1)
   0.285   14.123 ^ _084158_/Y (sky130_fd_sc_hd__nand2_2)
   0.412   14.535 ^ _084159_/X (sky130_fd_sc_hd__and2_2)
   0.395   14.930 v _084160_/Y (sky130_fd_sc_hd__clkinv_1)
   0.329   15.259 ^ _084254_/Y (sky130_fd_sc_hd__a211oi_1)
   0.155   15.414 v _084255_/Y (sky130_fd_sc_hd__o221ai_1)
   0.218   15.632 ^ _084256_/Y (sky130_fd_sc_hd__a21oi_1)
   0.156   15.788 v _084415_/Y (sky130_fd_sc_hd__nand3_1)
   0.342   16.130 ^ _084416_/Y (sky130_fd_sc_hd__nor3_1)
   0.218   16.348 v _084417_/Y (sky130_fd_sc_hd__o221ai_1)
   0.584   16.932 ^ _084421_/Y (sky130_fd_sc_hd__a2111oi_0)
   0.402   17.334 v _084422_/Y (sky130_fd_sc_hd__o2111ai_1)
   0.483   17.817 ^ _084425_/Y (sky130_fd_sc_hd__nor4_2)
   0.206   18.023 v _084428_/Y (sky130_fd_sc_hd__o2111ai_1)
   0.318   18.341 ^ _084430_/Y (sky130_fd_sc_hd__nor3_1)
   0.288   18.628 ^ _084432_/X (sky130_fd_sc_hd__o2111a_1)
   0.118   18.747 v _084473_/Y (sky130_fd_sc_hd__nor4_4)
   0.174   18.921 v wire15668/X (sky130_fd_sc_hd__buf_6)
   0.137   19.058 ^ _084474_/Y (sky130_fd_sc_hd__nand3_4)
   0.213   19.271 ^ rebuffer19214/X (sky130_fd_sc_hd__buf_12)
   0.133   19.403 ^ rebuffer19202/X (sky130_fd_sc_hd__buf_6)
   0.103   19.506 ^ rebuffer19174/X (sky130_fd_sc_hd__buf_12)
   0.087   19.593 v _084582_/Y (sky130_fd_sc_hd__a211oi_2)
   0.555   20.149 ^ _084587_/Y (sky130_fd_sc_hd__o21ai_4)
   0.279   20.428 ^ wire15344/X (sky130_fd_sc_hd__clkbuf_16)
   0.109   20.537 ^ rebuffer19595/X (sky130_fd_sc_hd__buf_12)
   0.100   20.637 ^ load_slew15238/X (sky130_fd_sc_hd__buf_16)
   0.106   20.743 ^ max_cap15237/X (sky130_fd_sc_hd__buf_16)
   0.144   20.888 ^ load_slew15236/X (sky130_fd_sc_hd__buf_16)
   0.125   21.012 ^ wire15235/X (sky130_fd_sc_hd__buf_16)
   0.111   21.123 ^ max_cap15234/X (sky130_fd_sc_hd__buf_16)
   0.112   21.236 ^ load_slew15096/X (sky130_fd_sc_hd__buf_16)
   0.127   21.362 ^ load_slew15095/X (sky130_fd_sc_hd__buf_16)
   0.147   21.509 ^ load_slew15094/X (sky130_fd_sc_hd__buf_16)
   0.132   21.641 ^ wire15093/X (sky130_fd_sc_hd__buf_16)
   0.125   21.766 ^ load_slew15092/X (sky130_fd_sc_hd__buf_16)
   0.128   21.894 ^ load_slew15066/X (sky130_fd_sc_hd__buf_16)
   0.125   22.019 ^ load_slew15063/X (sky130_fd_sc_hd__buf_16)
   0.120   22.140 ^ load_slew15062/X (sky130_fd_sc_hd__buf_16)
   0.123   22.262 ^ load_slew15060/X (sky130_fd_sc_hd__buf_16)
   0.109   22.371 ^ load_slew15059/X (sky130_fd_sc_hd__buf_16)
   0.110   22.481 ^ load_slew15058/X (sky130_fd_sc_hd__buf_12)
   0.118   22.599 ^ load_slew15036/X (sky130_fd_sc_hd__buf_16)
   0.132   22.732 ^ load_slew15035/X (sky130_fd_sc_hd__buf_16)
   0.141   22.872 ^ load_slew15034/X (sky130_fd_sc_hd__buf_16)
   0.128   23.001 ^ load_slew15032/X (sky130_fd_sc_hd__buf_16)
   0.119   23.119 ^ load_slew15031/X (sky130_fd_sc_hd__buf_16)
   0.123   23.243 ^ load_slew15029/X (sky130_fd_sc_hd__buf_16)
   0.124   23.367 ^ load_slew15028/X (sky130_fd_sc_hd__buf_16)
   0.115   23.482 ^ load_slew15027/X (sky130_fd_sc_hd__buf_16)
   0.117   23.599 ^ load_slew15025/X (sky130_fd_sc_hd__buf_16)
   0.106   23.705 ^ wire15024/X (sky130_fd_sc_hd__buf_16)
   0.135   23.839 ^ wire15023/X (sky130_fd_sc_hd__buf_16)
   0.082   23.921 v _084597_/Y (sky130_fd_sc_hd__nor2_4)
   0.158   24.079 v wire12914/X (sky130_fd_sc_hd__clkbuf_16)
   0.141   24.221 v max_cap12913/X (sky130_fd_sc_hd__buf_16)
   0.143   24.364 v load_slew12912/X (sky130_fd_sc_hd__buf_16)
   0.133   24.497 v load_slew12882/X (sky130_fd_sc_hd__buf_16)
   0.143   24.640 v wire12881/X (sky130_fd_sc_hd__buf_16)
   0.158   24.798 v wire12880/X (sky130_fd_sc_hd__buf_16)
   0.170   24.968 v load_slew12879/X (sky130_fd_sc_hd__buf_16)
   0.144   25.112 v wire12835/X (sky130_fd_sc_hd__buf_16)
   0.164   25.275 v wire12834/X (sky130_fd_sc_hd__buf_16)
   0.176   25.452 v load_slew12820/X (sky130_fd_sc_hd__buf_16)
   0.157   25.608 v load_slew12819/X (sky130_fd_sc_hd__buf_16)
   0.168   25.776 v wire12818/X (sky130_fd_sc_hd__buf_16)
   0.187   25.963 v load_slew12817/X (sky130_fd_sc_hd__buf_16)
   0.199   26.163 v load_slew12776/X (sky130_fd_sc_hd__buf_16)
   0.194   26.357 v load_slew12775/X (sky130_fd_sc_hd__buf_16)
   0.187   26.543 v load_slew12774/X (sky130_fd_sc_hd__buf_16)
   0.206   26.749 v load_slew12773/X (sky130_fd_sc_hd__buf_16)
   0.181   26.930 v load_slew12772/X (sky130_fd_sc_hd__buf_16)
   0.185   27.115 v load_slew12771/X (sky130_fd_sc_hd__buf_16)
   0.199   27.314 v load_slew12769/X (sky130_fd_sc_hd__buf_16)
   0.228   27.542 ^ _097172_/Y (sky130_fd_sc_hd__a22oi_1)
   0.106   27.648 v _097173_/Y (sky130_fd_sc_hd__a21oi_1)
   1.029   28.677 ^ _097183_/Y (sky130_fd_sc_hd__o41ai_2)
   0.443   29.120 v _097223_/Y (sky130_fd_sc_hd__a41oi_4)
   0.316   29.436 v wire593/X (sky130_fd_sc_hd__buf_16)
   1.229   30.665 v _097410_/Y (sky130_fd_sc_hd__nand4b_1)
   0.620   31.285 v wire79/X (sky130_fd_sc_hd__buf_16)
   0.231   31.516 v wire78/X (sky130_fd_sc_hd__buf_8)
   0.178   31.694 v _204119_/D (sky130_fd_sc_hd__edfxtp_1)
           31.694   data arrival time

  10.000   10.000   clock core_clock (rise edge)
   4.461   14.461   clock network delay (propagated)
   0.000   14.461   clock reconvergence pessimism
           14.461 ^ _204119_/CLK (sky130_fd_sc_hd__edfxtp_1)
  -0.378   14.083   library setup time
           14.083   data required time
-----------------------------------------------------------
           14.083   data required time
          -31.694   data arrival time
-----------------------------------------------------------
          -17.611   slack (VIOLATED)


Startpoint: _202586_ (rising edge-triggered flip-flop clocked by core_clock)
Endpoint: _204115_ (rising edge-triggered flip-flop clocked by core_clock)
Path Group: core_clock
Path Type: max

   Delay     Time   Description
-----------------------------------------------------------
   0.000    0.000   clock core_clock (rise edge)
   4.431    4.431   clock network delay (propagated)
   0.000    4.431 ^ _202586_/CLK (sky130_fd_sc_hd__edfxtp_1)
   0.626    5.058 ^ _202586_/Q (sky130_fd_sc_hd__edfxtp_1)
   0.230    5.288 ^ load_slew17670/X (sky130_fd_sc_hd__buf_6)
   0.327    5.615 ^ _078764_/X (sky130_fd_sc_hd__and2_4)
   0.271    5.887 ^ wire17532/X (sky130_fd_sc_hd__buf_16)
   0.311    6.198 ^ load_slew17531/X (sky130_fd_sc_hd__buf_12)
   0.333    6.530 ^ wire17530/X (sky130_fd_sc_hd__buf_16)
   0.306    6.836 ^ load_slew17529/X (sky130_fd_sc_hd__buf_12)
   0.301    7.136 ^ load_slew17526/X (sky130_fd_sc_hd__buf_12)
   0.190    7.326 v _079342_/Y (sky130_fd_sc_hd__a22oi_1)
   0.261    7.587 ^ _079344_/Y (sky130_fd_sc_hd__a21oi_1)
   0.276    7.863 ^ _079351_/X (sky130_fd_sc_hd__or4_4)
   0.465    8.328 ^ _079365_/X (sky130_fd_sc_hd__o211a_4)
   0.263    8.592 ^ load_slew16866/X (sky130_fd_sc_hd__buf_12)
   0.266    8.858 v _079377_/Y (sky130_fd_sc_hd__nand2_2)
   0.545    9.403 ^ _079379_/Y (sky130_fd_sc_hd__a221oi_4)
   0.160    9.564 v _079380_/Y (sky130_fd_sc_hd__a21oi_1)
   0.367    9.930 v _079548_/X (sky130_fd_sc_hd__maj3_2)
   0.351   10.281 v _079550_/X (sky130_fd_sc_hd__maj3_2)
   0.330   10.611 v _079552_/X (sky130_fd_sc_hd__maj3_2)
   0.317   10.929 v _079554_/X (sky130_fd_sc_hd__maj3_2)
   0.352   11.281 v _079556_/X (sky130_fd_sc_hd__maj3_2)
   0.361   11.642 v _079558_/X (sky130_fd_sc_hd__maj3_2)
   0.325   11.967 v _079560_/X (sky130_fd_sc_hd__maj3_2)
   0.333   12.300 v _080629_/X (sky130_fd_sc_hd__maj3_2)
   0.162   12.462 v rebuffer19359/X (sky130_fd_sc_hd__buf_4)
   0.436   12.898 ^ _083336_/X (sky130_fd_sc_hd__xor2_4)
   0.254   13.152 ^ load_slew15893/X (sky130_fd_sc_hd__buf_8)
   0.198   13.350 ^ wire15892/X (sky130_fd_sc_hd__buf_16)
   0.488   13.838 v _084157_/Y (sky130_fd_sc_hd__o211ai_1)
   0.285   14.123 ^ _084158_/Y (sky130_fd_sc_hd__nand2_2)
   0.412   14.535 ^ _084159_/X (sky130_fd_sc_hd__and2_2)
   0.395   14.930 v _084160_/Y (sky130_fd_sc_hd__clkinv_1)
   0.329   15.259 ^ _084254_/Y (sky130_fd_sc_hd__a211oi_1)
   0.155   15.414 v _084255_/Y (sky130_fd_sc_hd__o221ai_1)
   0.218   15.632 ^ _084256_/Y (sky130_fd_sc_hd__a21oi_1)
   0.156   15.788 v _084415_/Y (sky130_fd_sc_hd__nand3_1)
   0.342   16.130 ^ _084416_/Y (sky130_fd_sc_hd__nor3_1)
   0.218   16.348 v _084417_/Y (sky130_fd_sc_hd__o221ai_1)
   0.584   16.932 ^ _084421_/Y (sky130_fd_sc_hd__a2111oi_0)
   0.402   17.334 v _084422_/Y (sky130_fd_sc_hd__o2111ai_1)
   0.483   17.817 ^ _084425_/Y (sky130_fd_sc_hd__nor4_2)
   0.206   18.023 v _084428_/Y (sky130_fd_sc_hd__o2111ai_1)
   0.318   18.341 ^ _084430_/Y (sky130_fd_sc_hd__nor3_1)
   0.288   18.628 ^ _084432_/X (sky130_fd_sc_hd__o2111a_1)
   0.118   18.747 v _084473_/Y (sky130_fd_sc_hd__nor4_4)
   0.174   18.921 v wire15668/X (sky130_fd_sc_hd__buf_6)
   0.137   19.058 ^ _084474_/Y (sky130_fd_sc_hd__nand3_4)
   0.213   19.271 ^ rebuffer19214/X (sky130_fd_sc_hd__buf_12)
   0.110   19.380 v _084475_/Y (sky130_fd_sc_hd__clkinv_16)
   0.346   19.726 ^ _084592_/Y (sky130_fd_sc_hd__o31ai_4)
   0.225   19.951 v _084594_/Y (sky130_fd_sc_hd__o21ai_4)
   0.234   20.185 v wire14411/X (sky130_fd_sc_hd__clkbuf_16)
   0.145   20.330 v wire14377/X (sky130_fd_sc_hd__buf_16)
   0.139   20.469 v wire14328/X (sky130_fd_sc_hd__buf_16)
   0.142   20.611 v load_slew14325/X (sky130_fd_sc_hd__buf_16)
   0.134   20.745 v load_slew14270/X (sky130_fd_sc_hd__buf_16)
   0.134   20.879 v wire14269/X (sky130_fd_sc_hd__buf_16)
   0.136   21.014 v load_slew14268/X (sky130_fd_sc_hd__buf_16)
   0.134   21.149 v load_slew14267/X (sky130_fd_sc_hd__buf_16)
   0.127   21.276 v load_slew14235/X (sky130_fd_sc_hd__buf_16)
   0.130   21.406 v load_slew14234/X (sky130_fd_sc_hd__buf_16)
   0.140   21.545 v wire14222/X (sky130_fd_sc_hd__buf_16)
   0.140   21.685 v wire14220/X (sky130_fd_sc_hd__buf_16)
   0.137   21.822 v wire14219/X (sky130_fd_sc_hd__buf_16)
   0.134   21.956 v load_slew14218/X (sky130_fd_sc_hd__buf_16)
   0.130   22.086 v load_slew14217/X (sky130_fd_sc_hd__buf_16)
   0.131   22.217 v load_slew14215/X (sky130_fd_sc_hd__buf_16)
   0.140   22.357 v load_slew14206/X (sky130_fd_sc_hd__buf_16)
   0.138   22.495 v load_slew14205/X (sky130_fd_sc_hd__buf_16)
   0.134   22.629 v load_slew14204/X (sky130_fd_sc_hd__buf_16)
   0.144   22.773 v load_slew14202/X (sky130_fd_sc_hd__buf_16)
   0.141   22.914 v load_slew14195/X (sky130_fd_sc_hd__buf_16)
   0.133   23.046 v load_slew14186/X (sky130_fd_sc_hd__buf_16)
   0.128   23.175 v load_slew14185/X (sky130_fd_sc_hd__buf_12)
   0.128   23.302 v wire14184/X (sky130_fd_sc_hd__buf_16)
   0.125   23.428 v wire14181/X (sky130_fd_sc_hd__buf_16)
   0.128   23.556 v load_slew14180/X (sky130_fd_sc_hd__buf_16)
   0.132   23.688 v load_slew14179/X (sky130_fd_sc_hd__buf_16)
   0.131   23.819 v wire14175/X (sky130_fd_sc_hd__buf_16)
   0.130   23.949 v load_slew14173/X (sky130_fd_sc_hd__buf_16)
   0.133   24.083 v load_slew14172/X (sky130_fd_sc_hd__buf_16)
   0.130   24.213 v load_slew14170/X (sky130_fd_sc_hd__buf_16)
   0.119   24.333 v load_slew14169/X (sky130_fd_sc_hd__buf_12)
   0.122   24.454 v load_slew14168/X (sky130_fd_sc_hd__buf_12)
   0.128   24.583 v load_slew14167/X (sky130_fd_sc_hd__buf_16)
   0.212   24.795 ^ _084597_/Y (sky130_fd_sc_hd__nor2_4)
   0.194   24.989 ^ wire12914/X (sky130_fd_sc_hd__clkbuf_16)
   0.127   25.116 ^ max_cap12913/X (sky130_fd_sc_hd__buf_16)
   0.133   25.249 ^ load_slew12912/X (sky130_fd_sc_hd__buf_16)
   0.115   25.364 ^ load_slew12882/X (sky130_fd_sc_hd__buf_16)
   0.133   25.498 ^ wire12881/X (sky130_fd_sc_hd__buf_16)
   0.157   25.655 ^ wire12880/X (sky130_fd_sc_hd__buf_16)
   0.168   25.823 ^ load_slew12879/X (sky130_fd_sc_hd__buf_16)
   0.130   25.953 ^ wire12835/X (sky130_fd_sc_hd__buf_16)
   0.176   26.129 ^ wire12834/X (sky130_fd_sc_hd__buf_16)
   0.162   26.291 ^ load_slew12820/X (sky130_fd_sc_hd__buf_16)
   0.159   26.450 ^ load_slew12819/X (sky130_fd_sc_hd__buf_16)
   0.172   26.622 ^ wire12818/X (sky130_fd_sc_hd__buf_16)
   0.197   26.820 ^ load_slew12817/X (sky130_fd_sc_hd__buf_16)
   0.206   27.025 ^ load_slew12816/X (sky130_fd_sc_hd__buf_16)
   0.199   27.224 ^ wire12815/X (sky130_fd_sc_hd__buf_16)
   0.224   27.448 ^ wire12813/X (sky130_fd_sc_hd__buf_16)
   0.187   27.635 ^ load_slew12811/X (sky130_fd_sc_hd__buf_16)
   0.197   27.832 ^ load_slew12790/X (sky130_fd_sc_hd__buf_16)
   0.179   28.011 ^ _098325_/X (sky130_fd_sc_hd__a22o_1)
   0.147   28.158 v _098326_/Y (sky130_fd_sc_hd__o21ai_0)
   0.790   28.948 ^ _098341_/Y (sky130_fd_sc_hd__a31oi_4)
   0.283   29.231 ^ wire6266/X (sky130_fd_sc_hd__buf_16)
   1.172   30.403 ^ _098498_/X (sky130_fd_sc_hd__or4_1)
   0.659   31.061 ^ _098501_/X (sky130_fd_sc_hd__or4_2)
   0.284   31.345 ^ wire74/X (sky130_fd_sc_hd__buf_12)
   0.387   31.732 ^ _204115_/D (sky130_fd_sc_hd__edfxtp_1)
           31.732   data arrival time

  10.000   10.000   clock core_clock (rise edge)
   4.462   14.462   clock network delay (propagated)
   0.000   14.462   clock reconvergence pessimism
           14.462 ^ _204115_/CLK (sky130_fd_sc_hd__edfxtp_1)
  -0.310   14.153   library setup time
           14.153   data required time
-----------------------------------------------------------
           14.153   data required time
          -31.732   data arrival time
-----------------------------------------------------------
          -17.579   slack (VIOLATED)


Startpoint: _202586_ (rising edge-triggered flip-flop clocked by core_clock)
Endpoint: _204105_ (rising edge-triggered flip-flop clocked by core_clock)
Path Group: core_clock
Path Type: max

   Delay     Time   Description
-----------------------------------------------------------
   0.000    0.000   clock core_clock (rise edge)
   4.431    4.431   clock network delay (propagated)
   0.000    4.431 ^ _202586_/CLK (sky130_fd_sc_hd__edfxtp_1)
   0.626    5.058 ^ _202586_/Q (sky130_fd_sc_hd__edfxtp_1)
   0.230    5.288 ^ load_slew17670/X (sky130_fd_sc_hd__buf_6)
   0.327    5.615 ^ _078764_/X (sky130_fd_sc_hd__and2_4)
   0.271    5.887 ^ wire17532/X (sky130_fd_sc_hd__buf_16)
   0.311    6.198 ^ load_slew17531/X (sky130_fd_sc_hd__buf_12)
   0.333    6.530 ^ wire17530/X (sky130_fd_sc_hd__buf_16)
   0.306    6.836 ^ load_slew17529/X (sky130_fd_sc_hd__buf_12)
   0.301    7.136 ^ load_slew17526/X (sky130_fd_sc_hd__buf_12)
   0.190    7.326 v _079342_/Y (sky130_fd_sc_hd__a22oi_1)
   0.261    7.587 ^ _079344_/Y (sky130_fd_sc_hd__a21oi_1)
   0.276    7.863 ^ _079351_/X (sky130_fd_sc_hd__or4_4)
   0.465    8.328 ^ _079365_/X (sky130_fd_sc_hd__o211a_4)
   0.263    8.592 ^ load_slew16866/X (sky130_fd_sc_hd__buf_12)
   0.266    8.858 v _079377_/Y (sky130_fd_sc_hd__nand2_2)
   0.545    9.403 ^ _079379_/Y (sky130_fd_sc_hd__a221oi_4)
   0.160    9.564 v _079380_/Y (sky130_fd_sc_hd__a21oi_1)
   0.367    9.930 v _079548_/X (sky130_fd_sc_hd__maj3_2)
   0.351   10.281 v _079550_/X (sky130_fd_sc_hd__maj3_2)
   0.330   10.611 v _079552_/X (sky130_fd_sc_hd__maj3_2)
   0.317   10.929 v _079554_/X (sky130_fd_sc_hd__maj3_2)
   0.352   11.281 v _079556_/X (sky130_fd_sc_hd__maj3_2)
   0.361   11.642 v _079558_/X (sky130_fd_sc_hd__maj3_2)
   0.325   11.967 v _079560_/X (sky130_fd_sc_hd__maj3_2)
   0.333   12.300 v _080629_/X (sky130_fd_sc_hd__maj3_2)
   0.162   12.462 v rebuffer19359/X (sky130_fd_sc_hd__buf_4)
   0.436   12.898 ^ _083336_/X (sky130_fd_sc_hd__xor2_4)
   0.254   13.152 ^ load_slew15893/X (sky130_fd_sc_hd__buf_8)
   0.198   13.350 ^ wire15892/X (sky130_fd_sc_hd__buf_16)
   0.488   13.838 v _084157_/Y (sky130_fd_sc_hd__o211ai_1)
   0.285   14.123 ^ _084158_/Y (sky130_fd_sc_hd__nand2_2)
   0.412   14.535 ^ _084159_/X (sky130_fd_sc_hd__and2_2)
   0.395   14.930 v _084160_/Y (sky130_fd_sc_hd__clkinv_1)
   0.329   15.259 ^ _084254_/Y (sky130_fd_sc_hd__a211oi_1)
   0.155   15.414 v _084255_/Y (sky130_fd_sc_hd__o221ai_1)
   0.218   15.632 ^ _084256_/Y (sky130_fd_sc_hd__a21oi_1)
   0.156   15.788 v _084415_/Y (sky130_fd_sc_hd__nand3_1)
   0.342   16.130 ^ _084416_/Y (sky130_fd_sc_hd__nor3_1)
   0.218   16.348 v _084417_/Y (sky130_fd_sc_hd__o221ai_1)
   0.584   16.932 ^ _084421_/Y (sky130_fd_sc_hd__a2111oi_0)
   0.402   17.334 v _084422_/Y (sky130_fd_sc_hd__o2111ai_1)
   0.483   17.817 ^ _084425_/Y (sky130_fd_sc_hd__nor4_2)
   0.206   18.023 v _084428_/Y (sky130_fd_sc_hd__o2111ai_1)
   0.318   18.341 ^ _084430_/Y (sky130_fd_sc_hd__nor3_1)
   0.288   18.628 ^ _084432_/X (sky130_fd_sc_hd__o2111a_1)
   0.118   18.747 v _084473_/Y (sky130_fd_sc_hd__nor4_4)
   0.174   18.921 v wire15668/X (sky130_fd_sc_hd__buf_6)
   0.137   19.058 ^ _084474_/Y (sky130_fd_sc_hd__nand3_4)
   0.213   19.271 ^ rebuffer19214/X (sky130_fd_sc_hd__buf_12)
   0.110   19.380 v _084475_/Y (sky130_fd_sc_hd__clkinv_16)
   0.346   19.726 ^ _084592_/Y (sky130_fd_sc_hd__o31ai_4)
   0.167   19.893 ^ rebuffer19274/X (sky130_fd_sc_hd__buf_4)
   0.301   20.194 ^ _084593_/X (sky130_fd_sc_hd__o21a_4)
   0.192   20.387 ^ wire14618/X (sky130_fd_sc_hd__buf_16)
   0.186   20.573 ^ load_slew14592/X (sky130_fd_sc_hd__buf_16)
   0.278   20.851 ^ wire14590/X (sky130_fd_sc_hd__buf_16)
   0.313   21.164 ^ load_slew14586/X (sky130_fd_sc_hd__buf_16)
   0.231   21.395 ^ load_slew14585/X (sky130_fd_sc_hd__buf_16)
   0.297   21.692 ^ load_slew14584/X (sky130_fd_sc_hd__buf_16)
   0.253   21.945 ^ load_slew14583/X (sky130_fd_sc_hd__buf_16)
   0.235   22.180 ^ load_slew14576/X (sky130_fd_sc_hd__buf_16)
   0.269   22.449 ^ load_slew14575/X (sky130_fd_sc_hd__buf_16)
   0.268   22.717 ^ load_slew14570/X (sky130_fd_sc_hd__buf_16)
   0.262   22.979 ^ load_slew14569/X (sky130_fd_sc_hd__buf_16)
   0.265   23.244 ^ load_slew14568/X (sky130_fd_sc_hd__buf_16)
   0.114   23.358 v _084599_/Y (sky130_fd_sc_hd__nor2_4)
   0.168   23.526 v load_slew12508/X (sky130_fd_sc_hd__clkbuf_16)
   0.164   23.691 v wire12507/X (sky130_fd_sc_hd__buf_16)
   0.194   23.885 v load_slew12506/X (sky130_fd_sc_hd__buf_12)
   0.167   24.053 v load_slew12355/X (sky130_fd_sc_hd__buf_16)
   0.184   24.236 v load_slew12354/X (sky130_fd_sc_hd__buf_16)
   0.169   24.406 v wire12343/X (sky130_fd_sc_hd__buf_16)
   0.192   24.598 v wire12342/X (sky130_fd_sc_hd__buf_16)
   0.176   24.774 v load_slew12341/X (sky130_fd_sc_hd__buf_16)
   0.205   24.979 v load_slew12340/X (sky130_fd_sc_hd__buf_16)
   0.168   25.147 v load_slew12339/X (sky130_fd_sc_hd__buf_16)
   0.173   25.320 v load_slew12319/X (sky130_fd_sc_hd__buf_16)
   0.180   25.500 v load_slew12318/X (sky130_fd_sc_hd__buf_16)
   0.159   25.659 v load_slew12317/X (sky130_fd_sc_hd__buf_16)
   0.194   25.853 v load_slew12316/X (sky130_fd_sc_hd__buf_16)
   0.198   26.051 v wire12315/X (sky130_fd_sc_hd__buf_16)
   0.171   26.222 v load_slew12314/X (sky130_fd_sc_hd__buf_16)
   0.160   26.382 v load_slew12313/X (sky130_fd_sc_hd__buf_16)
   0.186   26.568 v load_slew12311/X (sky130_fd_sc_hd__buf_16)
   0.197   26.766 v wire12309/X (sky130_fd_sc_hd__buf_16)
   0.220   26.986 v wire12300/X (sky130_fd_sc_hd__buf_16)
   0.158   27.144 ^ _101162_/Y (sky130_fd_sc_hd__a22oi_1)
   0.113   27.257 v _101164_/Y (sky130_fd_sc_hd__a21oi_1)
   0.634   27.891 ^ _101174_/Y (sky130_fd_sc_hd__o41ai_2)
   0.338   28.228 ^ wire6225/X (sky130_fd_sc_hd__buf_2)
   0.163   28.391 ^ wire6224/X (sky130_fd_sc_hd__buf_6)
   0.951   29.343 ^ _101303_/X (sky130_fd_sc_hd__o2111a_2)
   1.287   30.630 v _101306_/Y (sky130_fd_sc_hd__nand4_1)
   0.575   31.205 v wire56/X (sky130_fd_sc_hd__buf_16)
   0.242   31.447 v wire55/X (sky130_fd_sc_hd__buf_8)
   0.147   31.594 v _204105_/D (sky130_fd_sc_hd__edfxtp_1)
           31.594   data arrival time

  10.000   10.000   clock core_clock (rise edge)
   4.419   14.419   clock network delay (propagated)
   0.000   14.419   clock reconvergence pessimism
           14.419 ^ _204105_/CLK (sky130_fd_sc_hd__edfxtp_1)
  -0.360   14.059   library setup time
           14.059   data required time
-----------------------------------------------------------
           14.059   data required time
          -31.594   data arrival time
-----------------------------------------------------------
          -17.534   slack (VIOLATED)


Startpoint: rst_ni (input port clocked by core_clock)
Endpoint: _204514_ (recovery check against rising-edge clock core_clock)
Path Group: asynchronous
Path Type: max

   Delay     Time   Description
-----------------------------------------------------------
   0.000    0.000   clock core_clock (rise edge)
   0.000    0.000   clock network delay (propagated)
   2.000    2.000 ^ input external delay
   0.000    2.000 ^ rst_ni (in)
   0.575    2.575 ^ hold19929/X (sky130_fd_sc_hd__dlygate4sd3_1)
   0.612    3.187 ^ hold19927/X (sky130_fd_sc_hd__dlygate4sd3_1)
   0.706    3.892 ^ hold19930/X (sky130_fd_sc_hd__dlygate4sd3_1)
   0.141    4.033 ^ hold19926/X (sky130_fd_sc_hd__buf_16)
   0.679    4.712 ^ hold19931/X (sky130_fd_sc_hd__dlygate4sd3_1)
   0.318    5.030 ^ hold19928/X (sky130_fd_sc_hd__buf_16)
   0.468    5.499 ^ wire17807/X (sky130_fd_sc_hd__buf_16)
   0.621    6.119 ^ wire17806/X (sky130_fd_sc_hd__buf_16)
   0.642    6.761 ^ wire17805/X (sky130_fd_sc_hd__buf_16)
   0.603    7.365 ^ wire17804/X (sky130_fd_sc_hd__buf_16)
   0.746    8.111 ^ wire17803/X (sky130_fd_sc_hd__buf_16)
   0.162    8.273 ^ _204514_/RESET_B (sky130_fd_sc_hd__dfrtp_1)
            8.273   data arrival time

  10.000   10.000   clock core_clock (rise edge)
   4.518   14.518   clock network delay (propagated)
   0.000   14.518   clock reconvergence pessimism
           14.518 ^ _204514_/CLK (sky130_fd_sc_hd__dfrtp_1)
   0.052   14.570   library recovery time
           14.570   data required time
-----------------------------------------------------------
           14.570   data required time
           -8.273   data arrival time
-----------------------------------------------------------
            6.297   slack (MET)


Startpoint: fetch_enable_i[0] (input port clocked by core_clock)
Endpoint: _204264_ (rising edge-triggered flip-flop clocked by core_clock)
Path Group: core_clock
Path Type: min

   Delay     Time   Description
-----------------------------------------------------------
   0.000    0.000   clock core_clock (rise edge)
   0.000    0.000   clock network delay (propagated)
   2.000    2.000 v input external delay
   0.000    2.000 v fetch_enable_i[0] (in)
   0.384    2.384 ^ _084233_/Y (sky130_fd_sc_hd__nand3_1)
   0.291    2.676 v _084499_/Y (sky130_fd_sc_hd__nor2_1)
   0.003    2.679 v _204264_/D (sky130_fd_sc_hd__dfrtp_1)
            2.679   data arrival time

   0.000    0.000   clock core_clock (rise edge)
   4.529    4.529   clock network delay (propagated)
   0.000    4.529   clock reconvergence pessimism
            4.529 ^ _204264_/CLK (sky130_fd_sc_hd__dfrtp_1)
  -0.114    4.415   library hold time
            4.415   data required time
-----------------------------------------------------------
            4.415   data required time
           -2.679   data arrival time
-----------------------------------------------------------
           -1.737   slack (VIOLATED)


max slew

Pin                                     Limit     Slew    Slack
---------------------------------------------------------------
ANTENNA_96/DIODE                        1.500    2.384   -0.884 (VIOLATED)
ANTENNA_94/DIODE                        1.500    2.384   -0.884 (VIOLATED)
ANTENNA_92/DIODE                        1.500    2.384   -0.884 (VIOLATED)
ANTENNA_95/DIODE                        1.500    2.384   -0.884 (VIOLATED)
ANTENNA_90/DIODE                        1.500    2.384   -0.884 (VIOLATED)
ANTENNA_93/DIODE                        1.500    2.384   -0.884 (VIOLATED)
ANTENNA_91/DIODE                        1.500    2.384   -0.884 (VIOLATED)
ANTENNA_88/DIODE                        1.500    2.384   -0.884 (VIOLATED)
ANTENNA_89/DIODE                        1.500    2.384   -0.884 (VIOLATED)
ANTENNA_87/DIODE                        1.500    2.384   -0.884 (VIOLATED)
_204118_/D                              1.500    2.384   -0.884 (VIOLATED)
ANTENNA_86/DIODE                        1.500    2.384   -0.884 (VIOLATED)
_097703_/Y                              1.498    2.285   -0.787 (VIOLATED)
_110938_/Y                              1.496    2.135   -0.640 (VIOLATED)
_111038_/A2                             1.500    2.139   -0.639 (VIOLATED)
_126597_/Y                              1.486    2.094   -0.607 (VIOLATED)
_126598_/D                              1.500    2.094   -0.594 (VIOLATED)
ANTENNA_108/DIODE                       1.500    2.067   -0.567 (VIOLATED)
ANTENNA_1959/DIODE                      1.500    2.067   -0.567 (VIOLATED)
ANTENNA_1957/DIODE                      1.500    2.067   -0.567 (VIOLATED)
ANTENNA_1955/DIODE                      1.500    2.067   -0.567 (VIOLATED)
_204131_/D                              1.500    2.067   -0.567 (VIOLATED)
ANTENNA_1956/DIODE                      1.500    2.067   -0.567 (VIOLATED)
ANTENNA_1958/DIODE                      1.500    2.067   -0.567 (VIOLATED)
ANTENNA_1960/DIODE                      1.500    2.067   -0.567 (VIOLATED)
ANTENNA_1961/DIODE                      1.500    2.066   -0.566 (VIOLATED)
ANTENNA_1963/DIODE                      1.500    2.066   -0.566 (VIOLATED)
ANTENNA_1964/DIODE                      1.500    2.066   -0.566 (VIOLATED)
ANTENNA_1962/DIODE                      1.500    2.066   -0.566 (VIOLATED)
ANTENNA_1965/DIODE                      1.500    2.066   -0.566 (VIOLATED)
_185048_/DE                             1.500    2.002   -0.502 (VIOLATED)
ANTENNA_159/DIODE                       1.500    2.002   -0.502 (VIOLATED)
_111607_/D                              1.500    1.950   -0.450 (VIOLATED)
ANTENNA_572/DIODE                       1.500    1.950   -0.450 (VIOLATED)
ANTENNA_2096/DIODE                      1.500    1.950   -0.450 (VIOLATED)
_135865_/Y                              1.760    2.202   -0.441 (VIOLATED)
_139212_/Y                              1.496    1.937   -0.441 (VIOLATED)
_111606_/X                              1.505    1.944   -0.440 (VIOLATED)
_135755_/Y                              1.760    2.191   -0.431 (VIOLATED)
ANTENNA_567/DIODE                       1.500    1.910   -0.410 (VIOLATED)
ANTENNA_566/DIODE                       1.500    1.910   -0.410 (VIOLATED)
ANTENNA_564/DIODE                       1.500    1.910   -0.410 (VIOLATED)
_108607_/A3                             1.500    1.910   -0.410 (VIOLATED)
ANTENNA_565/DIODE                       1.500    1.910   -0.410 (VIOLATED)
_139767_/B                              1.500    1.906   -0.406 (VIOLATED)
_096300_/Y                              1.496    1.902   -0.406 (VIOLATED)
_140324_/A                              1.500    1.903   -0.403 (VIOLATED)
_204123_/D                              1.500    1.903   -0.403 (VIOLATED)
_108586_/X                              1.507    1.908   -0.402 (VIOLATED)
_139766_/Y                              1.495    1.839   -0.344 (VIOLATED)
_141009_/A                              1.500    1.839   -0.339 (VIOLATED)
_143792_/B                              1.500    1.839   -0.339 (VIOLATED)
ANTENNA_417/DIODE                       1.500    1.793   -0.293 (VIOLATED)
_091355_/A                              1.500    1.793   -0.293 (VIOLATED)
ANTENNA_2027/DIODE                      1.500    1.793   -0.293 (VIOLATED)
_091230_/Y                              1.496    1.787   -0.291 (VIOLATED)
_095698_/Y                              1.493    1.720   -0.227 (VIOLATED)
ANTENNA_2709/DIODE                      1.500    1.720   -0.220 (VIOLATED)
_095704_/A_N                            1.500    1.720   -0.220 (VIOLATED)
ANTENNA_437/DIODE                       1.500    1.720   -0.220 (VIOLATED)
ANTENNA_3837/DIODE                      1.500    1.720   -0.220 (VIOLATED)
ANTENNA_3836/DIODE                      1.500    1.720   -0.220 (VIOLATED)
ANTENNA_3983/DIODE                      1.500    1.720   -0.220 (VIOLATED)
ANTENNA_2710/DIODE                      1.500    1.720   -0.220 (VIOLATED)
_110779_/Y                              1.495    1.652   -0.157 (VIOLATED)
_110784_/A                              1.500    1.655   -0.155 (VIOLATED)
ANTENNA_570/DIODE                       1.500    1.655   -0.155 (VIOLATED)
_135790_/Y                              1.760    1.900   -0.139 (VIOLATED)
_135940_/Y                              1.760    1.893   -0.133 (VIOLATED)
ANTENNA_772/DIODE                       1.500    1.625   -0.125 (VIOLATED)
_093979_/Y                              1.500    1.605   -0.105 (VIOLATED)
_104546_/Y                              1.496    1.584   -0.088 (VIOLATED)
ANTENNA_82/DIODE                        1.500    1.587   -0.087 (VIOLATED)
ANTENNA_81/DIODE                        1.500    1.587   -0.087 (VIOLATED)
ANTENNA_79/DIODE                        1.500    1.587   -0.087 (VIOLATED)
_204093_/D                              1.500    1.587   -0.087 (VIOLATED)
ANTENNA_78/DIODE                        1.500    1.587   -0.087 (VIOLATED)
ANTENNA_80/DIODE                        1.500    1.587   -0.087 (VIOLATED)
_110520_/Y                              1.490    1.555   -0.065 (VIOLATED)
_110522_/C                              1.500    1.555   -0.055 (VIOLATED)
_129980_/Y                              1.487    1.541   -0.054 (VIOLATED)
ANTENNA_2429/DIODE                      1.500    1.553   -0.053 (VIOLATED)
ANTENNA_2432/DIODE                      1.500    1.553   -0.053 (VIOLATED)
ANTENNA_2426/DIODE                      1.500    1.553   -0.053 (VIOLATED)
ANTENNA_54/DIODE                        1.500    1.553   -0.053 (VIOLATED)
ANTENNA_57/DIODE                        1.500    1.553   -0.053 (VIOLATED)
ANTENNA_2431/DIODE                      1.500    1.553   -0.053 (VIOLATED)
ANTENNA_56/DIODE                        1.500    1.553   -0.053 (VIOLATED)
ANTENNA_2430/DIODE                      1.500    1.553   -0.053 (VIOLATED)
ANTENNA_2428/DIODE                      1.500    1.553   -0.053 (VIOLATED)
ANTENNA_2427/DIODE                      1.500    1.553   -0.053 (VIOLATED)
ANTENNA_55/DIODE                        1.500    1.553   -0.053 (VIOLATED)
ANTENNA_53/DIODE                        1.500    1.553   -0.053 (VIOLATED)
ANTENNA_52/DIODE                        1.500    1.553   -0.053 (VIOLATED)
ANTENNA_49/DIODE                        1.500    1.553   -0.053 (VIOLATED)
_204080_/D                              1.500    1.553   -0.053 (VIOLATED)
ANTENNA_48/DIODE                        1.500    1.553   -0.053 (VIOLATED)
ANTENNA_50/DIODE                        1.500    1.553   -0.053 (VIOLATED)
ANTENNA_51/DIODE                        1.500    1.553   -0.053 (VIOLATED)
_135086_/X                              1.495    1.547   -0.052 (VIOLATED)
_108281_/X                              1.503    1.552   -0.049 (VIOLATED)
_135089_/B                              1.500    1.547   -0.047 (VIOLATED)
_130066_/C1                             1.500    1.541   -0.041 (VIOLATED)
_095704_/Y                              1.492    1.524   -0.032 (VIOLATED)
ANTENNA_634/DIODE                       1.500    1.531   -0.031 (VIOLATED)
ANTENNA_635/DIODE                       1.500    1.531   -0.031 (VIOLATED)
ANTENNA_633/DIODE                       1.500    1.531   -0.031 (VIOLATED)
ANTENNA_632/DIODE                       1.500    1.531   -0.031 (VIOLATED)
ANTENNA_630/DIODE                       1.500    1.531   -0.031 (VIOLATED)
ANTENNA_636/DIODE                       1.500    1.531   -0.031 (VIOLATED)
ANTENNA_628/DIODE                       1.500    1.531   -0.031 (VIOLATED)
ANTENNA_627/DIODE                       1.500    1.531   -0.031 (VIOLATED)
_115865_/A                              1.500    1.531   -0.031 (VIOLATED)
ANTENNA_626/DIODE                       1.500    1.531   -0.031 (VIOLATED)
ANTENNA_629/DIODE                       1.500    1.531   -0.031 (VIOLATED)
ANTENNA_631/DIODE                       1.500    1.531   -0.031 (VIOLATED)
_085744_/C1                             1.500    1.521   -0.021 (VIOLATED)
_115859_/X                              1.505    1.526   -0.021 (VIOLATED)
hold20252/X                             1.495    1.514   -0.019 (VIOLATED)
ANTENNA_363/DIODE                       1.500    1.517   -0.017 (VIOLATED)
ANTENNA_361/DIODE                       1.500    1.517   -0.017 (VIOLATED)
ANTENNA_359/DIODE                       1.500    1.517   -0.017 (VIOLATED)
_085746_/B                              1.500    1.517   -0.017 (VIOLATED)
ANTENNA_357/DIODE                       1.500    1.517   -0.017 (VIOLATED)
ANTENNA_358/DIODE                       1.500    1.517   -0.017 (VIOLATED)
ANTENNA_360/DIODE                       1.500    1.517   -0.017 (VIOLATED)
ANTENNA_362/DIODE                       1.500    1.517   -0.017 (VIOLATED)
ANTENNA_364/DIODE                       1.500    1.517   -0.017 (VIOLATED)
_132964_/A                              1.500    1.514   -0.014 (VIOLATED)
_132960_/A                              1.500    1.514   -0.014 (VIOLATED)
_132944_/A                              1.500    1.514   -0.014 (VIOLATED)
_132956_/A                              1.500    1.514   -0.014 (VIOLATED)
_132923_/A                              1.500    1.514   -0.014 (VIOLATED)
_132920_/A                              1.500    1.514   -0.014 (VIOLATED)
_132916_/A                              1.500    1.514   -0.014 (VIOLATED)
_115261_/Y                              1.486    1.499   -0.012 (VIOLATED)
_085741_/X                              1.505    1.517   -0.012 (VIOLATED)
_138937_/Y                              1.486    1.492   -0.006 (VIOLATED)
ANTENNA_479/DIODE                       1.500    1.504   -0.004 (VIOLATED)
ANTENNA_481/DIODE                       1.500    1.504   -0.004 (VIOLATED)
ANTENNA_2050/DIODE                      1.500    1.504   -0.004 (VIOLATED)
ANTENNA_480/DIODE                       1.500    1.504   -0.004 (VIOLATED)
ANTENNA_474/DIODE                       1.500    1.504   -0.004 (VIOLATED)
ANTENNA_2049/DIODE                      1.500    1.504   -0.004 (VIOLATED)
ANTENNA_2051/DIODE                      1.500    1.504   -0.004 (VIOLATED)
ANTENNA_2044/DIODE                      1.500    1.504   -0.004 (VIOLATED)
ANTENNA_2333/DIODE                      1.500    1.504   -0.004 (VIOLATED)
ANTENNA_2331/DIODE                      1.500    1.504   -0.004 (VIOLATED)
ANTENNA_2329/DIODE                      1.500    1.504   -0.004 (VIOLATED)
ANTENNA_2042/DIODE                      1.500    1.504   -0.004 (VIOLATED)
ANTENNA_2046/DIODE                      1.500    1.504   -0.004 (VIOLATED)
ANTENNA_2048/DIODE                      1.500    1.504   -0.004 (VIOLATED)
ANTENNA_471/DIODE                       1.500    1.504   -0.004 (VIOLATED)
ANTENNA_478/DIODE                       1.500    1.504   -0.004 (VIOLATED)
ANTENNA_476/DIODE                       1.500    1.504   -0.004 (VIOLATED)
ANTENNA_2041/DIODE                      1.500    1.504   -0.004 (VIOLATED)
ANTENNA_472/DIODE                       1.500    1.504   -0.004 (VIOLATED)
_098501_/B                              1.500    1.504   -0.004 (VIOLATED)
ANTENNA_2328/DIODE                      1.500    1.504   -0.004 (VIOLATED)
ANTENNA_2330/DIODE                      1.500    1.504   -0.004 (VIOLATED)
ANTENNA_2332/DIODE                      1.500    1.504   -0.004 (VIOLATED)
ANTENNA_2043/DIODE                      1.500    1.504   -0.004 (VIOLATED)
ANTENNA_2045/DIODE                      1.500    1.504   -0.004 (VIOLATED)
ANTENNA_475/DIODE                       1.500    1.504   -0.004 (VIOLATED)
ANTENNA_473/DIODE                       1.500    1.504   -0.004 (VIOLATED)
ANTENNA_2047/DIODE                      1.500    1.504   -0.004 (VIOLATED)
ANTENNA_477/DIODE                       1.500    1.504   -0.004 (VIOLATED)
_080820_/Y                              1.484    1.486   -0.002 (VIOLATED)
_098498_/X                              1.503    1.504   -0.001 (VIOLATED)

max capacitance

Pin                                     Limit      Cap    Slack
---------------------------------------------------------------
_097703_/Y                              0.260    0.402   -0.142 (VIOLATED)

_139212_/Y                              0.252    0.326   -0.075 (VIOLATED)

_139766_/Y                              0.296    0.368   -0.072 (VIOLATED)

_110938_/Y                              0.125    0.182   -0.058 (VIOLATED)

_135865_/Y                              0.167    0.214   -0.047 (VIOLATED)

_135755_/Y                              0.167    0.212   -0.046 (VIOLATED)

_111606_/X                              0.153    0.198   -0.045 (VIOLATED)

_108586_/X                              0.147    0.189   -0.041 (VIOLATED)

_096300_/Y                              0.125    0.163   -0.038 (VIOLATED)

_091230_/Y                              0.167    0.203   -0.036 (VIOLATED)

_093979_/Y                              0.470    0.493   -0.023 (VIOLATED)

_110779_/Y                              0.142    0.160   -0.018 (VIOLATED)

_126597_/Y                              0.037    0.054   -0.017 (VIOLATED)

_135790_/Y                              0.167    0.183   -0.016 (VIOLATED)

_135940_/Y                              0.167    0.182   -0.015 (VIOLATED)

_095698_/Y                              0.066    0.077   -0.011 (VIOLATED)

_104546_/Y                              0.146    0.157   -0.011 (VIOLATED)

_108281_/X                              0.168    0.174   -0.007 (VIOLATED)

_110520_/Y                              0.081    0.085   -0.005 (VIOLATED)

_135086_/X                              0.077    0.081   -0.004 (VIOLATED)

hold20252/X                             0.155    0.158   -0.003 (VIOLATED)

_129980_/Y                              0.048    0.051   -0.003 (VIOLATED)

_095704_/Y                              0.125    0.127   -0.003 (VIOLATED)

_115859_/X                              0.153    0.155   -0.002 (VIOLATED)

_085741_/X                              0.153    0.155   -0.002 (VIOLATED)

_085743_/Y                              0.073    0.075   -0.002 (VIOLATED)

_115261_/Y                              0.037    0.038   -0.001 (VIOLATED)

_135317_/Y                              0.145    0.146   -0.001 (VIOLATED)

_098498_/X                              0.168    0.169   -0.001 (VIOLATED)

_138937_/Y                              0.037    0.038   -0.001 (VIOLATED)

