=== src/FbAgeArb.arch
OK: no errors
exit=0
=== src/IbexAlu.arch
OK: no errors
exit=0
=== src/IbexCompressedDecoder.arch
OK: no errors
exit=0
=== src/IbexController.arch
OK: no errors
exit=0
=== src/IbexCore.arch
warning: arch check: 1 comb SCC(s) found; 1 suppressed by pragma; 0 unblessed (warnings) (src/IbexCoreSharedPkg.arch:409)
OK: no errors
exit=0
=== src/IbexCoreSharedPkg.arch
OK: no errors
exit=0
=== src/IbexCounter.arch
OK: no errors
exit=0
=== src/IbexDecoder.arch
OK: no errors
exit=0
=== src/IbexExBlock.arch
OK: no errors
exit=0
=== src/IbexFetchFifo.arch
OK: no errors
exit=0
=== src/IbexIcache.arch
💡 arch advise found 3 similar past fixes — run `arch advise "module"` to see them.
Error:   × 4 errors

Error: 
  × operands at cycle 0 and cycle 1
     ╭─[src/IbexIcache.arch:551:5]
 550 │   let fb_busy_recent_mask: UInt<4> =
 551 │     fb_busy_mask | fb_busy_prev@1 | fb_busy_prev@2
     ·     ──────────────┬──────────────
     ·                   ╰── here
 552 │                  | fb_busy_prev@3 | fb_busy_prev@4;
     ╰────

Error: 
  × operands at cycle 0 and cycle 2
     ╭─[src/IbexIcache.arch:551:5]
 550 │   let fb_busy_recent_mask: UInt<4> =
 551 │     fb_busy_mask | fb_busy_prev@1 | fb_busy_prev@2
     ·     ───────────────────────┬──────────────────────
     ·                            ╰── here
 552 │                  | fb_busy_prev@3 | fb_busy_prev@4;
     ╰────

Error: 
  × operands at cycle 0 and cycle 3
     ╭─[src/IbexIcache.arch:551:5]
 550 │       let fb_busy_recent_mask: UInt<4> =
 551 │ ╭─▶     fb_busy_mask | fb_busy_prev@1 | fb_busy_prev@2
 552 │ ├─▶                  | fb_busy_prev@3 | fb_busy_prev@4;
     · ╰──── here
 553 │     
     ╰────

Error: 
  × operands at cycle 0 and cycle 4
     ╭─[src/IbexIcache.arch:551:5]
 550 │       let fb_busy_recent_mask: UInt<4> =
 551 │ ╭─▶     fb_busy_mask | fb_busy_prev@1 | fb_busy_prev@2
 552 │ ├─▶                  | fb_busy_prev@3 | fb_busy_prev@4;
     · ╰──── here
 553 │     
     ╰────

exit=1
=== src/IbexIcacheOutputStage.arch
OK: no errors
exit=0
=== src/IbexIdStage.arch
OK: no errors
exit=0
=== src/IbexIfStage.arch
OK: no errors
exit=0
=== src/IbexLoadStoreUnit.arch
OK: no errors
exit=0
=== src/IbexMultdivFast.arch
OK: no errors
exit=0
=== src/IbexPmp.arch
OK: no errors
exit=0
=== src/IbexPrefetchBuffer.arch
OK: no errors
exit=0
=== src/IbexRegisterFileFf.arch
OK: no errors
exit=0
=== src/IbexTop.arch
OK: no errors
exit=0
=== src/IbexWbStage.arch
OK: no errors
exit=0
=== src/InvalCtrl.arch
OK: no errors
exit=0
=== src/RamPortArb.arch
OK: no errors
exit=0
