worst slack max -15.433
worst slack min -0.298
tns max -885999.875
Clock core_clock
  2.965 source latency _180097_/CLK ^
 -4.337 target latency _155842_/CLK ^
  0.000 CRPR
--------------
 -1.372 setup skew

Startpoint: _178397_ (rising edge-triggered flip-flop clocked by core_clock)
Endpoint: _179888_ (rising edge-triggered flip-flop clocked by core_clock)
Path Group: core_clock
Path Type: max

   Delay     Time   Description
-----------------------------------------------------------
   0.000    0.000   clock core_clock (rise edge)
   3.338    3.338   clock network delay (propagated)
   0.000    3.338 ^ _178397_/CLK (sky130_fd_sc_hd__edfxtp_1)
   0.531    3.869 v _178397_/Q (sky130_fd_sc_hd__edfxtp_1)
   0.243    4.112 v wire18117/X (sky130_fd_sc_hd__buf_6)
   0.204    4.316 v wire18116/X (sky130_fd_sc_hd__buf_6)
   0.196    4.511 v wire18115/X (sky130_fd_sc_hd__buf_8)
   0.166    4.678 v load_slew18114/X (sky130_fd_sc_hd__buf_8)
   0.163    4.841 v load_slew18113/X (sky130_fd_sc_hd__buf_8)
   0.187    5.028 v load_slew18110/X (sky130_fd_sc_hd__buf_6)
   0.184    5.212 v load_slew18109/X (sky130_fd_sc_hd__buf_8)
   0.169    5.380 v load_slew18108/X (sky130_fd_sc_hd__buf_6)
   0.169    5.549 v load_slew18107/X (sky130_fd_sc_hd__buf_8)
   0.199    5.748 ^ _066316_/Y (sky130_fd_sc_hd__clkinv_8)
   0.286    6.035 ^ load_slew18015/X (sky130_fd_sc_hd__buf_16)
   0.183    6.218 v _068502_/Y (sky130_fd_sc_hd__nand3_4)
   0.190    6.408 v wire17835/X (sky130_fd_sc_hd__buf_12)
   0.726    7.134 ^ _068533_/Y (sky130_fd_sc_hd__nor2_4)
   0.232    7.366 v _068585_/Y (sky130_fd_sc_hd__o31ai_2)
   0.216    7.582 ^ _068586_/Y (sky130_fd_sc_hd__a21oi_1)
   0.123    7.705 v _068599_/Y (sky130_fd_sc_hd__o21ai_1)
   0.151    7.856 ^ _068606_/Y (sky130_fd_sc_hd__a21oi_1)
   0.105    7.961 v _068608_/Y (sky130_fd_sc_hd__o22ai_1)
   0.279    8.240 ^ _068612_/Y (sky130_fd_sc_hd__a21oi_2)
   0.348    8.588 ^ _068615_/X (sky130_fd_sc_hd__and4_4)
   0.209    8.797 ^ load_slew16800/X (sky130_fd_sc_hd__buf_16)
   0.284    9.081 ^ load_slew16799/X (sky130_fd_sc_hd__buf_16)
   0.233    9.314 ^ load_slew16798/X (sky130_fd_sc_hd__buf_16)
   0.208    9.522 v _069087_/Y (sky130_fd_sc_hd__nand2_8)
   0.250    9.772 ^ _069089_/Y (sky130_fd_sc_hd__a21oi_1)
   0.184    9.956 ^ _069092_/Y (sky130_fd_sc_hd__a2bb2oi_2)
   0.095   10.051 v _069093_/Y (sky130_fd_sc_hd__a21oi_1)
   0.360   10.411 v _069183_/X (sky130_fd_sc_hd__maj3_2)
   0.349   10.760 v _069185_/X (sky130_fd_sc_hd__maj3_2)
   0.334   11.094 v _069187_/X (sky130_fd_sc_hd__maj3_2)
   0.350   11.444 v _069189_/X (sky130_fd_sc_hd__maj3_2)
   0.169   11.613 v rebuffer18471/X (sky130_fd_sc_hd__buf_4)
   0.201   11.814 v _071668_/Y (sky130_fd_sc_hd__xnor2_4)
   0.206   12.019 v wire16311/X (sky130_fd_sc_hd__buf_6)
   0.880   12.899 ^ _071747_/Y (sky130_fd_sc_hd__o211ai_1)
   0.216   13.115 v _071748_/Y (sky130_fd_sc_hd__nand2_4)
   0.244   13.359 v _071749_/Y (sky130_fd_sc_hd__a21boi_4)
   0.220   13.579 v rebuffer18453/X (sky130_fd_sc_hd__buf_4)
   0.321   13.900 ^ _072015_/Y (sky130_fd_sc_hd__a221oi_1)
   0.232   14.132 v _072016_/Y (sky130_fd_sc_hd__o21ai_0)
   0.223   14.355 ^ _072017_/Y (sky130_fd_sc_hd__a211oi_1)
   0.185   14.541 v _072018_/Y (sky130_fd_sc_hd__o21ai_0)
   0.401   14.942 ^ _072021_/Y (sky130_fd_sc_hd__nor4_2)
   0.286   15.228 v _072026_/Y (sky130_fd_sc_hd__nand4_1)
   0.392   15.619 ^ _072162_/Y (sky130_fd_sc_hd__a2111oi_2)
   0.243   15.862 v _072163_/Y (sky130_fd_sc_hd__o221ai_1)
   0.360   16.222 ^ _072165_/Y (sky130_fd_sc_hd__a2111oi_4)
   0.220   16.442 v _072166_/Y (sky130_fd_sc_hd__o2111ai_2)
   0.289   16.732 ^ _072169_/Y (sky130_fd_sc_hd__nor4_2)
   0.134   16.866 v _072170_/Y (sky130_fd_sc_hd__o21ai_0)
   0.423   17.289 v _072173_/X (sky130_fd_sc_hd__a2111o_1)
   0.273   17.562 ^ _072176_/Y (sky130_fd_sc_hd__a211oi_1)
   0.189   17.751 v _072178_/Y (sky130_fd_sc_hd__nand4_1)
   0.138   17.890 ^ _072234_/Y (sky130_fd_sc_hd__o2111ai_4)
   0.188   18.078 ^ rebuffer18443/X (sky130_fd_sc_hd__buf_12)
   0.068   18.146 v _072235_/Y (sky130_fd_sc_hd__nor2_4)
   0.201   18.347 ^ _072236_/Y (sky130_fd_sc_hd__nand2_8)
   0.157   18.504 ^ rebuffer18474/X (sky130_fd_sc_hd__buf_12)
   0.100   18.604 v _072261_/Y (sky130_fd_sc_hd__nand3_4)
   0.226   18.830 v rebuffer18423/X (sky130_fd_sc_hd__buf_6)
   0.192   19.022 ^ _072328_/Y (sky130_fd_sc_hd__a21oi_1)
   0.104   19.126 v _072329_/Y (sky130_fd_sc_hd__a21oi_1)
   0.134   19.260 ^ _072330_/Y (sky130_fd_sc_hd__o21ai_4)
   0.735   19.995 ^ _072353_/X (sky130_fd_sc_hd__lpflow_inputiso1p_1)
   0.282   20.277 ^ wire10825/X (sky130_fd_sc_hd__clkbuf_16)
   0.165   20.442 ^ max_cap10824/X (sky130_fd_sc_hd__buf_8)
   0.227   20.669 ^ wire10823/X (sky130_fd_sc_hd__buf_6)
   0.230   20.899 ^ load_slew10822/X (sky130_fd_sc_hd__buf_6)
   0.233   21.133 ^ wire10821/X (sky130_fd_sc_hd__buf_6)
   0.243   21.375 ^ load_slew10752/X (sky130_fd_sc_hd__buf_6)
   0.224   21.599 ^ wire10749/X (sky130_fd_sc_hd__buf_6)
   0.184   21.783 ^ load_slew10748/X (sky130_fd_sc_hd__buf_8)
   0.189   21.973 ^ load_slew10747/X (sky130_fd_sc_hd__buf_6)
   0.189   22.161 ^ load_slew10746/X (sky130_fd_sc_hd__buf_8)
   0.229   22.390 ^ load_slew10744/X (sky130_fd_sc_hd__buf_6)
   0.193   22.584 ^ max_cap10743/X (sky130_fd_sc_hd__buf_8)
   0.231   22.815 ^ wire10724/X (sky130_fd_sc_hd__buf_6)
   0.239   23.054 ^ wire10723/X (sky130_fd_sc_hd__buf_6)
   0.242   23.296 ^ load_slew10722/X (sky130_fd_sc_hd__buf_6)
   0.255   23.551 ^ load_slew10719/X (sky130_fd_sc_hd__buf_6)
   0.241   23.792 ^ wire10718/X (sky130_fd_sc_hd__buf_6)
   0.201   23.993 ^ max_cap10717/X (sky130_fd_sc_hd__buf_8)
   0.227   24.220 ^ load_slew10716/X (sky130_fd_sc_hd__buf_6)
   0.228   24.448 ^ load_slew10696/X (sky130_fd_sc_hd__buf_6)
   0.107   24.555 v _091232_/Y (sky130_fd_sc_hd__a21oi_1)
   0.492   25.047 ^ _091233_/Y (sky130_fd_sc_hd__nor4_2)
   0.290   25.337 ^ wire5987/X (sky130_fd_sc_hd__buf_4)
   0.163   25.500 ^ wire5986/X (sky130_fd_sc_hd__buf_6)
   0.155   25.654 ^ wire5985/X (sky130_fd_sc_hd__buf_6)
   0.150   25.804 ^ wire5984/X (sky130_fd_sc_hd__buf_6)
   0.161   25.965 ^ wire5983/X (sky130_fd_sc_hd__buf_6)
   0.150   26.115 ^ wire5982/X (sky130_fd_sc_hd__buf_6)
   0.146   26.261 ^ wire5981/X (sky130_fd_sc_hd__buf_6)
   0.133   26.394 ^ wire5980/X (sky130_fd_sc_hd__buf_6)
   0.080   26.474 v _091247_/Y (sky130_fd_sc_hd__o22ai_1)
   1.312   27.786 ^ _091329_/Y (sky130_fd_sc_hd__nor4_1)
   1.122   28.908 v _091439_/Y (sky130_fd_sc_hd__nand2_1)
   0.024   28.932 v _179888_/D (sky130_fd_sc_hd__edfxtp_1)
           28.932   data arrival time

  10.000   10.000   clock core_clock (rise edge)
   4.057   14.057   clock network delay (propagated)
   0.000   14.057   clock reconvergence pessimism
           14.057 ^ _179888_/CLK (sky130_fd_sc_hd__edfxtp_1)
  -0.558   13.499   library setup time
           13.499   data required time
-----------------------------------------------------------
           13.499   data required time
          -28.932   data arrival time
-----------------------------------------------------------
          -15.433   slack (VIOLATED)


Startpoint: _178397_ (rising edge-triggered flip-flop clocked by core_clock)
Endpoint: _179896_ (rising edge-triggered flip-flop clocked by core_clock)
Path Group: core_clock
Path Type: max

   Delay     Time   Description
-----------------------------------------------------------
   0.000    0.000   clock core_clock (rise edge)
   3.338    3.338   clock network delay (propagated)
   0.000    3.338 ^ _178397_/CLK (sky130_fd_sc_hd__edfxtp_1)
   0.531    3.869 v _178397_/Q (sky130_fd_sc_hd__edfxtp_1)
   0.243    4.112 v wire18117/X (sky130_fd_sc_hd__buf_6)
   0.204    4.316 v wire18116/X (sky130_fd_sc_hd__buf_6)
   0.196    4.511 v wire18115/X (sky130_fd_sc_hd__buf_8)
   0.166    4.678 v load_slew18114/X (sky130_fd_sc_hd__buf_8)
   0.163    4.841 v load_slew18113/X (sky130_fd_sc_hd__buf_8)
   0.187    5.028 v load_slew18110/X (sky130_fd_sc_hd__buf_6)
   0.184    5.212 v load_slew18109/X (sky130_fd_sc_hd__buf_8)
   0.169    5.380 v load_slew18108/X (sky130_fd_sc_hd__buf_6)
   0.169    5.549 v load_slew18107/X (sky130_fd_sc_hd__buf_8)
   0.199    5.748 ^ _066316_/Y (sky130_fd_sc_hd__clkinv_8)
   0.286    6.035 ^ load_slew18015/X (sky130_fd_sc_hd__buf_16)
   0.183    6.218 v _068502_/Y (sky130_fd_sc_hd__nand3_4)
   0.190    6.408 v wire17835/X (sky130_fd_sc_hd__buf_12)
   0.726    7.134 ^ _068533_/Y (sky130_fd_sc_hd__nor2_4)
   0.232    7.366 v _068585_/Y (sky130_fd_sc_hd__o31ai_2)
   0.216    7.582 ^ _068586_/Y (sky130_fd_sc_hd__a21oi_1)
   0.123    7.705 v _068599_/Y (sky130_fd_sc_hd__o21ai_1)
   0.151    7.856 ^ _068606_/Y (sky130_fd_sc_hd__a21oi_1)
   0.105    7.961 v _068608_/Y (sky130_fd_sc_hd__o22ai_1)
   0.279    8.240 ^ _068612_/Y (sky130_fd_sc_hd__a21oi_2)
   0.348    8.588 ^ _068615_/X (sky130_fd_sc_hd__and4_4)
   0.209    8.797 ^ load_slew16800/X (sky130_fd_sc_hd__buf_16)
   0.284    9.081 ^ load_slew16799/X (sky130_fd_sc_hd__buf_16)
   0.233    9.314 ^ load_slew16798/X (sky130_fd_sc_hd__buf_16)
   0.208    9.522 v _069087_/Y (sky130_fd_sc_hd__nand2_8)
   0.250    9.772 ^ _069089_/Y (sky130_fd_sc_hd__a21oi_1)
   0.184    9.956 ^ _069092_/Y (sky130_fd_sc_hd__a2bb2oi_2)
   0.095   10.051 v _069093_/Y (sky130_fd_sc_hd__a21oi_1)
   0.360   10.411 v _069183_/X (sky130_fd_sc_hd__maj3_2)
   0.349   10.760 v _069185_/X (sky130_fd_sc_hd__maj3_2)
   0.334   11.094 v _069187_/X (sky130_fd_sc_hd__maj3_2)
   0.350   11.444 v _069189_/X (sky130_fd_sc_hd__maj3_2)
   0.169   11.613 v rebuffer18471/X (sky130_fd_sc_hd__buf_4)
   0.201   11.814 v _071668_/Y (sky130_fd_sc_hd__xnor2_4)
   0.206   12.019 v wire16311/X (sky130_fd_sc_hd__buf_6)
   0.880   12.899 ^ _071747_/Y (sky130_fd_sc_hd__o211ai_1)
   0.216   13.115 v _071748_/Y (sky130_fd_sc_hd__nand2_4)
   0.244   13.359 v _071749_/Y (sky130_fd_sc_hd__a21boi_4)
   0.220   13.579 v rebuffer18453/X (sky130_fd_sc_hd__buf_4)
   0.321   13.900 ^ _072015_/Y (sky130_fd_sc_hd__a221oi_1)
   0.232   14.132 v _072016_/Y (sky130_fd_sc_hd__o21ai_0)
   0.223   14.355 ^ _072017_/Y (sky130_fd_sc_hd__a211oi_1)
   0.185   14.541 v _072018_/Y (sky130_fd_sc_hd__o21ai_0)
   0.401   14.942 ^ _072021_/Y (sky130_fd_sc_hd__nor4_2)
   0.286   15.228 v _072026_/Y (sky130_fd_sc_hd__nand4_1)
   0.392   15.619 ^ _072162_/Y (sky130_fd_sc_hd__a2111oi_2)
   0.243   15.862 v _072163_/Y (sky130_fd_sc_hd__o221ai_1)
   0.360   16.222 ^ _072165_/Y (sky130_fd_sc_hd__a2111oi_4)
   0.220   16.442 v _072166_/Y (sky130_fd_sc_hd__o2111ai_2)
   0.289   16.732 ^ _072169_/Y (sky130_fd_sc_hd__nor4_2)
   0.134   16.866 v _072170_/Y (sky130_fd_sc_hd__o21ai_0)
   0.423   17.289 v _072173_/X (sky130_fd_sc_hd__a2111o_1)
   0.273   17.562 ^ _072176_/Y (sky130_fd_sc_hd__a211oi_1)
   0.189   17.751 v _072178_/Y (sky130_fd_sc_hd__nand4_1)
   0.138   17.890 ^ _072234_/Y (sky130_fd_sc_hd__o2111ai_4)
   0.188   18.078 ^ rebuffer18443/X (sky130_fd_sc_hd__buf_12)
   0.068   18.146 v _072235_/Y (sky130_fd_sc_hd__nor2_4)
   0.201   18.347 ^ _072236_/Y (sky130_fd_sc_hd__nand2_8)
   0.157   18.504 ^ rebuffer18474/X (sky130_fd_sc_hd__buf_12)
   0.100   18.604 v _072261_/Y (sky130_fd_sc_hd__nand3_4)
   0.226   18.830 v rebuffer18423/X (sky130_fd_sc_hd__buf_6)
   0.192   19.022 ^ _072328_/Y (sky130_fd_sc_hd__a21oi_1)
   0.104   19.126 v _072329_/Y (sky130_fd_sc_hd__a21oi_1)
   0.134   19.260 ^ _072330_/Y (sky130_fd_sc_hd__o21ai_4)
   0.735   19.995 ^ _072353_/X (sky130_fd_sc_hd__lpflow_inputiso1p_1)
   0.282   20.277 ^ wire10825/X (sky130_fd_sc_hd__clkbuf_16)
   0.165   20.442 ^ max_cap10824/X (sky130_fd_sc_hd__buf_8)
   0.227   20.669 ^ wire10823/X (sky130_fd_sc_hd__buf_6)
   0.230   20.899 ^ load_slew10822/X (sky130_fd_sc_hd__buf_6)
   0.233   21.133 ^ wire10821/X (sky130_fd_sc_hd__buf_6)
   0.243   21.375 ^ load_slew10752/X (sky130_fd_sc_hd__buf_6)
   0.224   21.599 ^ wire10749/X (sky130_fd_sc_hd__buf_6)
   0.184   21.783 ^ load_slew10748/X (sky130_fd_sc_hd__buf_8)
   0.189   21.973 ^ load_slew10747/X (sky130_fd_sc_hd__buf_6)
   0.189   22.161 ^ load_slew10746/X (sky130_fd_sc_hd__buf_8)
   0.229   22.390 ^ load_slew10744/X (sky130_fd_sc_hd__buf_6)
   0.193   22.584 ^ max_cap10743/X (sky130_fd_sc_hd__buf_8)
   0.231   22.815 ^ wire10724/X (sky130_fd_sc_hd__buf_6)
   0.239   23.054 ^ wire10723/X (sky130_fd_sc_hd__buf_6)
   0.242   23.296 ^ load_slew10722/X (sky130_fd_sc_hd__buf_6)
   0.255   23.551 ^ load_slew10719/X (sky130_fd_sc_hd__buf_6)
   0.241   23.792 ^ wire10718/X (sky130_fd_sc_hd__buf_6)
   0.201   23.993 ^ max_cap10717/X (sky130_fd_sc_hd__buf_8)
   0.227   24.220 ^ load_slew10716/X (sky130_fd_sc_hd__buf_6)
   0.218   24.438 ^ load_slew10709/X (sky130_fd_sc_hd__buf_6)
   0.198   24.636 ^ load_slew10708/X (sky130_fd_sc_hd__buf_8)
   0.078   24.714 v _089517_/Y (sky130_fd_sc_hd__a21oi_1)
   0.311   25.024 ^ _089521_/Y (sky130_fd_sc_hd__nor4_2)
   0.257   25.281 ^ wire6158/X (sky130_fd_sc_hd__buf_2)
   0.193   25.474 ^ wire6157/X (sky130_fd_sc_hd__buf_4)
   0.154   25.628 ^ wire6156/X (sky130_fd_sc_hd__buf_6)
   0.148   25.775 ^ wire6155/X (sky130_fd_sc_hd__buf_6)
   0.143   25.918 ^ wire6154/X (sky130_fd_sc_hd__buf_6)
   0.145   26.063 ^ wire6153/X (sky130_fd_sc_hd__buf_6)
   0.143   26.206 ^ wire6152/X (sky130_fd_sc_hd__buf_6)
   0.135   26.341 ^ wire6151/X (sky130_fd_sc_hd__buf_6)
   0.299   26.640 v _089522_/Y (sky130_fd_sc_hd__o22ai_1)
   1.081   27.721 ^ _089577_/Y (sky130_fd_sc_hd__nor4_2)
   0.932   28.653 v _089687_/Y (sky130_fd_sc_hd__nand2_1)
   0.008   28.661 v _179896_/D (sky130_fd_sc_hd__edfxtp_1)
           28.661   data arrival time

  10.000   10.000   clock core_clock (rise edge)
   3.943   13.943   clock network delay (propagated)
   0.000   13.943   clock reconvergence pessimism
           13.943 ^ _179896_/CLK (sky130_fd_sc_hd__edfxtp_1)
  -0.517   13.426   library setup time
           13.426   data required time
-----------------------------------------------------------
           13.426   data required time
          -28.661   data arrival time
-----------------------------------------------------------
          -15.235   slack (VIOLATED)


Startpoint: _178397_ (rising edge-triggered flip-flop clocked by core_clock)
Endpoint: _179971_ (rising edge-triggered flip-flop clocked by core_clock)
Path Group: core_clock
Path Type: max

   Delay     Time   Description
-----------------------------------------------------------
   0.000    0.000   clock core_clock (rise edge)
   3.338    3.338   clock network delay (propagated)
   0.000    3.338 ^ _178397_/CLK (sky130_fd_sc_hd__edfxtp_1)
   0.531    3.869 v _178397_/Q (sky130_fd_sc_hd__edfxtp_1)
   0.243    4.112 v wire18117/X (sky130_fd_sc_hd__buf_6)
   0.204    4.316 v wire18116/X (sky130_fd_sc_hd__buf_6)
   0.196    4.511 v wire18115/X (sky130_fd_sc_hd__buf_8)
   0.166    4.678 v load_slew18114/X (sky130_fd_sc_hd__buf_8)
   0.163    4.841 v load_slew18113/X (sky130_fd_sc_hd__buf_8)
   0.187    5.028 v load_slew18110/X (sky130_fd_sc_hd__buf_6)
   0.184    5.212 v load_slew18109/X (sky130_fd_sc_hd__buf_8)
   0.169    5.380 v load_slew18108/X (sky130_fd_sc_hd__buf_6)
   0.169    5.549 v load_slew18107/X (sky130_fd_sc_hd__buf_8)
   0.199    5.748 ^ _066316_/Y (sky130_fd_sc_hd__clkinv_8)
   0.286    6.035 ^ load_slew18015/X (sky130_fd_sc_hd__buf_16)
   0.183    6.218 v _068502_/Y (sky130_fd_sc_hd__nand3_4)
   0.190    6.408 v wire17835/X (sky130_fd_sc_hd__buf_12)
   0.726    7.134 ^ _068533_/Y (sky130_fd_sc_hd__nor2_4)
   0.232    7.366 v _068585_/Y (sky130_fd_sc_hd__o31ai_2)
   0.216    7.582 ^ _068586_/Y (sky130_fd_sc_hd__a21oi_1)
   0.123    7.705 v _068599_/Y (sky130_fd_sc_hd__o21ai_1)
   0.151    7.856 ^ _068606_/Y (sky130_fd_sc_hd__a21oi_1)
   0.105    7.961 v _068608_/Y (sky130_fd_sc_hd__o22ai_1)
   0.279    8.240 ^ _068612_/Y (sky130_fd_sc_hd__a21oi_2)
   0.348    8.588 ^ _068615_/X (sky130_fd_sc_hd__and4_4)
   0.209    8.797 ^ load_slew16800/X (sky130_fd_sc_hd__buf_16)
   0.284    9.081 ^ load_slew16799/X (sky130_fd_sc_hd__buf_16)
   0.233    9.314 ^ load_slew16798/X (sky130_fd_sc_hd__buf_16)
   0.208    9.522 v _069087_/Y (sky130_fd_sc_hd__nand2_8)
   0.250    9.772 ^ _069089_/Y (sky130_fd_sc_hd__a21oi_1)
   0.184    9.956 ^ _069092_/Y (sky130_fd_sc_hd__a2bb2oi_2)
   0.095   10.051 v _069093_/Y (sky130_fd_sc_hd__a21oi_1)
   0.360   10.411 v _069183_/X (sky130_fd_sc_hd__maj3_2)
   0.349   10.760 v _069185_/X (sky130_fd_sc_hd__maj3_2)
   0.334   11.094 v _069187_/X (sky130_fd_sc_hd__maj3_2)
   0.350   11.444 v _069189_/X (sky130_fd_sc_hd__maj3_2)
   0.169   11.613 v rebuffer18471/X (sky130_fd_sc_hd__buf_4)
   0.201   11.814 v _071668_/Y (sky130_fd_sc_hd__xnor2_4)
   0.206   12.019 v wire16311/X (sky130_fd_sc_hd__buf_6)
   0.880   12.899 ^ _071747_/Y (sky130_fd_sc_hd__o211ai_1)
   0.216   13.115 v _071748_/Y (sky130_fd_sc_hd__nand2_4)
   0.244   13.359 v _071749_/Y (sky130_fd_sc_hd__a21boi_4)
   0.220   13.579 v rebuffer18453/X (sky130_fd_sc_hd__buf_4)
   0.321   13.900 ^ _072015_/Y (sky130_fd_sc_hd__a221oi_1)
   0.232   14.132 v _072016_/Y (sky130_fd_sc_hd__o21ai_0)
   0.223   14.355 ^ _072017_/Y (sky130_fd_sc_hd__a211oi_1)
   0.185   14.541 v _072018_/Y (sky130_fd_sc_hd__o21ai_0)
   0.401   14.942 ^ _072021_/Y (sky130_fd_sc_hd__nor4_2)
   0.286   15.228 v _072026_/Y (sky130_fd_sc_hd__nand4_1)
   0.392   15.619 ^ _072162_/Y (sky130_fd_sc_hd__a2111oi_2)
   0.243   15.862 v _072163_/Y (sky130_fd_sc_hd__o221ai_1)
   0.360   16.222 ^ _072165_/Y (sky130_fd_sc_hd__a2111oi_4)
   0.220   16.442 v _072166_/Y (sky130_fd_sc_hd__o2111ai_2)
   0.289   16.732 ^ _072169_/Y (sky130_fd_sc_hd__nor4_2)
   0.134   16.866 v _072170_/Y (sky130_fd_sc_hd__o21ai_0)
   0.423   17.289 v _072173_/X (sky130_fd_sc_hd__a2111o_1)
   0.273   17.562 ^ _072176_/Y (sky130_fd_sc_hd__a211oi_1)
   0.189   17.751 v _072178_/Y (sky130_fd_sc_hd__nand4_1)
   0.138   17.890 ^ _072234_/Y (sky130_fd_sc_hd__o2111ai_4)
   0.188   18.078 ^ rebuffer18443/X (sky130_fd_sc_hd__buf_12)
   0.068   18.146 v _072235_/Y (sky130_fd_sc_hd__nor2_4)
   0.201   18.347 ^ _072236_/Y (sky130_fd_sc_hd__nand2_8)
   0.157   18.504 ^ rebuffer18474/X (sky130_fd_sc_hd__buf_12)
   0.100   18.604 v _072261_/Y (sky130_fd_sc_hd__nand3_4)
   0.226   18.830 v rebuffer18423/X (sky130_fd_sc_hd__buf_6)
   0.192   19.022 ^ _072328_/Y (sky130_fd_sc_hd__a21oi_1)
   0.104   19.126 v _072329_/Y (sky130_fd_sc_hd__a21oi_1)
   0.134   19.260 ^ _072330_/Y (sky130_fd_sc_hd__o21ai_4)
   0.735   19.995 ^ _072353_/X (sky130_fd_sc_hd__lpflow_inputiso1p_1)
   0.282   20.277 ^ wire10825/X (sky130_fd_sc_hd__clkbuf_16)
   0.165   20.442 ^ max_cap10824/X (sky130_fd_sc_hd__buf_8)
   0.227   20.669 ^ wire10823/X (sky130_fd_sc_hd__buf_6)
   0.230   20.899 ^ load_slew10822/X (sky130_fd_sc_hd__buf_6)
   0.233   21.133 ^ wire10821/X (sky130_fd_sc_hd__buf_6)
   0.243   21.375 ^ load_slew10752/X (sky130_fd_sc_hd__buf_6)
   0.224   21.599 ^ wire10749/X (sky130_fd_sc_hd__buf_6)
   0.184   21.783 ^ load_slew10748/X (sky130_fd_sc_hd__buf_8)
   0.189   21.973 ^ load_slew10747/X (sky130_fd_sc_hd__buf_6)
   0.189   22.161 ^ load_slew10746/X (sky130_fd_sc_hd__buf_8)
   0.229   22.390 ^ load_slew10744/X (sky130_fd_sc_hd__buf_6)
   0.193   22.584 ^ max_cap10743/X (sky130_fd_sc_hd__buf_8)
   0.231   22.815 ^ wire10724/X (sky130_fd_sc_hd__buf_6)
   0.239   23.054 ^ wire10723/X (sky130_fd_sc_hd__buf_6)
   0.242   23.296 ^ load_slew10722/X (sky130_fd_sc_hd__buf_6)
   0.255   23.551 ^ load_slew10719/X (sky130_fd_sc_hd__buf_6)
   0.241   23.792 ^ wire10718/X (sky130_fd_sc_hd__buf_6)
   0.201   23.993 ^ max_cap10717/X (sky130_fd_sc_hd__buf_8)
   0.227   24.220 ^ load_slew10716/X (sky130_fd_sc_hd__buf_6)
   0.218   24.438 ^ load_slew10709/X (sky130_fd_sc_hd__buf_6)
   0.198   24.636 ^ load_slew10708/X (sky130_fd_sc_hd__buf_8)
   0.190   24.826 ^ load_slew10707/X (sky130_fd_sc_hd__buf_8)
   0.196   25.022 ^ load_slew10706/X (sky130_fd_sc_hd__buf_8)
   0.177   25.199 ^ load_slew10705/X (sky130_fd_sc_hd__buf_8)
   0.223   25.423 ^ load_slew10703/X (sky130_fd_sc_hd__buf_6)
   0.083   25.506 v _073478_/Y (sky130_fd_sc_hd__a21oi_1)
   0.423   25.929 ^ _073485_/Y (sky130_fd_sc_hd__nor4_2)
   0.274   26.203 v _073486_/Y (sky130_fd_sc_hd__o22ai_4)
   0.253   26.456 v wire523/X (sky130_fd_sc_hd__buf_16)
   0.284   26.740 ^ _073487_/Y (sky130_fd_sc_hd__nor3_4)
   0.210   26.951 ^ wire332/X (sky130_fd_sc_hd__buf_6)
   0.164   27.114 ^ wire331/X (sky130_fd_sc_hd__buf_6)
   0.168   27.283 ^ wire330/X (sky130_fd_sc_hd__buf_6)
   0.167   27.450 ^ wire329/X (sky130_fd_sc_hd__buf_6)
   0.154   27.603 ^ wire328/X (sky130_fd_sc_hd__buf_6)
   0.786   28.389 v _073488_/Y (sky130_fd_sc_hd__nand3_4)
   0.110   28.499 v _179971_/D (sky130_fd_sc_hd__edfxtp_1)
           28.499   data arrival time

  10.000   10.000   clock core_clock (rise edge)
   3.925   13.925   clock network delay (propagated)
   0.000   13.925   clock reconvergence pessimism
           13.925 ^ _179971_/CLK (sky130_fd_sc_hd__edfxtp_1)
  -0.606   13.319   library setup time
           13.319   data required time
-----------------------------------------------------------
           13.319   data required time
          -28.499   data arrival time
-----------------------------------------------------------
          -15.179   slack (VIOLATED)


Startpoint: _178397_ (rising edge-triggered flip-flop clocked by core_clock)
Endpoint: _179886_ (rising edge-triggered flip-flop clocked by core_clock)
Path Group: core_clock
Path Type: max

   Delay     Time   Description
-----------------------------------------------------------
   0.000    0.000   clock core_clock (rise edge)
   3.338    3.338   clock network delay (propagated)
   0.000    3.338 ^ _178397_/CLK (sky130_fd_sc_hd__edfxtp_1)
   0.531    3.869 v _178397_/Q (sky130_fd_sc_hd__edfxtp_1)
   0.243    4.112 v wire18117/X (sky130_fd_sc_hd__buf_6)
   0.204    4.316 v wire18116/X (sky130_fd_sc_hd__buf_6)
   0.196    4.511 v wire18115/X (sky130_fd_sc_hd__buf_8)
   0.166    4.678 v load_slew18114/X (sky130_fd_sc_hd__buf_8)
   0.163    4.841 v load_slew18113/X (sky130_fd_sc_hd__buf_8)
   0.187    5.028 v load_slew18110/X (sky130_fd_sc_hd__buf_6)
   0.184    5.212 v load_slew18109/X (sky130_fd_sc_hd__buf_8)
   0.169    5.380 v load_slew18108/X (sky130_fd_sc_hd__buf_6)
   0.169    5.549 v load_slew18107/X (sky130_fd_sc_hd__buf_8)
   0.199    5.748 ^ _066316_/Y (sky130_fd_sc_hd__clkinv_8)
   0.286    6.035 ^ load_slew18015/X (sky130_fd_sc_hd__buf_16)
   0.183    6.218 v _068502_/Y (sky130_fd_sc_hd__nand3_4)
   0.190    6.408 v wire17835/X (sky130_fd_sc_hd__buf_12)
   0.726    7.134 ^ _068533_/Y (sky130_fd_sc_hd__nor2_4)
   0.232    7.366 v _068585_/Y (sky130_fd_sc_hd__o31ai_2)
   0.216    7.582 ^ _068586_/Y (sky130_fd_sc_hd__a21oi_1)
   0.123    7.705 v _068599_/Y (sky130_fd_sc_hd__o21ai_1)
   0.151    7.856 ^ _068606_/Y (sky130_fd_sc_hd__a21oi_1)
   0.105    7.961 v _068608_/Y (sky130_fd_sc_hd__o22ai_1)
   0.279    8.240 ^ _068612_/Y (sky130_fd_sc_hd__a21oi_2)
   0.348    8.588 ^ _068615_/X (sky130_fd_sc_hd__and4_4)
   0.209    8.797 ^ load_slew16800/X (sky130_fd_sc_hd__buf_16)
   0.284    9.081 ^ load_slew16799/X (sky130_fd_sc_hd__buf_16)
   0.233    9.314 ^ load_slew16798/X (sky130_fd_sc_hd__buf_16)
   0.208    9.522 v _069087_/Y (sky130_fd_sc_hd__nand2_8)
   0.250    9.772 ^ _069089_/Y (sky130_fd_sc_hd__a21oi_1)
   0.184    9.956 ^ _069092_/Y (sky130_fd_sc_hd__a2bb2oi_2)
   0.095   10.051 v _069093_/Y (sky130_fd_sc_hd__a21oi_1)
   0.360   10.411 v _069183_/X (sky130_fd_sc_hd__maj3_2)
   0.349   10.760 v _069185_/X (sky130_fd_sc_hd__maj3_2)
   0.334   11.094 v _069187_/X (sky130_fd_sc_hd__maj3_2)
   0.350   11.444 v _069189_/X (sky130_fd_sc_hd__maj3_2)
   0.169   11.613 v rebuffer18471/X (sky130_fd_sc_hd__buf_4)
   0.201   11.814 v _071668_/Y (sky130_fd_sc_hd__xnor2_4)
   0.206   12.019 v wire16311/X (sky130_fd_sc_hd__buf_6)
   0.880   12.899 ^ _071747_/Y (sky130_fd_sc_hd__o211ai_1)
   0.216   13.115 v _071748_/Y (sky130_fd_sc_hd__nand2_4)
   0.244   13.359 v _071749_/Y (sky130_fd_sc_hd__a21boi_4)
   0.220   13.579 v rebuffer18453/X (sky130_fd_sc_hd__buf_4)
   0.321   13.900 ^ _072015_/Y (sky130_fd_sc_hd__a221oi_1)
   0.232   14.132 v _072016_/Y (sky130_fd_sc_hd__o21ai_0)
   0.223   14.355 ^ _072017_/Y (sky130_fd_sc_hd__a211oi_1)
   0.185   14.541 v _072018_/Y (sky130_fd_sc_hd__o21ai_0)
   0.401   14.942 ^ _072021_/Y (sky130_fd_sc_hd__nor4_2)
   0.286   15.228 v _072026_/Y (sky130_fd_sc_hd__nand4_1)
   0.392   15.619 ^ _072162_/Y (sky130_fd_sc_hd__a2111oi_2)
   0.243   15.862 v _072163_/Y (sky130_fd_sc_hd__o221ai_1)
   0.360   16.222 ^ _072165_/Y (sky130_fd_sc_hd__a2111oi_4)
   0.220   16.442 v _072166_/Y (sky130_fd_sc_hd__o2111ai_2)
   0.289   16.732 ^ _072169_/Y (sky130_fd_sc_hd__nor4_2)
   0.134   16.866 v _072170_/Y (sky130_fd_sc_hd__o21ai_0)
   0.423   17.289 v _072173_/X (sky130_fd_sc_hd__a2111o_1)
   0.273   17.562 ^ _072176_/Y (sky130_fd_sc_hd__a211oi_1)
   0.189   17.751 v _072178_/Y (sky130_fd_sc_hd__nand4_1)
   0.138   17.890 ^ _072234_/Y (sky130_fd_sc_hd__o2111ai_4)
   0.188   18.078 ^ rebuffer18443/X (sky130_fd_sc_hd__buf_12)
   0.068   18.146 v _072235_/Y (sky130_fd_sc_hd__nor2_4)
   0.201   18.347 ^ _072236_/Y (sky130_fd_sc_hd__nand2_8)
   0.157   18.504 ^ rebuffer18474/X (sky130_fd_sc_hd__buf_12)
   0.100   18.604 v _072261_/Y (sky130_fd_sc_hd__nand3_4)
   0.226   18.830 v rebuffer18423/X (sky130_fd_sc_hd__buf_6)
   0.192   19.022 ^ _072328_/Y (sky130_fd_sc_hd__a21oi_1)
   0.104   19.126 v _072329_/Y (sky130_fd_sc_hd__a21oi_1)
   0.134   19.260 ^ _072330_/Y (sky130_fd_sc_hd__o21ai_4)
   0.735   19.995 ^ _072353_/X (sky130_fd_sc_hd__lpflow_inputiso1p_1)
   0.282   20.277 ^ wire10825/X (sky130_fd_sc_hd__clkbuf_16)
   0.165   20.442 ^ max_cap10824/X (sky130_fd_sc_hd__buf_8)
   0.227   20.669 ^ wire10823/X (sky130_fd_sc_hd__buf_6)
   0.230   20.899 ^ load_slew10822/X (sky130_fd_sc_hd__buf_6)
   0.233   21.133 ^ wire10821/X (sky130_fd_sc_hd__buf_6)
   0.243   21.375 ^ load_slew10752/X (sky130_fd_sc_hd__buf_6)
   0.224   21.599 ^ wire10749/X (sky130_fd_sc_hd__buf_6)
   0.184   21.783 ^ load_slew10748/X (sky130_fd_sc_hd__buf_8)
   0.189   21.973 ^ load_slew10747/X (sky130_fd_sc_hd__buf_6)
   0.189   22.161 ^ load_slew10746/X (sky130_fd_sc_hd__buf_8)
   0.229   22.390 ^ load_slew10744/X (sky130_fd_sc_hd__buf_6)
   0.193   22.584 ^ max_cap10743/X (sky130_fd_sc_hd__buf_8)
   0.231   22.815 ^ wire10724/X (sky130_fd_sc_hd__buf_6)
   0.239   23.054 ^ wire10723/X (sky130_fd_sc_hd__buf_6)
   0.242   23.296 ^ load_slew10722/X (sky130_fd_sc_hd__buf_6)
   0.255   23.551 ^ load_slew10719/X (sky130_fd_sc_hd__buf_6)
   0.241   23.792 ^ wire10718/X (sky130_fd_sc_hd__buf_6)
   0.201   23.993 ^ max_cap10717/X (sky130_fd_sc_hd__buf_8)
   0.227   24.220 ^ load_slew10716/X (sky130_fd_sc_hd__buf_6)
   0.218   24.438 ^ load_slew10709/X (sky130_fd_sc_hd__buf_6)
   0.198   24.636 ^ load_slew10708/X (sky130_fd_sc_hd__buf_8)
   0.190   24.826 ^ load_slew10707/X (sky130_fd_sc_hd__buf_8)
   0.196   25.022 ^ load_slew10706/X (sky130_fd_sc_hd__buf_8)
   0.078   25.101 v _091776_/Y (sky130_fd_sc_hd__a21oi_1)
   0.427   25.528 ^ _091777_/Y (sky130_fd_sc_hd__nor4_2)
   0.333   25.861 ^ wire5940/X (sky130_fd_sc_hd__buf_2)
   0.170   26.032 ^ wire5939/X (sky130_fd_sc_hd__buf_6)
   0.141   26.172 ^ wire5938/X (sky130_fd_sc_hd__buf_6)
   0.144   26.316 ^ wire5937/X (sky130_fd_sc_hd__buf_6)
   0.161   26.477 ^ wire5936/X (sky130_fd_sc_hd__buf_6)
   0.196   26.673 ^ wire5935/X (sky130_fd_sc_hd__buf_6)
   0.158   26.831 v _091791_/Y (sky130_fd_sc_hd__o22ai_1)
   0.836   27.667 v _091873_/X (sky130_fd_sc_hd__or4_4)
   1.083   28.750 v _091874_/X (sky130_fd_sc_hd__or4_1)
   0.004   28.754 v _179886_/D (sky130_fd_sc_hd__edfxtp_1)
           28.754   data arrival time

  10.000   10.000   clock core_clock (rise edge)
   4.057   14.057   clock network delay (propagated)
   0.000   14.057   clock reconvergence pessimism
           14.057 ^ _179886_/CLK (sky130_fd_sc_hd__edfxtp_1)
  -0.431   13.626   library setup time
           13.626   data required time
-----------------------------------------------------------
           13.626   data required time
          -28.754   data arrival time
-----------------------------------------------------------
          -15.128   slack (VIOLATED)


Startpoint: _178397_ (rising edge-triggered flip-flop clocked by core_clock)
Endpoint: _179911_ (rising edge-triggered flip-flop clocked by core_clock)
Path Group: core_clock
Path Type: max

   Delay     Time   Description
-----------------------------------------------------------
   0.000    0.000   clock core_clock (rise edge)
   3.338    3.338   clock network delay (propagated)
   0.000    3.338 ^ _178397_/CLK (sky130_fd_sc_hd__edfxtp_1)
   0.531    3.869 v _178397_/Q (sky130_fd_sc_hd__edfxtp_1)
   0.243    4.112 v wire18117/X (sky130_fd_sc_hd__buf_6)
   0.204    4.316 v wire18116/X (sky130_fd_sc_hd__buf_6)
   0.196    4.511 v wire18115/X (sky130_fd_sc_hd__buf_8)
   0.166    4.678 v load_slew18114/X (sky130_fd_sc_hd__buf_8)
   0.163    4.841 v load_slew18113/X (sky130_fd_sc_hd__buf_8)
   0.187    5.028 v load_slew18110/X (sky130_fd_sc_hd__buf_6)
   0.184    5.212 v load_slew18109/X (sky130_fd_sc_hd__buf_8)
   0.169    5.380 v load_slew18108/X (sky130_fd_sc_hd__buf_6)
   0.169    5.549 v load_slew18107/X (sky130_fd_sc_hd__buf_8)
   0.199    5.748 ^ _066316_/Y (sky130_fd_sc_hd__clkinv_8)
   0.286    6.035 ^ load_slew18015/X (sky130_fd_sc_hd__buf_16)
   0.183    6.218 v _068502_/Y (sky130_fd_sc_hd__nand3_4)
   0.190    6.408 v wire17835/X (sky130_fd_sc_hd__buf_12)
   0.726    7.134 ^ _068533_/Y (sky130_fd_sc_hd__nor2_4)
   0.232    7.366 v _068585_/Y (sky130_fd_sc_hd__o31ai_2)
   0.216    7.582 ^ _068586_/Y (sky130_fd_sc_hd__a21oi_1)
   0.123    7.705 v _068599_/Y (sky130_fd_sc_hd__o21ai_1)
   0.151    7.856 ^ _068606_/Y (sky130_fd_sc_hd__a21oi_1)
   0.105    7.961 v _068608_/Y (sky130_fd_sc_hd__o22ai_1)
   0.279    8.240 ^ _068612_/Y (sky130_fd_sc_hd__a21oi_2)
   0.348    8.588 ^ _068615_/X (sky130_fd_sc_hd__and4_4)
   0.209    8.797 ^ load_slew16800/X (sky130_fd_sc_hd__buf_16)
   0.284    9.081 ^ load_slew16799/X (sky130_fd_sc_hd__buf_16)
   0.233    9.314 ^ load_slew16798/X (sky130_fd_sc_hd__buf_16)
   0.208    9.522 v _069087_/Y (sky130_fd_sc_hd__nand2_8)
   0.250    9.772 ^ _069089_/Y (sky130_fd_sc_hd__a21oi_1)
   0.184    9.956 ^ _069092_/Y (sky130_fd_sc_hd__a2bb2oi_2)
   0.095   10.051 v _069093_/Y (sky130_fd_sc_hd__a21oi_1)
   0.360   10.411 v _069183_/X (sky130_fd_sc_hd__maj3_2)
   0.349   10.760 v _069185_/X (sky130_fd_sc_hd__maj3_2)
   0.334   11.094 v _069187_/X (sky130_fd_sc_hd__maj3_2)
   0.350   11.444 v _069189_/X (sky130_fd_sc_hd__maj3_2)
   0.169   11.613 v rebuffer18471/X (sky130_fd_sc_hd__buf_4)
   0.201   11.814 v _071668_/Y (sky130_fd_sc_hd__xnor2_4)
   0.206   12.019 v wire16311/X (sky130_fd_sc_hd__buf_6)
   0.880   12.899 ^ _071747_/Y (sky130_fd_sc_hd__o211ai_1)
   0.216   13.115 v _071748_/Y (sky130_fd_sc_hd__nand2_4)
   0.244   13.359 v _071749_/Y (sky130_fd_sc_hd__a21boi_4)
   0.220   13.579 v rebuffer18453/X (sky130_fd_sc_hd__buf_4)
   0.321   13.900 ^ _072015_/Y (sky130_fd_sc_hd__a221oi_1)
   0.232   14.132 v _072016_/Y (sky130_fd_sc_hd__o21ai_0)
   0.223   14.355 ^ _072017_/Y (sky130_fd_sc_hd__a211oi_1)
   0.185   14.541 v _072018_/Y (sky130_fd_sc_hd__o21ai_0)
   0.401   14.942 ^ _072021_/Y (sky130_fd_sc_hd__nor4_2)
   0.286   15.228 v _072026_/Y (sky130_fd_sc_hd__nand4_1)
   0.392   15.619 ^ _072162_/Y (sky130_fd_sc_hd__a2111oi_2)
   0.243   15.862 v _072163_/Y (sky130_fd_sc_hd__o221ai_1)
   0.360   16.222 ^ _072165_/Y (sky130_fd_sc_hd__a2111oi_4)
   0.220   16.442 v _072166_/Y (sky130_fd_sc_hd__o2111ai_2)
   0.289   16.732 ^ _072169_/Y (sky130_fd_sc_hd__nor4_2)
   0.134   16.866 v _072170_/Y (sky130_fd_sc_hd__o21ai_0)
   0.423   17.289 v _072173_/X (sky130_fd_sc_hd__a2111o_1)
   0.273   17.562 ^ _072176_/Y (sky130_fd_sc_hd__a211oi_1)
   0.189   17.751 v _072178_/Y (sky130_fd_sc_hd__nand4_1)
   0.138   17.890 ^ _072234_/Y (sky130_fd_sc_hd__o2111ai_4)
   0.188   18.078 ^ rebuffer18443/X (sky130_fd_sc_hd__buf_12)
   0.068   18.146 v _072235_/Y (sky130_fd_sc_hd__nor2_4)
   0.201   18.347 ^ _072236_/Y (sky130_fd_sc_hd__nand2_8)
   0.157   18.504 ^ rebuffer18474/X (sky130_fd_sc_hd__buf_12)
   0.100   18.604 v _072261_/Y (sky130_fd_sc_hd__nand3_4)
   0.226   18.830 v rebuffer18423/X (sky130_fd_sc_hd__buf_6)
   0.192   19.022 ^ _072328_/Y (sky130_fd_sc_hd__a21oi_1)
   0.104   19.126 v _072329_/Y (sky130_fd_sc_hd__a21oi_1)
   0.134   19.260 ^ _072330_/Y (sky130_fd_sc_hd__o21ai_4)
   0.735   19.995 ^ _072353_/X (sky130_fd_sc_hd__lpflow_inputiso1p_1)
   0.282   20.277 ^ wire10825/X (sky130_fd_sc_hd__clkbuf_16)
   0.165   20.442 ^ max_cap10824/X (sky130_fd_sc_hd__buf_8)
   0.227   20.669 ^ wire10823/X (sky130_fd_sc_hd__buf_6)
   0.230   20.899 ^ load_slew10822/X (sky130_fd_sc_hd__buf_6)
   0.233   21.133 ^ wire10821/X (sky130_fd_sc_hd__buf_6)
   0.243   21.375 ^ load_slew10752/X (sky130_fd_sc_hd__buf_6)
   0.224   21.599 ^ wire10749/X (sky130_fd_sc_hd__buf_6)
   0.184   21.783 ^ load_slew10748/X (sky130_fd_sc_hd__buf_8)
   0.189   21.973 ^ load_slew10747/X (sky130_fd_sc_hd__buf_6)
   0.189   22.161 ^ load_slew10746/X (sky130_fd_sc_hd__buf_8)
   0.229   22.390 ^ load_slew10744/X (sky130_fd_sc_hd__buf_6)
   0.193   22.584 ^ max_cap10743/X (sky130_fd_sc_hd__buf_8)
   0.231   22.815 ^ wire10724/X (sky130_fd_sc_hd__buf_6)
   0.239   23.054 ^ wire10723/X (sky130_fd_sc_hd__buf_6)
   0.242   23.296 ^ load_slew10722/X (sky130_fd_sc_hd__buf_6)
   0.255   23.551 ^ load_slew10719/X (sky130_fd_sc_hd__buf_6)
   0.241   23.792 ^ wire10718/X (sky130_fd_sc_hd__buf_6)
   0.201   23.993 ^ max_cap10717/X (sky130_fd_sc_hd__buf_8)
   0.227   24.220 ^ load_slew10716/X (sky130_fd_sc_hd__buf_6)
   0.218   24.438 ^ load_slew10709/X (sky130_fd_sc_hd__buf_6)
   0.198   24.636 ^ load_slew10708/X (sky130_fd_sc_hd__buf_8)
   0.190   24.826 ^ load_slew10707/X (sky130_fd_sc_hd__buf_8)
   0.196   25.022 ^ load_slew10706/X (sky130_fd_sc_hd__buf_8)
   0.177   25.199 ^ load_slew10705/X (sky130_fd_sc_hd__buf_8)
   0.092   25.291 v _086386_/Y (sky130_fd_sc_hd__a21oi_1)
   0.282   25.573 ^ _086390_/Y (sky130_fd_sc_hd__nor4_2)
   0.292   25.865 ^ wire6514/X (sky130_fd_sc_hd__buf_2)
   0.198   26.063 ^ wire6513/X (sky130_fd_sc_hd__buf_4)
   0.143   26.206 ^ wire6512/X (sky130_fd_sc_hd__buf_6)
   0.135   26.341 ^ wire6511/X (sky130_fd_sc_hd__buf_6)
   0.137   26.478 ^ wire6510/X (sky130_fd_sc_hd__buf_6)
   0.195   26.673 v _086404_/Y (sky130_fd_sc_hd__o22ai_4)
   0.260   26.933 v wire429/X (sky130_fd_sc_hd__buf_16)
   0.570   27.503 ^ _086405_/Y (sky130_fd_sc_hd__nor4_2)
   0.897   28.400 v _086406_/Y (sky130_fd_sc_hd__nand3_1)
   0.017   28.418 v _179911_/D (sky130_fd_sc_hd__edfxtp_1)
           28.418   data arrival time

  10.000   10.000   clock core_clock (rise edge)
   3.926   13.926   clock network delay (propagated)
   0.000   13.926   clock reconvergence pessimism
           13.926 ^ _179911_/CLK (sky130_fd_sc_hd__edfxtp_1)
  -0.578   13.348   library setup time
           13.348   data required time
-----------------------------------------------------------
           13.348   data required time
          -28.418   data arrival time
-----------------------------------------------------------
          -15.070   slack (VIOLATED)


Startpoint: rst_ni (input port clocked by core_clock)
Endpoint: _178996_ (recovery check against rising-edge clock core_clock)
Path Group: asynchronous
Path Type: max

   Delay     Time   Description
-----------------------------------------------------------
   0.000    0.000   clock core_clock (rise edge)
   0.000    0.000   clock network delay (propagated)
   2.000    2.000 ^ input external delay
   0.000    2.000 ^ rst_ni (in)
   0.518    2.518 ^ hold18754/X (sky130_fd_sc_hd__dlygate4sd3_1)
   0.632    3.151 ^ hold18752/X (sky130_fd_sc_hd__dlygate4sd3_1)
   0.200    3.350 ^ wire18272/X (sky130_fd_sc_hd__buf_16)
   0.480    3.830 ^ wire18268/X (sky130_fd_sc_hd__buf_16)
   0.793    4.623 ^ wire18267/X (sky130_fd_sc_hd__buf_16)
   0.608    5.232 ^ wire18264/X (sky130_fd_sc_hd__buf_16)
   0.711    5.942 ^ wire18262/X (sky130_fd_sc_hd__buf_16)
   0.875    6.817 ^ wire18261/X (sky130_fd_sc_hd__buf_16)
   0.494    7.311 ^ wire18260/X (sky130_fd_sc_hd__buf_16)
   0.230    7.542 ^ _178996_/RESET_B (sky130_fd_sc_hd__dfrtp_1)
            7.542   data arrival time

  10.000   10.000   clock core_clock (rise edge)
   3.445   13.445   clock network delay (propagated)
   0.000   13.445   clock reconvergence pessimism
           13.445 ^ _178996_/CLK (sky130_fd_sc_hd__dfrtp_1)
   0.059   13.504   library recovery time
           13.504   data required time
-----------------------------------------------------------
           13.504   data required time
           -7.542   data arrival time
-----------------------------------------------------------
            5.962   slack (MET)


Startpoint: hart_id_i[26] (input port clocked by core_clock)
Endpoint: _179036_ (rising edge-triggered flip-flop clocked by core_clock)
Path Group: core_clock
Path Type: min

   Delay     Time   Description
-----------------------------------------------------------
   0.000    0.000   clock core_clock (rise edge)
   0.000    0.000   clock network delay (propagated)
   2.000    2.000 ^ input external delay
   0.000    2.000 ^ hart_id_i[26] (in)
   0.077    2.077 v _121656_/Y (sky130_fd_sc_hd__a222oi_1)
   0.137    2.214 ^ _121659_/Y (sky130_fd_sc_hd__nand4_1)
   0.083    2.298 v _121665_/Y (sky130_fd_sc_hd__a2111oi_2)
   0.172    2.470 v wire16871/X (sky130_fd_sc_hd__buf_2)
   0.199    2.668 ^ _121666_/Y (sky130_fd_sc_hd__nor2_1)
   0.096    2.764 v _121667_/Y (sky130_fd_sc_hd__a21oi_4)
   0.166    2.930 v wire16627/X (sky130_fd_sc_hd__buf_8)
   0.200    3.130 ^ _122492_/Y (sky130_fd_sc_hd__o21ai_0)
   0.000    3.130 ^ _179036_/D (sky130_fd_sc_hd__dfrtp_1)
            3.130   data arrival time

   0.000    0.000   clock core_clock (rise edge)
   3.462    3.462   clock network delay (propagated)
   0.000    3.462   clock reconvergence pessimism
            3.462 ^ _179036_/CLK (sky130_fd_sc_hd__dfrtp_1)
  -0.034    3.428   library hold time
            3.428   data required time
-----------------------------------------------------------
            3.428   data required time
           -3.130   data arrival time
-----------------------------------------------------------
           -0.298   slack (VIOLATED)


max slew

Pin                                     Limit     Slew    Slack
---------------------------------------------------------------
ANTENNA_562/DIODE                       1.500    2.647   -1.147 (VIOLATED)
_094058_/Y                              1.540    2.620   -1.080 (VIOLATED)
_126192_/Y                              1.484    2.436   -0.951 (VIOLATED)
_126193_/B1_N                           1.500    2.436   -0.936 (VIOLATED)
ANTENNA_563/DIODE                       1.500    2.165   -0.665 (VIOLATED)
_094141_/Y                              1.540    2.145   -0.605 (VIOLATED)
_097560_/Y                              1.540    2.006   -0.466 (VIOLATED)
_103030_/A                              1.500    1.830   -0.330 (VIOLATED)
_102948_/Y                              1.522    1.830   -0.308 (VIOLATED)
_076118_/C                              1.500    1.756   -0.256 (VIOLATED)
_078594_/Y                              1.486    1.739   -0.253 (VIOLATED)
_096685_/Y                              1.488    1.740   -0.253 (VIOLATED)
_076090_/Y                              1.503    1.755   -0.252 (VIOLATED)
_096686_/B1                             1.500    1.740   -0.240 (VIOLATED)
_078608_/A2                             1.500    1.739   -0.239 (VIOLATED)
_087715_/D                              1.500    1.699   -0.199 (VIOLATED)
ANTENNA_504/DIODE                       1.500    1.699   -0.199 (VIOLATED)
_110791_/Y                              1.458    1.647   -0.188 (VIOLATED)
_098102_/Y                              1.496    1.675   -0.178 (VIOLATED)
_088357_/Y                              1.486    1.643   -0.157 (VIOLATED)
_110805_/A2                             1.500    1.647   -0.147 (VIOLATED)
_110792_/A                              1.500    1.647   -0.147 (VIOLATED)
_088371_/A2                             1.500    1.643   -0.143 (VIOLATED)
_087714_/Y                              1.540    1.679   -0.139 (VIOLATED)
_090164_/Y                              1.486    1.615   -0.128 (VIOLATED)
_090165_/B1                             1.500    1.615   -0.115 (VIOLATED)
_091329_/Y                              1.486    1.594   -0.107 (VIOLATED)
_091439_/A                              1.500    1.594   -0.094 (VIOLATED)
_087060_/Y                              1.488    1.576   -0.089 (VIOLATED)
_087061_/B                              1.500    1.576   -0.076 (VIOLATED)
ANTENNA_372/DIODE                       1.500    1.566   -0.066 (VIOLATED)
ANTENNA_377/DIODE                       1.500    1.566   -0.066 (VIOLATED)
_115243_/A2                             1.500    1.566   -0.066 (VIOLATED)
ANTENNA_375/DIODE                       1.500    1.566   -0.066 (VIOLATED)
ANTENNA_373/DIODE                       1.500    1.566   -0.066 (VIOLATED)
ANTENNA_374/DIODE                       1.500    1.566   -0.066 (VIOLATED)
ANTENNA_376/DIODE                       1.500    1.566   -0.066 (VIOLATED)
_115242_/Y                              1.503    1.563   -0.060 (VIOLATED)
_110001_/Y                              1.497    1.550   -0.054 (VIOLATED)
_082082_/Y                              1.486    1.540   -0.053 (VIOLATED)
_090192_/Y                              1.486    1.539   -0.053 (VIOLATED)
_105956_/Y                              1.486    1.535   -0.048 (VIOLATED)
_082083_/B1                             1.500    1.540   -0.040 (VIOLATED)
_089248_/A                              1.500    1.539   -0.039 (VIOLATED)
_090193_/B1                             1.500    1.539   -0.039 (VIOLATED)
_089166_/Y                              1.503    1.539   -0.036 (VIOLATED)
_105957_/B1                             1.500    1.535   -0.035 (VIOLATED)
_069480_/Y                              1.495    1.505   -0.010 (VIOLATED)
_120635_/X                              1.500    1.503   -0.004 (VIOLATED)
_120636_/B1                             1.500    1.504   -0.004 (VIOLATED)
_116280_/A                              1.500    1.503   -0.003 (VIOLATED)
_116181_/B                              1.500    1.501   -0.001 (VIOLATED)
ANTENNA_382/DIODE                       1.500    1.501   -0.001 (VIOLATED)

max capacitance

Pin                                     Limit      Cap    Slack
---------------------------------------------------------------
_094058_/Y                              0.217    0.387   -0.170 (VIOLATED)

_094141_/Y                              0.217    0.315   -0.098 (VIOLATED)

_097560_/Y                              0.217    0.294   -0.077 (VIOLATED)

_126192_/Y                              0.050    0.085   -0.035 (VIOLATED)

_098102_/Y                              0.252    0.282   -0.030 (VIOLATED)

_076090_/Y                              0.137    0.165   -0.027 (VIOLATED)

_087714_/Y                              0.217    0.243   -0.026 (VIOLATED)

_102948_/Y                              0.073    0.091   -0.018 (VIOLATED)

_096685_/Y                              0.064    0.078   -0.014 (VIOLATED)

_110791_/Y                              0.069    0.079   -0.010 (VIOLATED)

_110001_/Y                              0.222    0.231   -0.009 (VIOLATED)

_115242_/Y                              0.137    0.146   -0.009 (VIOLATED)

_078594_/Y                              0.037    0.044   -0.008 (VIOLATED)

_089166_/Y                              0.137    0.144   -0.006 (VIOLATED)

_087060_/Y                              0.064    0.070   -0.006 (VIOLATED)

_088357_/Y                              0.037    0.042   -0.005 (VIOLATED)

_090164_/Y                              0.037    0.041   -0.004 (VIOLATED)

_091329_/Y                              0.037    0.040   -0.004 (VIOLATED)

_069480_/Y                              0.142    0.145   -0.003 (VIOLATED)

_090192_/Y                              0.037    0.039   -0.002 (VIOLATED)

_082082_/Y                              0.037    0.039   -0.002 (VIOLATED)

_105956_/Y                              0.037    0.039   -0.002 (VIOLATED)

_120635_/X                              0.158    0.160   -0.001 (VIOLATED)

