
18. Printing statistics.

=== ibex_top ===

        +----------Local Count, excluding submodules.
        |        +-Local Area, excluding submodules.
        |        | 
    79625        - wires
   127254        - wire bits
     1295        - public wires
    48920        - public wire bits
       54        - ports
      787        - port bits
   126389  1.9E+06 cells
        9  101.347   sky130_fd_sc_hd__a2111o_1
      288 2.52E+03   sky130_fd_sc_hd__a2111oi_0
       29  253.994   sky130_fd_sc_hd__a211o_1
      389 2.92E+03   sky130_fd_sc_hd__a211oi_1
        3   30.029   sky130_fd_sc_hd__a21bo_1
       54  405.389   sky130_fd_sc_hd__a21boi_0
      162 1.22E+03   sky130_fd_sc_hd__a21o_1
     7608 3.81E+04   sky130_fd_sc_hd__a21oi_1
       98  980.941   sky130_fd_sc_hd__a221o_1
      558 4.89E+03   sky130_fd_sc_hd__a221oi_1
      406 4.06E+03   sky130_fd_sc_hd__a222oi_1
     3027 2.65E+04   sky130_fd_sc_hd__a22o_1
     9203 6.91E+04   sky130_fd_sc_hd__a22oi_1
       15  131.376   sky130_fd_sc_hd__a2bb2oi_1
        4   40.038   sky130_fd_sc_hd__a311o_1
       17  148.893   sky130_fd_sc_hd__a311oi_1
       18  157.651   sky130_fd_sc_hd__a31o_1
      622 3.89E+03   sky130_fd_sc_hd__a31oi_1
       23  230.221   sky130_fd_sc_hd__a32o_1
       40  350.336   sky130_fd_sc_hd__a32oi_1
        5   50.048   sky130_fd_sc_hd__a41o_1
     4683  4.1E+04   sky130_fd_sc_hd__a41oi_1
      253 1.58E+03   sky130_fd_sc_hd__and2_0
      251 1.57E+03   sky130_fd_sc_hd__and3_1
        4   35.034   sky130_fd_sc_hd__and3b_1
       35  306.544   sky130_fd_sc_hd__and4_1
       12  120.115   sky130_fd_sc_hd__and4b_1
       32  120.115   sky130_fd_sc_hd__buf_1
      653 2.45E+03   sky130_fd_sc_hd__clkinv_1
        2    7.507   sky130_fd_sc_hd__conb_1
     1955 4.89E+04   sky130_fd_sc_hd__dfrtp_1
        6  157.651   sky130_fd_sc_hd__dfstp_2
       99 1.98E+03   sky130_fd_sc_hd__dfxtp_1
        1   15.014   sky130_fd_sc_hd__dlxtn_1
    45590 1.37E+06   sky130_fd_sc_hd__edfxtp_1
      162 1.01E+03   sky130_fd_sc_hd__lpflow_inputiso1p_1
      314 1.96E+03   sky130_fd_sc_hd__lpflow_isobufsrc_1
      655 6.56E+03   sky130_fd_sc_hd__maj3_1
      146 1.64E+03   sky130_fd_sc_hd__mux2_1
      179 1.79E+03   sky130_fd_sc_hd__mux2i_1
       22  495.475   sky130_fd_sc_hd__mux4_2
     5896 2.21E+04   sky130_fd_sc_hd__nand2_1
      290  1814.24   sky130_fd_sc_hd__nand2b_1
    23860 1.19E+05   sky130_fd_sc_hd__nand3_1
       23  172.666   sky130_fd_sc_hd__nand3b_1
     1559 9.75E+03   sky130_fd_sc_hd__nand4_1
       36  315.302   sky130_fd_sc_hd__nand4b_1
        6   67.565   sky130_fd_sc_hd__nand4bb_1
     3724  1.4E+04   sky130_fd_sc_hd__nor2_1
       49  306.544   sky130_fd_sc_hd__nor2b_1
      669 3.35E+03   sky130_fd_sc_hd__nor3_1
       36  270.259   sky130_fd_sc_hd__nor3b_1
     1361 8.51E+03   sky130_fd_sc_hd__nor4_1
       26  227.718   sky130_fd_sc_hd__nor4b_1
        7   70.067   sky130_fd_sc_hd__nor4bb_1
       29  326.563   sky130_fd_sc_hd__o2111a_1
      128 1.12E+03   sky130_fd_sc_hd__o2111ai_1
       22  220.211   sky130_fd_sc_hd__o211a_1
      498 3.74E+03   sky130_fd_sc_hd__o211ai_1
      166 1.25E+03   sky130_fd_sc_hd__o21a_1
     4645 2.32E+04   sky130_fd_sc_hd__o21ai_0
        4   40.038   sky130_fd_sc_hd__o21ba_1
       90  675.648   sky130_fd_sc_hd__o21bai_1
       38   427.91   sky130_fd_sc_hd__o221a_1
      290 2.54E+03   sky130_fd_sc_hd__o221ai_1
      105  919.632   sky130_fd_sc_hd__o22a_1
      675   4222.8   sky130_fd_sc_hd__o22ai_1
       18  157.651   sky130_fd_sc_hd__o2bb2ai_1
        8   80.077   sky130_fd_sc_hd__o311a_1
       23  201.443   sky130_fd_sc_hd__o311ai_0
      194  1699.13   sky130_fd_sc_hd__o31a_1
      165 1.24E+03   sky130_fd_sc_hd__o31ai_1
       13  130.125   sky130_fd_sc_hd__o32a_1
       20  175.168   sky130_fd_sc_hd__o32ai_1
      221 2.49E+03   sky130_fd_sc_hd__o41a_1
      480  4.2E+03   sky130_fd_sc_hd__o41ai_1
      118  738.208   sky130_fd_sc_hd__or3_1
        6    52.55   sky130_fd_sc_hd__or3b_1
      353 2.65E+03   sky130_fd_sc_hd__or4_1
       11  110.106   sky130_fd_sc_hd__or4b_1
     1782 1.56E+04   sky130_fd_sc_hd__xnor2_1
       42  945.907   sky130_fd_sc_hd__xnor3_1
     1054 9.23E+03   sky130_fd_sc_hd__xor2_1
       17  404.138   sky130_fd_sc_hd__xor3_1

   Chip area for module '\ibex_top': 1896047.209599
     of which used for sequential elements: 1420074.463999 (74.90%)

