Startpoint: rst_ni (input port clocked by clk_i)
Endpoint: _157168_ (recovery check against rising-edge clock clk_i)
Path Group: asynchronous
Path Type: max

  Delay    Time   Description
---------------------------------------------------------
   0.00    0.00   clock clk_i (rise edge)
   0.00    0.00   clock network delay (ideal)
   0.00    0.00 ^ input external delay
   0.00    0.00 ^ rst_ni (in)
   0.00    0.00 ^ _157168_/SET_B (sky130_fd_sc_hd__dfstp_2)
           0.00   data arrival time

  10.00   10.00   clock clk_i (rise edge)
   0.00   10.00   clock network delay (ideal)
   0.00   10.00   clock reconvergence pessimism
          10.00 ^ _157168_/CLK (sky130_fd_sc_hd__dfstp_2)
   0.13   10.13   library recovery time
          10.13   data required time
---------------------------------------------------------
          10.13   data required time
          -0.00   data arrival time
---------------------------------------------------------
          10.13   slack (MET)


Startpoint: rst_ni (input port clocked by clk_i)
Endpoint: _157169_ (recovery check against rising-edge clock clk_i)
Path Group: asynchronous
Path Type: max

  Delay    Time   Description
---------------------------------------------------------
   0.00    0.00   clock clk_i (rise edge)
   0.00    0.00   clock network delay (ideal)
   0.00    0.00 ^ input external delay
   0.00    0.00 ^ rst_ni (in)
   0.00    0.00 ^ _157169_/SET_B (sky130_fd_sc_hd__dfstp_2)
           0.00   data arrival time

  10.00   10.00   clock clk_i (rise edge)
   0.00   10.00   clock network delay (ideal)
   0.00   10.00   clock reconvergence pessimism
          10.00 ^ _157169_/CLK (sky130_fd_sc_hd__dfstp_2)
   0.13   10.13   library recovery time
          10.13   data required time
---------------------------------------------------------
          10.13   data required time
          -0.00   data arrival time
---------------------------------------------------------
          10.13   slack (MET)


Startpoint: rst_ni (input port clocked by clk_i)
Endpoint: _201932_ (recovery check against rising-edge clock clk_i)
Path Group: asynchronous
Path Type: max

  Delay    Time   Description
---------------------------------------------------------
   0.00    0.00   clock clk_i (rise edge)
   0.00    0.00   clock network delay (ideal)
   0.00    0.00 ^ input external delay
   0.00    0.00 ^ rst_ni (in)
   0.00    0.00 ^ _201932_/SET_B (sky130_fd_sc_hd__dfstp_2)
           0.00   data arrival time

  10.00   10.00   clock clk_i (rise edge)
   0.00   10.00   clock network delay (ideal)
   0.00   10.00   clock reconvergence pessimism
          10.00 ^ _201932_/CLK (sky130_fd_sc_hd__dfstp_2)
   0.13   10.13   library recovery time
          10.13   data required time
---------------------------------------------------------
          10.13   data required time
          -0.00   data arrival time
---------------------------------------------------------
          10.13   slack (MET)


Startpoint: rst_ni (input port clocked by clk_i)
Endpoint: _203127_ (recovery check against rising-edge clock clk_i)
Path Group: asynchronous
Path Type: max

  Delay    Time   Description
---------------------------------------------------------
   0.00    0.00   clock clk_i (rise edge)
   0.00    0.00   clock network delay (ideal)
   0.00    0.00 ^ input external delay
   0.00    0.00 ^ rst_ni (in)
   0.00    0.00 ^ _203127_/SET_B (sky130_fd_sc_hd__dfstp_2)
           0.00   data arrival time

  10.00   10.00   clock clk_i (rise edge)
   0.00   10.00   clock network delay (ideal)
   0.00   10.00   clock reconvergence pessimism
          10.00 ^ _203127_/CLK (sky130_fd_sc_hd__dfstp_2)
   0.13   10.13   library recovery time
          10.13   data required time
---------------------------------------------------------
          10.13   data required time
          -0.00   data arrival time
---------------------------------------------------------
          10.13   slack (MET)


Startpoint: rst_ni (input port clocked by clk_i)
Endpoint: _203344_ (recovery check against rising-edge clock clk_i)
Path Group: asynchronous
Path Type: max

  Delay    Time   Description
---------------------------------------------------------
   0.00    0.00   clock clk_i (rise edge)
   0.00    0.00   clock network delay (ideal)
   0.00    0.00 ^ input external delay
   0.00    0.00 ^ rst_ni (in)
   0.00    0.00 ^ _203344_/SET_B (sky130_fd_sc_hd__dfstp_2)
           0.00   data arrival time

  10.00   10.00   clock clk_i (rise edge)
   0.00   10.00   clock network delay (ideal)
   0.00   10.00   clock reconvergence pessimism
          10.00 ^ _203344_/CLK (sky130_fd_sc_hd__dfstp_2)
   0.13   10.13   library recovery time
          10.13   data required time
---------------------------------------------------------
          10.13   data required time
          -0.00   data arrival time
---------------------------------------------------------
          10.13   slack (MET)


Startpoint: _204274_ (negative level-sensitive latch clocked by clk_i)
Endpoint: _141476_ (rising clock gating-check end-point clocked by clk_i)
Path Group: gated clock
Path Type: max

  Delay    Time   Description
---------------------------------------------------------
   5.00    5.00   clock clk_i (fall edge)
   0.00    5.00   clock network delay (ideal)
   0.00    5.00 v _204274_/GATE_N (sky130_fd_sc_hd__dlxtn_1)
   0.36    5.36 ^ _204274_/Q (sky130_fd_sc_hd__dlxtn_1)
   0.00    5.36 ^ _141476_/A (sky130_fd_sc_hd__and2_0)
           5.36   data arrival time

  10.00   10.00   clock clk_i (rise edge)
   0.00   10.00   clock network delay (ideal)
   0.00   10.00   clock reconvergence pessimism
          10.00 ^ _141476_/B (sky130_fd_sc_hd__and2_0)
   0.00   10.00   clock gating setup time
          10.00   data required time
---------------------------------------------------------
          10.00   data required time
          -5.36   data arrival time
---------------------------------------------------------
           4.64   slack (MET)


Startpoint: _202582_ (rising edge-triggered flip-flop clocked by clk_i)
Endpoint: _204038_ (rising edge-triggered flip-flop clocked by clk_i)
Path Group: clk_i
Path Type: max

  Delay    Time   Description
---------------------------------------------------------
   0.00    0.00   clock clk_i (rise edge)
   0.00    0.00   clock network delay (ideal)
   0.00    0.00 ^ _202582_/CLK (sky130_fd_sc_hd__edfxtp_1)
   4.58    4.58 ^ _202582_/Q (sky130_fd_sc_hd__edfxtp_1)
   9.62   14.20 v _078613_/Y (sky130_fd_sc_hd__nor2_1)
   2.41   16.61 ^ _078618_/Y (sky130_fd_sc_hd__nand3_1)
   0.15   16.76 v _078843_/Y (sky130_fd_sc_hd__a2111oi_0)
   0.26   17.01 v _078846_/X (sky130_fd_sc_hd__o22a_1)
   0.11   17.13 ^ _078847_/Y (sky130_fd_sc_hd__o22ai_1)
   0.15   17.28 v _078850_/Y (sky130_fd_sc_hd__a31oi_1)
   1.42   18.70 v _078863_/X (sky130_fd_sc_hd__o2111a_1)
   0.49   19.20 ^ _079457_/Y (sky130_fd_sc_hd__nand2_1)
   0.12   19.32 v _079459_/Y (sky130_fd_sc_hd__a221oi_1)
   0.43   19.75 ^ _079460_/Y (sky130_fd_sc_hd__a21oi_1)
   0.26   20.01 ^ _079546_/X (sky130_fd_sc_hd__maj3_1)
   0.21   20.22 ^ _079548_/X (sky130_fd_sc_hd__maj3_1)
   0.21   20.43 ^ _079550_/X (sky130_fd_sc_hd__maj3_1)
   0.21   20.64 ^ _079552_/X (sky130_fd_sc_hd__maj3_1)
   0.21   20.84 ^ _079554_/X (sky130_fd_sc_hd__maj3_1)
   0.21   21.05 ^ _079556_/X (sky130_fd_sc_hd__maj3_1)
   0.21   21.26 ^ _079558_/X (sky130_fd_sc_hd__maj3_1)
   0.21   21.46 ^ _079560_/X (sky130_fd_sc_hd__maj3_1)
   0.20   21.66 ^ _080629_/X (sky130_fd_sc_hd__maj3_1)
   0.22   21.88 ^ _080631_/X (sky130_fd_sc_hd__maj3_1)
   0.10   21.98 v _080635_/Y (sky130_fd_sc_hd__a211oi_1)
   0.57   22.56 ^ _080638_/Y (sky130_fd_sc_hd__o311ai_0)
   0.28   22.83 ^ _080642_/X (sky130_fd_sc_hd__a311o_1)
   0.13   22.97 v _080645_/Y (sky130_fd_sc_hd__a311oi_1)
   0.34   23.31 v _080648_/X (sky130_fd_sc_hd__o311a_1)
   0.52   23.82 ^ _081406_/Y (sky130_fd_sc_hd__o311ai_0)
   0.23   24.06 v _081409_/Y (sky130_fd_sc_hd__a311oi_1)
   0.36   24.42 v _081412_/X (sky130_fd_sc_hd__o311a_1)
   0.31   24.73 v _081415_/X (sky130_fd_sc_hd__o311a_1)
   0.27   25.00 ^ _082976_/Y (sky130_fd_sc_hd__o31ai_1)
   0.16   25.16 v _083086_/Y (sky130_fd_sc_hd__o21ai_0)
   0.71   25.87 ^ _083164_/Y (sky130_fd_sc_hd__xnor2_1)
   0.42   26.29 v _083165_/Y (sky130_fd_sc_hd__clkinv_1)
   0.32   26.61 ^ _084186_/Y (sky130_fd_sc_hd__a21oi_1)
   0.41   27.03 v _084188_/Y (sky130_fd_sc_hd__o21ai_0)
   0.34   27.36 ^ _084408_/Y (sky130_fd_sc_hd__o221ai_1)
   0.10   27.46 v _084409_/Y (sky130_fd_sc_hd__o32ai_1)
   0.32   27.79 ^ _084473_/Y (sky130_fd_sc_hd__nor4_1)
   0.38   28.16 v _084474_/Y (sky130_fd_sc_hd__nand3_1)
   0.74   28.90 ^ _084475_/Y (sky130_fd_sc_hd__clkinv_1)
   0.19   29.09 v _084592_/Y (sky130_fd_sc_hd__o31ai_1)
 581.71  610.80 ^ _084594_/Y (sky130_fd_sc_hd__o21ai_0)
23802.08 24412.88 v _084597_/Y (sky130_fd_sc_hd__nor2_1)
2050.83 26463.71 v _120143_/X (sky130_fd_sc_hd__a22o_1)
  34.50 26498.21 ^ _120144_/Y (sky130_fd_sc_hd__o21ai_0)
   0.44 26498.65 v _120146_/Y (sky130_fd_sc_hd__a31oi_1)
   0.93 26499.58 ^ _120225_/Y (sky130_fd_sc_hd__a2111oi_0)
   0.13 26499.71 v _120229_/Y (sky130_fd_sc_hd__nand4_1)
   0.00 26499.71 v _204038_/D (sky130_fd_sc_hd__edfxtp_1)
        26499.71   data arrival time

  10.00   10.00   clock clk_i (rise edge)
   0.00   10.00   clock network delay (ideal)
   0.00   10.00   clock reconvergence pessimism
          10.00 ^ _204038_/CLK (sky130_fd_sc_hd__edfxtp_1)
  -0.73    9.27   library setup time
           9.27   data required time
---------------------------------------------------------
           9.27   data required time
        -26499.71   data arrival time
---------------------------------------------------------
        -26490.44   slack (VIOLATED)


Startpoint: _202582_ (rising edge-triggered flip-flop clocked by clk_i)
Endpoint: _204044_ (rising edge-triggered flip-flop clocked by clk_i)
Path Group: clk_i
Path Type: max

  Delay    Time   Description
---------------------------------------------------------
   0.00    0.00   clock clk_i (rise edge)
   0.00    0.00   clock network delay (ideal)
   0.00    0.00 ^ _202582_/CLK (sky130_fd_sc_hd__edfxtp_1)
   4.58    4.58 ^ _202582_/Q (sky130_fd_sc_hd__edfxtp_1)
   9.62   14.20 v _078613_/Y (sky130_fd_sc_hd__nor2_1)
   2.41   16.61 ^ _078618_/Y (sky130_fd_sc_hd__nand3_1)
   0.15   16.76 v _078843_/Y (sky130_fd_sc_hd__a2111oi_0)
   0.26   17.01 v _078846_/X (sky130_fd_sc_hd__o22a_1)
   0.11   17.13 ^ _078847_/Y (sky130_fd_sc_hd__o22ai_1)
   0.15   17.28 v _078850_/Y (sky130_fd_sc_hd__a31oi_1)
   1.42   18.70 v _078863_/X (sky130_fd_sc_hd__o2111a_1)
   0.49   19.20 ^ _079457_/Y (sky130_fd_sc_hd__nand2_1)
   0.12   19.32 v _079459_/Y (sky130_fd_sc_hd__a221oi_1)
   0.43   19.75 ^ _079460_/Y (sky130_fd_sc_hd__a21oi_1)
   0.26   20.01 ^ _079546_/X (sky130_fd_sc_hd__maj3_1)
   0.21   20.22 ^ _079548_/X (sky130_fd_sc_hd__maj3_1)
   0.21   20.43 ^ _079550_/X (sky130_fd_sc_hd__maj3_1)
   0.21   20.64 ^ _079552_/X (sky130_fd_sc_hd__maj3_1)
   0.21   20.84 ^ _079554_/X (sky130_fd_sc_hd__maj3_1)
   0.21   21.05 ^ _079556_/X (sky130_fd_sc_hd__maj3_1)
   0.21   21.26 ^ _079558_/X (sky130_fd_sc_hd__maj3_1)
   0.21   21.46 ^ _079560_/X (sky130_fd_sc_hd__maj3_1)
   0.20   21.66 ^ _080629_/X (sky130_fd_sc_hd__maj3_1)
   0.22   21.88 ^ _080631_/X (sky130_fd_sc_hd__maj3_1)
   0.10   21.98 v _080635_/Y (sky130_fd_sc_hd__a211oi_1)
   0.57   22.56 ^ _080638_/Y (sky130_fd_sc_hd__o311ai_0)
   0.28   22.83 ^ _080642_/X (sky130_fd_sc_hd__a311o_1)
   0.13   22.97 v _080645_/Y (sky130_fd_sc_hd__a311oi_1)
   0.34   23.31 v _080648_/X (sky130_fd_sc_hd__o311a_1)
   0.52   23.82 ^ _081406_/Y (sky130_fd_sc_hd__o311ai_0)
   0.23   24.06 v _081409_/Y (sky130_fd_sc_hd__a311oi_1)
   0.36   24.42 v _081412_/X (sky130_fd_sc_hd__o311a_1)
   0.31   24.73 v _081415_/X (sky130_fd_sc_hd__o311a_1)
   0.27   25.00 ^ _082976_/Y (sky130_fd_sc_hd__o31ai_1)
   0.16   25.16 v _083086_/Y (sky130_fd_sc_hd__o21ai_0)
   0.71   25.87 ^ _083164_/Y (sky130_fd_sc_hd__xnor2_1)
   0.42   26.29 v _083165_/Y (sky130_fd_sc_hd__clkinv_1)
   0.32   26.61 ^ _084186_/Y (sky130_fd_sc_hd__a21oi_1)
   0.41   27.03 v _084188_/Y (sky130_fd_sc_hd__o21ai_0)
   0.34   27.36 ^ _084408_/Y (sky130_fd_sc_hd__o221ai_1)
   0.10   27.46 v _084409_/Y (sky130_fd_sc_hd__o32ai_1)
   0.32   27.79 ^ _084473_/Y (sky130_fd_sc_hd__nor4_1)
   0.38   28.16 v _084474_/Y (sky130_fd_sc_hd__nand3_1)
   0.74   28.90 ^ _084475_/Y (sky130_fd_sc_hd__clkinv_1)
   0.19   29.09 v _084592_/Y (sky130_fd_sc_hd__o31ai_1)
 581.71  610.80 ^ _084594_/Y (sky130_fd_sc_hd__o21ai_0)
23802.08 24412.88 v _084597_/Y (sky130_fd_sc_hd__nor2_1)
2050.83 26463.71 v _118429_/X (sky130_fd_sc_hd__a22o_1)
  34.50 26498.21 ^ _118430_/Y (sky130_fd_sc_hd__o21ai_0)
   0.44 26498.65 v _118432_/Y (sky130_fd_sc_hd__a31oi_1)
   0.93 26499.58 ^ _118488_/Y (sky130_fd_sc_hd__a2111oi_0)
   0.13 26499.72 v _118494_/Y (sky130_fd_sc_hd__nand4_1)
   0.00 26499.72 v _204044_/D (sky130_fd_sc_hd__edfxtp_1)
        26499.72   data arrival time

  10.00   10.00   clock clk_i (rise edge)
   0.00   10.00   clock network delay (ideal)
   0.00   10.00   clock reconvergence pessimism
          10.00 ^ _204044_/CLK (sky130_fd_sc_hd__edfxtp_1)
  -0.73    9.27   library setup time
           9.27   data required time
---------------------------------------------------------
           9.27   data required time
        -26499.72   data arrival time
---------------------------------------------------------
        -26490.45   slack (VIOLATED)


Startpoint: _202582_ (rising edge-triggered flip-flop clocked by clk_i)
Endpoint: _204057_ (rising edge-triggered flip-flop clocked by clk_i)
Path Group: clk_i
Path Type: max

  Delay    Time   Description
---------------------------------------------------------
   0.00    0.00   clock clk_i (rise edge)
   0.00    0.00   clock network delay (ideal)
   0.00    0.00 ^ _202582_/CLK (sky130_fd_sc_hd__edfxtp_1)
   4.58    4.58 ^ _202582_/Q (sky130_fd_sc_hd__edfxtp_1)
   9.62   14.20 v _078613_/Y (sky130_fd_sc_hd__nor2_1)
   2.41   16.61 ^ _078618_/Y (sky130_fd_sc_hd__nand3_1)
   0.15   16.76 v _078843_/Y (sky130_fd_sc_hd__a2111oi_0)
   0.26   17.01 v _078846_/X (sky130_fd_sc_hd__o22a_1)
   0.11   17.13 ^ _078847_/Y (sky130_fd_sc_hd__o22ai_1)
   0.15   17.28 v _078850_/Y (sky130_fd_sc_hd__a31oi_1)
   1.42   18.70 v _078863_/X (sky130_fd_sc_hd__o2111a_1)
   0.49   19.20 ^ _079457_/Y (sky130_fd_sc_hd__nand2_1)
   0.12   19.32 v _079459_/Y (sky130_fd_sc_hd__a221oi_1)
   0.43   19.75 ^ _079460_/Y (sky130_fd_sc_hd__a21oi_1)
   0.26   20.01 ^ _079546_/X (sky130_fd_sc_hd__maj3_1)
   0.21   20.22 ^ _079548_/X (sky130_fd_sc_hd__maj3_1)
   0.21   20.43 ^ _079550_/X (sky130_fd_sc_hd__maj3_1)
   0.21   20.64 ^ _079552_/X (sky130_fd_sc_hd__maj3_1)
   0.21   20.84 ^ _079554_/X (sky130_fd_sc_hd__maj3_1)
   0.21   21.05 ^ _079556_/X (sky130_fd_sc_hd__maj3_1)
   0.21   21.26 ^ _079558_/X (sky130_fd_sc_hd__maj3_1)
   0.21   21.46 ^ _079560_/X (sky130_fd_sc_hd__maj3_1)
   0.20   21.66 ^ _080629_/X (sky130_fd_sc_hd__maj3_1)
   0.22   21.88 ^ _080631_/X (sky130_fd_sc_hd__maj3_1)
   0.10   21.98 v _080635_/Y (sky130_fd_sc_hd__a211oi_1)
   0.57   22.56 ^ _080638_/Y (sky130_fd_sc_hd__o311ai_0)
   0.28   22.83 ^ _080642_/X (sky130_fd_sc_hd__a311o_1)
   0.13   22.97 v _080645_/Y (sky130_fd_sc_hd__a311oi_1)
   0.34   23.31 v _080648_/X (sky130_fd_sc_hd__o311a_1)
   0.52   23.82 ^ _081406_/Y (sky130_fd_sc_hd__o311ai_0)
   0.23   24.06 v _081409_/Y (sky130_fd_sc_hd__a311oi_1)
   0.36   24.42 v _081412_/X (sky130_fd_sc_hd__o311a_1)
   0.31   24.73 v _081415_/X (sky130_fd_sc_hd__o311a_1)
   0.27   25.00 ^ _082976_/Y (sky130_fd_sc_hd__o31ai_1)
   0.16   25.16 v _083086_/Y (sky130_fd_sc_hd__o21ai_0)
   0.71   25.87 ^ _083164_/Y (sky130_fd_sc_hd__xnor2_1)
   0.42   26.29 v _083165_/Y (sky130_fd_sc_hd__clkinv_1)
   0.32   26.61 ^ _084186_/Y (sky130_fd_sc_hd__a21oi_1)
   0.41   27.03 v _084188_/Y (sky130_fd_sc_hd__o21ai_0)
   0.34   27.36 ^ _084408_/Y (sky130_fd_sc_hd__o221ai_1)
   0.10   27.46 v _084409_/Y (sky130_fd_sc_hd__o32ai_1)
   0.32   27.79 ^ _084473_/Y (sky130_fd_sc_hd__nor4_1)
   0.38   28.16 v _084474_/Y (sky130_fd_sc_hd__nand3_1)
   0.74   28.90 ^ _084475_/Y (sky130_fd_sc_hd__clkinv_1)
   0.19   29.09 v _084592_/Y (sky130_fd_sc_hd__o31ai_1)
 581.71  610.80 ^ _084594_/Y (sky130_fd_sc_hd__o21ai_0)
23802.08 24412.88 v _084597_/Y (sky130_fd_sc_hd__nor2_1)
2050.83 26463.71 v _114508_/X (sky130_fd_sc_hd__a22o_1)
  34.50 26498.21 ^ _114509_/Y (sky130_fd_sc_hd__o21ai_0)
   0.57 26498.79 v _114516_/Y (sky130_fd_sc_hd__a31oi_1)
   0.83 26499.61 ^ _114517_/Y (sky130_fd_sc_hd__o31ai_1)
   0.12 26499.73 v _114758_/Y (sky130_fd_sc_hd__nand4_1)
   0.00 26499.73 v _204057_/D (sky130_fd_sc_hd__edfxtp_1)
        26499.73   data arrival time

  10.00   10.00   clock clk_i (rise edge)
   0.00   10.00   clock network delay (ideal)
   0.00   10.00   clock reconvergence pessimism
          10.00 ^ _204057_/CLK (sky130_fd_sc_hd__edfxtp_1)
  -0.72    9.28   library setup time
           9.28   data required time
---------------------------------------------------------
           9.28   data required time
        -26499.73   data arrival time
---------------------------------------------------------
        -26490.46   slack (VIOLATED)


Startpoint: _202582_ (rising edge-triggered flip-flop clocked by clk_i)
Endpoint: _204063_ (rising edge-triggered flip-flop clocked by clk_i)
Path Group: clk_i
Path Type: max

  Delay    Time   Description
---------------------------------------------------------
   0.00    0.00   clock clk_i (rise edge)
   0.00    0.00   clock network delay (ideal)
   0.00    0.00 ^ _202582_/CLK (sky130_fd_sc_hd__edfxtp_1)
   4.58    4.58 ^ _202582_/Q (sky130_fd_sc_hd__edfxtp_1)
   9.62   14.20 v _078613_/Y (sky130_fd_sc_hd__nor2_1)
   2.41   16.61 ^ _078618_/Y (sky130_fd_sc_hd__nand3_1)
   0.15   16.76 v _078843_/Y (sky130_fd_sc_hd__a2111oi_0)
   0.26   17.01 v _078846_/X (sky130_fd_sc_hd__o22a_1)
   0.11   17.13 ^ _078847_/Y (sky130_fd_sc_hd__o22ai_1)
   0.15   17.28 v _078850_/Y (sky130_fd_sc_hd__a31oi_1)
   1.42   18.70 v _078863_/X (sky130_fd_sc_hd__o2111a_1)
   0.49   19.20 ^ _079457_/Y (sky130_fd_sc_hd__nand2_1)
   0.12   19.32 v _079459_/Y (sky130_fd_sc_hd__a221oi_1)
   0.43   19.75 ^ _079460_/Y (sky130_fd_sc_hd__a21oi_1)
   0.26   20.01 ^ _079546_/X (sky130_fd_sc_hd__maj3_1)
   0.21   20.22 ^ _079548_/X (sky130_fd_sc_hd__maj3_1)
   0.21   20.43 ^ _079550_/X (sky130_fd_sc_hd__maj3_1)
   0.21   20.64 ^ _079552_/X (sky130_fd_sc_hd__maj3_1)
   0.21   20.84 ^ _079554_/X (sky130_fd_sc_hd__maj3_1)
   0.21   21.05 ^ _079556_/X (sky130_fd_sc_hd__maj3_1)
   0.21   21.26 ^ _079558_/X (sky130_fd_sc_hd__maj3_1)
   0.21   21.46 ^ _079560_/X (sky130_fd_sc_hd__maj3_1)
   0.20   21.66 ^ _080629_/X (sky130_fd_sc_hd__maj3_1)
   0.22   21.88 ^ _080631_/X (sky130_fd_sc_hd__maj3_1)
   0.10   21.98 v _080635_/Y (sky130_fd_sc_hd__a211oi_1)
   0.57   22.56 ^ _080638_/Y (sky130_fd_sc_hd__o311ai_0)
   0.28   22.83 ^ _080642_/X (sky130_fd_sc_hd__a311o_1)
   0.13   22.97 v _080645_/Y (sky130_fd_sc_hd__a311oi_1)
   0.34   23.31 v _080648_/X (sky130_fd_sc_hd__o311a_1)
   0.52   23.82 ^ _081406_/Y (sky130_fd_sc_hd__o311ai_0)
   0.23   24.06 v _081409_/Y (sky130_fd_sc_hd__a311oi_1)
   0.36   24.42 v _081412_/X (sky130_fd_sc_hd__o311a_1)
   0.31   24.73 v _081415_/X (sky130_fd_sc_hd__o311a_1)
   0.27   25.00 ^ _082976_/Y (sky130_fd_sc_hd__o31ai_1)
   0.16   25.16 v _083086_/Y (sky130_fd_sc_hd__o21ai_0)
   0.71   25.87 ^ _083164_/Y (sky130_fd_sc_hd__xnor2_1)
   0.42   26.29 v _083165_/Y (sky130_fd_sc_hd__clkinv_1)
   0.32   26.61 ^ _084186_/Y (sky130_fd_sc_hd__a21oi_1)
   0.41   27.03 v _084188_/Y (sky130_fd_sc_hd__o21ai_0)
   0.34   27.36 ^ _084408_/Y (sky130_fd_sc_hd__o221ai_1)
   0.10   27.46 v _084409_/Y (sky130_fd_sc_hd__o32ai_1)
   0.32   27.79 ^ _084473_/Y (sky130_fd_sc_hd__nor4_1)
   0.38   28.16 v _084474_/Y (sky130_fd_sc_hd__nand3_1)
   0.74   28.90 ^ _084475_/Y (sky130_fd_sc_hd__clkinv_1)
   0.19   29.09 v _084592_/Y (sky130_fd_sc_hd__o31ai_1)
 581.71  610.80 ^ _084594_/Y (sky130_fd_sc_hd__o21ai_0)
23802.08 24412.88 v _084597_/Y (sky130_fd_sc_hd__nor2_1)
2050.83 26463.71 v _112820_/X (sky130_fd_sc_hd__a22o_1)
  34.50 26498.21 ^ _112821_/Y (sky130_fd_sc_hd__o21ai_0)
   0.44 26498.65 v _112823_/Y (sky130_fd_sc_hd__a31oi_1)
   0.93 26499.58 ^ _113035_/Y (sky130_fd_sc_hd__a2111oi_0)
   0.14 26499.72 v _113036_/Y (sky130_fd_sc_hd__nand4_1)
   0.00 26499.72 v _204063_/D (sky130_fd_sc_hd__edfxtp_1)
        26499.72   data arrival time

  10.00   10.00   clock clk_i (rise edge)
   0.00   10.00   clock network delay (ideal)
   0.00   10.00   clock reconvergence pessimism
          10.00 ^ _204063_/CLK (sky130_fd_sc_hd__edfxtp_1)
  -0.73    9.27   library setup time
           9.27   data required time
---------------------------------------------------------
           9.27   data required time
        -26499.72   data arrival time
---------------------------------------------------------
        -26490.45   slack (VIOLATED)


Startpoint: _202582_ (rising edge-triggered flip-flop clocked by clk_i)
Endpoint: _204069_ (rising edge-triggered flip-flop clocked by clk_i)
Path Group: clk_i
Path Type: max

  Delay    Time   Description
---------------------------------------------------------
   0.00    0.00   clock clk_i (rise edge)
   0.00    0.00   clock network delay (ideal)
   0.00    0.00 ^ _202582_/CLK (sky130_fd_sc_hd__edfxtp_1)
   4.58    4.58 ^ _202582_/Q (sky130_fd_sc_hd__edfxtp_1)
   9.62   14.20 v _078613_/Y (sky130_fd_sc_hd__nor2_1)
   2.41   16.61 ^ _078618_/Y (sky130_fd_sc_hd__nand3_1)
   0.15   16.76 v _078843_/Y (sky130_fd_sc_hd__a2111oi_0)
   0.26   17.01 v _078846_/X (sky130_fd_sc_hd__o22a_1)
   0.11   17.13 ^ _078847_/Y (sky130_fd_sc_hd__o22ai_1)
   0.15   17.28 v _078850_/Y (sky130_fd_sc_hd__a31oi_1)
   1.42   18.70 v _078863_/X (sky130_fd_sc_hd__o2111a_1)
   0.49   19.20 ^ _079457_/Y (sky130_fd_sc_hd__nand2_1)
   0.12   19.32 v _079459_/Y (sky130_fd_sc_hd__a221oi_1)
   0.43   19.75 ^ _079460_/Y (sky130_fd_sc_hd__a21oi_1)
   0.26   20.01 ^ _079546_/X (sky130_fd_sc_hd__maj3_1)
   0.21   20.22 ^ _079548_/X (sky130_fd_sc_hd__maj3_1)
   0.21   20.43 ^ _079550_/X (sky130_fd_sc_hd__maj3_1)
   0.21   20.64 ^ _079552_/X (sky130_fd_sc_hd__maj3_1)
   0.21   20.84 ^ _079554_/X (sky130_fd_sc_hd__maj3_1)
   0.21   21.05 ^ _079556_/X (sky130_fd_sc_hd__maj3_1)
   0.21   21.26 ^ _079558_/X (sky130_fd_sc_hd__maj3_1)
   0.21   21.46 ^ _079560_/X (sky130_fd_sc_hd__maj3_1)
   0.20   21.66 ^ _080629_/X (sky130_fd_sc_hd__maj3_1)
   0.22   21.88 ^ _080631_/X (sky130_fd_sc_hd__maj3_1)
   0.10   21.98 v _080635_/Y (sky130_fd_sc_hd__a211oi_1)
   0.57   22.56 ^ _080638_/Y (sky130_fd_sc_hd__o311ai_0)
   0.28   22.83 ^ _080642_/X (sky130_fd_sc_hd__a311o_1)
   0.13   22.97 v _080645_/Y (sky130_fd_sc_hd__a311oi_1)
   0.34   23.31 v _080648_/X (sky130_fd_sc_hd__o311a_1)
   0.52   23.82 ^ _081406_/Y (sky130_fd_sc_hd__o311ai_0)
   0.23   24.06 v _081409_/Y (sky130_fd_sc_hd__a311oi_1)
   0.36   24.42 v _081412_/X (sky130_fd_sc_hd__o311a_1)
   0.31   24.73 v _081415_/X (sky130_fd_sc_hd__o311a_1)
   0.27   25.00 ^ _082976_/Y (sky130_fd_sc_hd__o31ai_1)
   0.16   25.16 v _083086_/Y (sky130_fd_sc_hd__o21ai_0)
   0.71   25.87 ^ _083164_/Y (sky130_fd_sc_hd__xnor2_1)
   0.42   26.29 v _083165_/Y (sky130_fd_sc_hd__clkinv_1)
   0.32   26.61 ^ _084186_/Y (sky130_fd_sc_hd__a21oi_1)
   0.41   27.03 v _084188_/Y (sky130_fd_sc_hd__o21ai_0)
   0.34   27.36 ^ _084408_/Y (sky130_fd_sc_hd__o221ai_1)
   0.10   27.46 v _084409_/Y (sky130_fd_sc_hd__o32ai_1)
   0.32   27.79 ^ _084473_/Y (sky130_fd_sc_hd__nor4_1)
   0.38   28.16 v _084474_/Y (sky130_fd_sc_hd__nand3_1)
   0.74   28.90 ^ _084475_/Y (sky130_fd_sc_hd__clkinv_1)
   0.19   29.09 v _084592_/Y (sky130_fd_sc_hd__o31ai_1)
 581.71  610.80 ^ _084594_/Y (sky130_fd_sc_hd__o21ai_0)
23802.08 24412.88 v _084597_/Y (sky130_fd_sc_hd__nor2_1)
2050.83 26463.71 v _111051_/X (sky130_fd_sc_hd__a22o_1)
  34.50 26498.21 ^ _111052_/Y (sky130_fd_sc_hd__o21ai_0)
   0.53 26498.75 v _111059_/Y (sky130_fd_sc_hd__a31oi_1)
   0.93 26499.68 v _111322_/X (sky130_fd_sc_hd__a2111o_1)
   0.49 26500.17 v _111325_/X (sky130_fd_sc_hd__or4_1)
   0.00 26500.17 v _204069_/D (sky130_fd_sc_hd__edfxtp_1)
        26500.17   data arrival time

  10.00   10.00   clock clk_i (rise edge)
   0.00   10.00   clock network delay (ideal)
   0.00   10.00   clock reconvergence pessimism
          10.00 ^ _204069_/CLK (sky130_fd_sc_hd__edfxtp_1)
  -0.28    9.72   library setup time
           9.72   data required time
---------------------------------------------------------
           9.72   data required time
        -26500.17   data arrival time
---------------------------------------------------------
        -26490.45   slack (VIOLATED)


