Startpoint: rst_ni (input port clocked by clk_i)
Endpoint: _126115_ (recovery check against rising-edge clock clk_i)
Path Group: asynchronous
Path Type: max

  Delay    Time   Description
---------------------------------------------------------
   0.00    0.00   clock clk_i (rise edge)
   0.00    0.00   clock network delay (ideal)
   0.00    0.00 ^ input external delay
   0.00    0.00 ^ rst_ni (in)
   0.00    0.00 ^ _126115_/SET_B (sky130_fd_sc_hd__dfstp_2)
           0.00   data arrival time

  10.00   10.00   clock clk_i (rise edge)
   0.00   10.00   clock network delay (ideal)
   0.00   10.00   clock reconvergence pessimism
          10.00 ^ _126115_/CLK (sky130_fd_sc_hd__dfstp_2)
   0.13   10.13   library recovery time
          10.13   data required time
---------------------------------------------------------
          10.13   data required time
          -0.00   data arrival time
---------------------------------------------------------
          10.13   slack (MET)


Startpoint: rst_ni (input port clocked by clk_i)
Endpoint: _126116_ (recovery check against rising-edge clock clk_i)
Path Group: asynchronous
Path Type: max

  Delay    Time   Description
---------------------------------------------------------
   0.00    0.00   clock clk_i (rise edge)
   0.00    0.00   clock network delay (ideal)
   0.00    0.00 ^ input external delay
   0.00    0.00 ^ rst_ni (in)
   0.00    0.00 ^ _126116_/SET_B (sky130_fd_sc_hd__dfstp_2)
           0.00   data arrival time

  10.00   10.00   clock clk_i (rise edge)
   0.00   10.00   clock network delay (ideal)
   0.00   10.00   clock reconvergence pessimism
          10.00 ^ _126116_/CLK (sky130_fd_sc_hd__dfstp_2)
   0.13   10.13   library recovery time
          10.13   data required time
---------------------------------------------------------
          10.13   data required time
          -0.00   data arrival time
---------------------------------------------------------
          10.13   slack (MET)


Startpoint: rst_ni (input port clocked by clk_i)
Endpoint: _126117_ (recovery check against rising-edge clock clk_i)
Path Group: asynchronous
Path Type: max

  Delay    Time   Description
---------------------------------------------------------
   0.00    0.00   clock clk_i (rise edge)
   0.00    0.00   clock network delay (ideal)
   0.00    0.00 ^ input external delay
   0.00    0.00 ^ rst_ni (in)
   0.00    0.00 ^ _126117_/SET_B (sky130_fd_sc_hd__dfstp_2)
           0.00   data arrival time

  10.00   10.00   clock clk_i (rise edge)
   0.00   10.00   clock network delay (ideal)
   0.00   10.00   clock reconvergence pessimism
          10.00 ^ _126117_/CLK (sky130_fd_sc_hd__dfstp_2)
   0.13   10.13   library recovery time
          10.13   data required time
---------------------------------------------------------
          10.13   data required time
          -0.00   data arrival time
---------------------------------------------------------
          10.13   slack (MET)


Startpoint: rst_ni (input port clocked by clk_i)
Endpoint: _170883_ (recovery check against rising-edge clock clk_i)
Path Group: asynchronous
Path Type: max

  Delay    Time   Description
---------------------------------------------------------
   0.00    0.00   clock clk_i (rise edge)
   0.00    0.00   clock network delay (ideal)
   0.00    0.00 ^ input external delay
   0.00    0.00 ^ rst_ni (in)
   0.00    0.00 ^ _170883_/SET_B (sky130_fd_sc_hd__dfstp_2)
           0.00   data arrival time

  10.00   10.00   clock clk_i (rise edge)
   0.00   10.00   clock network delay (ideal)
   0.00   10.00   clock reconvergence pessimism
          10.00 ^ _170883_/CLK (sky130_fd_sc_hd__dfstp_2)
   0.13   10.13   library recovery time
          10.13   data required time
---------------------------------------------------------
          10.13   data required time
          -0.00   data arrival time
---------------------------------------------------------
          10.13   slack (MET)


Startpoint: rst_ni (input port clocked by clk_i)
Endpoint: _172083_ (recovery check against rising-edge clock clk_i)
Path Group: asynchronous
Path Type: max

  Delay    Time   Description
---------------------------------------------------------
   0.00    0.00   clock clk_i (rise edge)
   0.00    0.00   clock network delay (ideal)
   0.00    0.00 ^ input external delay
   0.00    0.00 ^ rst_ni (in)
   0.00    0.00 ^ _172083_/SET_B (sky130_fd_sc_hd__dfstp_2)
           0.00   data arrival time

  10.00   10.00   clock clk_i (rise edge)
   0.00   10.00   clock network delay (ideal)
   0.00   10.00   clock reconvergence pessimism
          10.00 ^ _172083_/CLK (sky130_fd_sc_hd__dfstp_2)
   0.13   10.13   library recovery time
          10.13   data required time
---------------------------------------------------------
          10.13   data required time
          -0.00   data arrival time
---------------------------------------------------------
          10.13   slack (MET)


Startpoint: _173220_ (negative level-sensitive latch clocked by clk_i)
Endpoint: _114196_ (rising clock gating-check end-point clocked by clk_i)
Path Group: gated clock
Path Type: max

  Delay    Time   Description
---------------------------------------------------------
   5.00    5.00   clock clk_i (fall edge)
   0.00    5.00   clock network delay (ideal)
   0.00    5.00 v _173220_/GATE_N (sky130_fd_sc_hd__dlxtn_1)
   0.36    5.36 ^ _173220_/Q (sky130_fd_sc_hd__dlxtn_1)
   0.00    5.36 ^ _114196_/A (sky130_fd_sc_hd__and2_0)
           5.36   data arrival time

  10.00   10.00   clock clk_i (rise edge)
   0.00   10.00   clock network delay (ideal)
   0.00   10.00   clock reconvergence pessimism
          10.00 ^ _114196_/B (sky130_fd_sc_hd__and2_0)
   0.00   10.00   clock gating setup time
          10.00   data required time
---------------------------------------------------------
          10.00   data required time
          -5.36   data arrival time
---------------------------------------------------------
           4.64   slack (MET)


Startpoint: _171533_ (rising edge-triggered flip-flop clocked by clk_i)
Endpoint: _173020_ (rising edge-triggered flip-flop clocked by clk_i)
Path Group: clk_i
Path Type: max

  Delay    Time   Description
---------------------------------------------------------
   0.00    0.00   clock clk_i (rise edge)
   0.00    0.00   clock network delay (ideal)
   0.00    0.00 ^ _171533_/CLK (sky130_fd_sc_hd__edfxtp_1)
   4.35    4.35 ^ _171533_/Q (sky130_fd_sc_hd__edfxtp_1)
   4.88    9.24 v _062807_/Y (sky130_fd_sc_hd__clkinv_1)
   7.88   17.12 ^ _063113_/Y (sky130_fd_sc_hd__nor2_1)
   0.71   17.83 ^ _063634_/X (sky130_fd_sc_hd__a221o_1)
   0.10   17.92 v _063635_/Y (sky130_fd_sc_hd__o211ai_1)
   0.14   18.06 ^ _063645_/Y (sky130_fd_sc_hd__o21ai_0)
   0.08   18.14 v _063646_/Y (sky130_fd_sc_hd__o21ai_0)
   0.27   18.42 ^ _063647_/Y (sky130_fd_sc_hd__a21oi_1)
   0.11   18.53 v _063653_/Y (sky130_fd_sc_hd__a211oi_1)
   0.36   18.89 ^ _063656_/Y (sky130_fd_sc_hd__o21ai_0)
   0.15   19.03 v _063657_/Y (sky130_fd_sc_hd__a31oi_1)
   0.66   19.70 v _063664_/X (sky130_fd_sc_hd__maj3_1)
   0.27   19.97 ^ _063667_/Y (sky130_fd_sc_hd__a211oi_1)
   0.13   20.10 v _063754_/Y (sky130_fd_sc_hd__o31ai_1)
   0.39   20.49 v _063756_/X (sky130_fd_sc_hd__maj3_1)
   0.39   20.88 v _065517_/X (sky130_fd_sc_hd__maj3_1)
   0.39   21.27 v _065519_/X (sky130_fd_sc_hd__maj3_1)
   0.39   21.66 v _065521_/X (sky130_fd_sc_hd__maj3_1)
   0.40   22.06 v _065523_/X (sky130_fd_sc_hd__maj3_1)
   0.30   22.37 ^ _065527_/Y (sky130_fd_sc_hd__a211oi_1)
   0.21   22.57 v _065530_/Y (sky130_fd_sc_hd__o311ai_0)
   0.39   22.97 ^ _065533_/Y (sky130_fd_sc_hd__a311oi_1)
   0.21   23.18 v _065536_/Y (sky130_fd_sc_hd__o311ai_0)
   0.31   23.49 ^ _065539_/Y (sky130_fd_sc_hd__a311oi_1)
   0.19   23.69 v _065542_/Y (sky130_fd_sc_hd__o311ai_0)
   0.41   24.10 ^ _065545_/Y (sky130_fd_sc_hd__a311oi_1)
   0.23   24.32 ^ _065548_/X (sky130_fd_sc_hd__o311a_1)
   0.16   24.49 ^ _067372_/X (sky130_fd_sc_hd__o311a_1)
   0.08   24.57 v _067374_/Y (sky130_fd_sc_hd__o31ai_1)
   0.25   24.82 ^ _067375_/Y (sky130_fd_sc_hd__o21ai_0)
   0.17   24.99 ^ _067528_/X (sky130_fd_sc_hd__o21a_1)
   0.08   25.07 v _067529_/Y (sky130_fd_sc_hd__a21oi_1)
   0.76   25.83 ^ _067619_/Y (sky130_fd_sc_hd__xnor2_1)
   0.32   26.14 v _067620_/Y (sky130_fd_sc_hd__clkinv_1)
   0.40   26.54 ^ _068095_/Y (sky130_fd_sc_hd__a21oi_1)
   0.12   26.67 v _068096_/Y (sky130_fd_sc_hd__nor2_1)
   0.35   27.01 v _068097_/X (sky130_fd_sc_hd__a21o_1)
   0.16   27.18 ^ _068360_/X (sky130_fd_sc_hd__xor2_1)
   0.07   27.24 v _068509_/Y (sky130_fd_sc_hd__nor4_1)
   0.16   27.40 ^ _068561_/Y (sky130_fd_sc_hd__nor3_1)
   0.15   27.55 v _068562_/Y (sky130_fd_sc_hd__o311ai_0)
   0.33   27.88 v _068563_/X (sky130_fd_sc_hd__lpflow_inputiso1p_1)
   0.33   28.21 ^ _068580_/Y (sky130_fd_sc_hd__a21oi_1)
   5.90   34.11 ^ _068618_/X (sky130_fd_sc_hd__and2_0)
   1.13   35.25 v _068652_/Y (sky130_fd_sc_hd__a221oi_1)
 340.39  375.64 ^ _068659_/Y (sky130_fd_sc_hd__nor2_1)
  20.71  396.35 v _088881_/Y (sky130_fd_sc_hd__a22oi_1)
  10.55  406.91 ^ _088882_/Y (sky130_fd_sc_hd__a21oi_1)
   0.45  407.36 v _088892_/Y (sky130_fd_sc_hd__o41ai_1)
   0.42  407.78 ^ _088893_/Y (sky130_fd_sc_hd__a41oi_1)
   0.06  407.84 v _089051_/Y (sky130_fd_sc_hd__a21oi_1)
   0.13  407.97 ^ _089056_/Y (sky130_fd_sc_hd__o211ai_1)
   0.00  407.97 ^ _173020_/D (sky130_fd_sc_hd__edfxtp_1)
         407.97   data arrival time

  10.00   10.00   clock clk_i (rise edge)
   0.00   10.00   clock network delay (ideal)
   0.00   10.00   clock reconvergence pessimism
          10.00 ^ _173020_/CLK (sky130_fd_sc_hd__edfxtp_1)
  -0.22    9.78   library setup time
           9.78   data required time
---------------------------------------------------------
           9.78   data required time
        -407.97   data arrival time
---------------------------------------------------------
        -398.19   slack (VIOLATED)


Startpoint: _171533_ (rising edge-triggered flip-flop clocked by clk_i)
Endpoint: _173045_ (rising edge-triggered flip-flop clocked by clk_i)
Path Group: clk_i
Path Type: max

  Delay    Time   Description
---------------------------------------------------------
   0.00    0.00   clock clk_i (rise edge)
   0.00    0.00   clock network delay (ideal)
   0.00    0.00 ^ _171533_/CLK (sky130_fd_sc_hd__edfxtp_1)
   4.35    4.35 ^ _171533_/Q (sky130_fd_sc_hd__edfxtp_1)
   4.88    9.24 v _062807_/Y (sky130_fd_sc_hd__clkinv_1)
   7.88   17.12 ^ _063113_/Y (sky130_fd_sc_hd__nor2_1)
   0.71   17.83 ^ _063634_/X (sky130_fd_sc_hd__a221o_1)
   0.10   17.92 v _063635_/Y (sky130_fd_sc_hd__o211ai_1)
   0.14   18.06 ^ _063645_/Y (sky130_fd_sc_hd__o21ai_0)
   0.08   18.14 v _063646_/Y (sky130_fd_sc_hd__o21ai_0)
   0.27   18.42 ^ _063647_/Y (sky130_fd_sc_hd__a21oi_1)
   0.11   18.53 v _063653_/Y (sky130_fd_sc_hd__a211oi_1)
   0.36   18.89 ^ _063656_/Y (sky130_fd_sc_hd__o21ai_0)
   0.15   19.03 v _063657_/Y (sky130_fd_sc_hd__a31oi_1)
   0.66   19.70 v _063664_/X (sky130_fd_sc_hd__maj3_1)
   0.27   19.97 ^ _063667_/Y (sky130_fd_sc_hd__a211oi_1)
   0.13   20.10 v _063754_/Y (sky130_fd_sc_hd__o31ai_1)
   0.39   20.49 v _063756_/X (sky130_fd_sc_hd__maj3_1)
   0.39   20.88 v _065517_/X (sky130_fd_sc_hd__maj3_1)
   0.39   21.27 v _065519_/X (sky130_fd_sc_hd__maj3_1)
   0.39   21.66 v _065521_/X (sky130_fd_sc_hd__maj3_1)
   0.40   22.06 v _065523_/X (sky130_fd_sc_hd__maj3_1)
   0.30   22.37 ^ _065527_/Y (sky130_fd_sc_hd__a211oi_1)
   0.21   22.57 v _065530_/Y (sky130_fd_sc_hd__o311ai_0)
   0.39   22.97 ^ _065533_/Y (sky130_fd_sc_hd__a311oi_1)
   0.21   23.18 v _065536_/Y (sky130_fd_sc_hd__o311ai_0)
   0.31   23.49 ^ _065539_/Y (sky130_fd_sc_hd__a311oi_1)
   0.19   23.69 v _065542_/Y (sky130_fd_sc_hd__o311ai_0)
   0.41   24.10 ^ _065545_/Y (sky130_fd_sc_hd__a311oi_1)
   0.23   24.32 ^ _065548_/X (sky130_fd_sc_hd__o311a_1)
   0.16   24.49 ^ _067372_/X (sky130_fd_sc_hd__o311a_1)
   0.08   24.57 v _067374_/Y (sky130_fd_sc_hd__o31ai_1)
   0.25   24.82 ^ _067375_/Y (sky130_fd_sc_hd__o21ai_0)
   0.17   24.99 ^ _067528_/X (sky130_fd_sc_hd__o21a_1)
   0.08   25.07 v _067529_/Y (sky130_fd_sc_hd__a21oi_1)
   0.76   25.83 ^ _067619_/Y (sky130_fd_sc_hd__xnor2_1)
   0.32   26.14 v _067620_/Y (sky130_fd_sc_hd__clkinv_1)
   0.40   26.54 ^ _068095_/Y (sky130_fd_sc_hd__a21oi_1)
   0.12   26.67 v _068096_/Y (sky130_fd_sc_hd__nor2_1)
   0.35   27.01 v _068097_/X (sky130_fd_sc_hd__a21o_1)
   0.16   27.18 ^ _068360_/X (sky130_fd_sc_hd__xor2_1)
   0.07   27.24 v _068509_/Y (sky130_fd_sc_hd__nor4_1)
   0.16   27.40 ^ _068561_/Y (sky130_fd_sc_hd__nor3_1)
   0.15   27.55 v _068562_/Y (sky130_fd_sc_hd__o311ai_0)
   0.33   27.88 v _068563_/X (sky130_fd_sc_hd__lpflow_inputiso1p_1)
   0.33   28.21 ^ _068580_/Y (sky130_fd_sc_hd__a21oi_1)
   5.90   34.11 ^ _068618_/X (sky130_fd_sc_hd__and2_0)
   1.13   35.25 v _068652_/Y (sky130_fd_sc_hd__a221oi_1)
 340.39  375.64 ^ _068659_/Y (sky130_fd_sc_hd__nor2_1)
  20.71  396.35 v _083409_/Y (sky130_fd_sc_hd__a22oi_1)
  10.55  406.91 ^ _083410_/Y (sky130_fd_sc_hd__a21oi_1)
   0.45  407.36 v _083420_/Y (sky130_fd_sc_hd__o41ai_1)
   0.42  407.78 ^ _083421_/Y (sky130_fd_sc_hd__a41oi_1)
   0.08  407.86 v _083582_/Y (sky130_fd_sc_hd__nor4_1)
   0.10  407.96 ^ _083583_/Y (sky130_fd_sc_hd__nand4_1)
   0.00  407.96 ^ _173045_/D (sky130_fd_sc_hd__edfxtp_1)
         407.96   data arrival time

  10.00   10.00   clock clk_i (rise edge)
   0.00   10.00   clock network delay (ideal)
   0.00   10.00   clock reconvergence pessimism
          10.00 ^ _173045_/CLK (sky130_fd_sc_hd__edfxtp_1)
  -0.16    9.84   library setup time
           9.84   data required time
---------------------------------------------------------
           9.84   data required time
        -407.96   data arrival time
---------------------------------------------------------
        -398.12   slack (VIOLATED)


Startpoint: _171533_ (rising edge-triggered flip-flop clocked by clk_i)
Endpoint: _173007_ (rising edge-triggered flip-flop clocked by clk_i)
Path Group: clk_i
Path Type: max

  Delay    Time   Description
---------------------------------------------------------
   0.00    0.00   clock clk_i (rise edge)
   0.00    0.00   clock network delay (ideal)
   0.00    0.00 ^ _171533_/CLK (sky130_fd_sc_hd__edfxtp_1)
   4.35    4.35 ^ _171533_/Q (sky130_fd_sc_hd__edfxtp_1)
   4.88    9.24 v _062807_/Y (sky130_fd_sc_hd__clkinv_1)
   7.88   17.12 ^ _063113_/Y (sky130_fd_sc_hd__nor2_1)
   0.71   17.83 ^ _063634_/X (sky130_fd_sc_hd__a221o_1)
   0.10   17.92 v _063635_/Y (sky130_fd_sc_hd__o211ai_1)
   0.14   18.06 ^ _063645_/Y (sky130_fd_sc_hd__o21ai_0)
   0.08   18.14 v _063646_/Y (sky130_fd_sc_hd__o21ai_0)
   0.27   18.42 ^ _063647_/Y (sky130_fd_sc_hd__a21oi_1)
   0.11   18.53 v _063653_/Y (sky130_fd_sc_hd__a211oi_1)
   0.36   18.89 ^ _063656_/Y (sky130_fd_sc_hd__o21ai_0)
   0.15   19.03 v _063657_/Y (sky130_fd_sc_hd__a31oi_1)
   0.66   19.70 v _063664_/X (sky130_fd_sc_hd__maj3_1)
   0.27   19.97 ^ _063667_/Y (sky130_fd_sc_hd__a211oi_1)
   0.13   20.10 v _063754_/Y (sky130_fd_sc_hd__o31ai_1)
   0.39   20.49 v _063756_/X (sky130_fd_sc_hd__maj3_1)
   0.39   20.88 v _065517_/X (sky130_fd_sc_hd__maj3_1)
   0.39   21.27 v _065519_/X (sky130_fd_sc_hd__maj3_1)
   0.39   21.66 v _065521_/X (sky130_fd_sc_hd__maj3_1)
   0.40   22.06 v _065523_/X (sky130_fd_sc_hd__maj3_1)
   0.30   22.37 ^ _065527_/Y (sky130_fd_sc_hd__a211oi_1)
   0.21   22.57 v _065530_/Y (sky130_fd_sc_hd__o311ai_0)
   0.39   22.97 ^ _065533_/Y (sky130_fd_sc_hd__a311oi_1)
   0.21   23.18 v _065536_/Y (sky130_fd_sc_hd__o311ai_0)
   0.31   23.49 ^ _065539_/Y (sky130_fd_sc_hd__a311oi_1)
   0.19   23.69 v _065542_/Y (sky130_fd_sc_hd__o311ai_0)
   0.41   24.10 ^ _065545_/Y (sky130_fd_sc_hd__a311oi_1)
   0.23   24.32 ^ _065548_/X (sky130_fd_sc_hd__o311a_1)
   0.16   24.49 ^ _067372_/X (sky130_fd_sc_hd__o311a_1)
   0.08   24.57 v _067374_/Y (sky130_fd_sc_hd__o31ai_1)
   0.25   24.82 ^ _067375_/Y (sky130_fd_sc_hd__o21ai_0)
   0.17   24.99 ^ _067528_/X (sky130_fd_sc_hd__o21a_1)
   0.08   25.07 v _067529_/Y (sky130_fd_sc_hd__a21oi_1)
   0.76   25.83 ^ _067619_/Y (sky130_fd_sc_hd__xnor2_1)
   0.32   26.14 v _067620_/Y (sky130_fd_sc_hd__clkinv_1)
   0.40   26.54 ^ _068095_/Y (sky130_fd_sc_hd__a21oi_1)
   0.12   26.67 v _068096_/Y (sky130_fd_sc_hd__nor2_1)
   0.35   27.01 v _068097_/X (sky130_fd_sc_hd__a21o_1)
   0.16   27.18 ^ _068360_/X (sky130_fd_sc_hd__xor2_1)
   0.07   27.24 v _068509_/Y (sky130_fd_sc_hd__nor4_1)
   0.16   27.40 ^ _068561_/Y (sky130_fd_sc_hd__nor3_1)
   0.15   27.55 v _068562_/Y (sky130_fd_sc_hd__o311ai_0)
   0.33   27.88 v _068563_/X (sky130_fd_sc_hd__lpflow_inputiso1p_1)
   0.33   28.21 ^ _068580_/Y (sky130_fd_sc_hd__a21oi_1)
   5.90   34.11 ^ _068618_/X (sky130_fd_sc_hd__and2_0)
   1.13   35.25 v _068652_/Y (sky130_fd_sc_hd__a221oi_1)
 340.39  375.64 ^ _068659_/Y (sky130_fd_sc_hd__nor2_1)
  20.71  396.35 v _091719_/Y (sky130_fd_sc_hd__a22oi_1)
  10.55  406.91 ^ _091720_/Y (sky130_fd_sc_hd__a21oi_1)
   0.45  407.36 v _091730_/Y (sky130_fd_sc_hd__o41ai_1)
   0.42  407.78 ^ _091731_/Y (sky130_fd_sc_hd__a41oi_1)
   0.08  407.86 v _091894_/Y (sky130_fd_sc_hd__nor4_1)
   0.08  407.94 ^ _091895_/Y (sky130_fd_sc_hd__nand2_1)
   0.00  407.94 ^ _173007_/D (sky130_fd_sc_hd__edfxtp_1)
         407.94   data arrival time

  10.00   10.00   clock clk_i (rise edge)
   0.00   10.00   clock network delay (ideal)
   0.00   10.00   clock reconvergence pessimism
          10.00 ^ _173007_/CLK (sky130_fd_sc_hd__edfxtp_1)
  -0.13    9.87   library setup time
           9.87   data required time
---------------------------------------------------------
           9.87   data required time
        -407.94   data arrival time
---------------------------------------------------------
        -398.07   slack (VIOLATED)


Startpoint: _171533_ (rising edge-triggered flip-flop clocked by clk_i)
Endpoint: _172944_ (rising edge-triggered flip-flop clocked by clk_i)
Path Group: clk_i
Path Type: max

  Delay    Time   Description
---------------------------------------------------------
   0.00    0.00   clock clk_i (rise edge)
   0.00    0.00   clock network delay (ideal)
   0.00    0.00 ^ _171533_/CLK (sky130_fd_sc_hd__edfxtp_1)
   4.35    4.35 ^ _171533_/Q (sky130_fd_sc_hd__edfxtp_1)
   4.88    9.24 v _062807_/Y (sky130_fd_sc_hd__clkinv_1)
   7.88   17.12 ^ _063113_/Y (sky130_fd_sc_hd__nor2_1)
   0.71   17.83 ^ _063634_/X (sky130_fd_sc_hd__a221o_1)
   0.10   17.92 v _063635_/Y (sky130_fd_sc_hd__o211ai_1)
   0.14   18.06 ^ _063645_/Y (sky130_fd_sc_hd__o21ai_0)
   0.08   18.14 v _063646_/Y (sky130_fd_sc_hd__o21ai_0)
   0.27   18.42 ^ _063647_/Y (sky130_fd_sc_hd__a21oi_1)
   0.11   18.53 v _063653_/Y (sky130_fd_sc_hd__a211oi_1)
   0.36   18.89 ^ _063656_/Y (sky130_fd_sc_hd__o21ai_0)
   0.15   19.03 v _063657_/Y (sky130_fd_sc_hd__a31oi_1)
   0.66   19.70 v _063664_/X (sky130_fd_sc_hd__maj3_1)
   0.27   19.97 ^ _063667_/Y (sky130_fd_sc_hd__a211oi_1)
   0.13   20.10 v _063754_/Y (sky130_fd_sc_hd__o31ai_1)
   0.39   20.49 v _063756_/X (sky130_fd_sc_hd__maj3_1)
   0.39   20.88 v _065517_/X (sky130_fd_sc_hd__maj3_1)
   0.39   21.27 v _065519_/X (sky130_fd_sc_hd__maj3_1)
   0.39   21.66 v _065521_/X (sky130_fd_sc_hd__maj3_1)
   0.40   22.06 v _065523_/X (sky130_fd_sc_hd__maj3_1)
   0.30   22.37 ^ _065527_/Y (sky130_fd_sc_hd__a211oi_1)
   0.21   22.57 v _065530_/Y (sky130_fd_sc_hd__o311ai_0)
   0.39   22.97 ^ _065533_/Y (sky130_fd_sc_hd__a311oi_1)
   0.21   23.18 v _065536_/Y (sky130_fd_sc_hd__o311ai_0)
   0.31   23.49 ^ _065539_/Y (sky130_fd_sc_hd__a311oi_1)
   0.19   23.69 v _065542_/Y (sky130_fd_sc_hd__o311ai_0)
   0.41   24.10 ^ _065545_/Y (sky130_fd_sc_hd__a311oi_1)
   0.23   24.32 ^ _065548_/X (sky130_fd_sc_hd__o311a_1)
   0.16   24.49 ^ _067372_/X (sky130_fd_sc_hd__o311a_1)
   0.08   24.57 v _067374_/Y (sky130_fd_sc_hd__o31ai_1)
   0.25   24.82 ^ _067375_/Y (sky130_fd_sc_hd__o21ai_0)
   0.17   24.99 ^ _067528_/X (sky130_fd_sc_hd__o21a_1)
   0.08   25.07 v _067529_/Y (sky130_fd_sc_hd__a21oi_1)
   0.76   25.83 ^ _067619_/Y (sky130_fd_sc_hd__xnor2_1)
   0.32   26.14 v _067620_/Y (sky130_fd_sc_hd__clkinv_1)
   0.40   26.54 ^ _068095_/Y (sky130_fd_sc_hd__a21oi_1)
   0.12   26.67 v _068096_/Y (sky130_fd_sc_hd__nor2_1)
   0.35   27.01 v _068097_/X (sky130_fd_sc_hd__a21o_1)
   0.16   27.18 ^ _068360_/X (sky130_fd_sc_hd__xor2_1)
   0.07   27.24 v _068509_/Y (sky130_fd_sc_hd__nor4_1)
   0.16   27.40 ^ _068561_/Y (sky130_fd_sc_hd__nor3_1)
   0.15   27.55 v _068562_/Y (sky130_fd_sc_hd__o311ai_0)
   0.33   27.88 v _068563_/X (sky130_fd_sc_hd__lpflow_inputiso1p_1)
   0.33   28.21 ^ _068580_/Y (sky130_fd_sc_hd__a21oi_1)
   5.90   34.11 ^ _068618_/X (sky130_fd_sc_hd__and2_0)
   1.13   35.25 v _068652_/Y (sky130_fd_sc_hd__a221oi_1)
 340.39  375.64 ^ _068659_/Y (sky130_fd_sc_hd__nor2_1)
  20.71  396.35 v _105070_/Y (sky130_fd_sc_hd__a22oi_1)
  10.55  406.91 ^ _105071_/Y (sky130_fd_sc_hd__a21oi_1)
   0.45  407.36 v _105081_/Y (sky130_fd_sc_hd__o41ai_1)
   0.42  407.78 ^ _105082_/Y (sky130_fd_sc_hd__a41oi_1)
   0.08  407.86 v _105246_/Y (sky130_fd_sc_hd__nor4_1)
   0.08  407.94 ^ _105247_/Y (sky130_fd_sc_hd__nand2_1)
   0.00  407.94 ^ _172944_/D (sky130_fd_sc_hd__edfxtp_1)
         407.94   data arrival time

  10.00   10.00   clock clk_i (rise edge)
   0.00   10.00   clock network delay (ideal)
   0.00   10.00   clock reconvergence pessimism
          10.00 ^ _172944_/CLK (sky130_fd_sc_hd__edfxtp_1)
  -0.13    9.87   library setup time
           9.87   data required time
---------------------------------------------------------
           9.87   data required time
        -407.94   data arrival time
---------------------------------------------------------
        -398.07   slack (VIOLATED)


Startpoint: _171533_ (rising edge-triggered flip-flop clocked by clk_i)
Endpoint: _172983_ (rising edge-triggered flip-flop clocked by clk_i)
Path Group: clk_i
Path Type: max

  Delay    Time   Description
---------------------------------------------------------
   0.00    0.00   clock clk_i (rise edge)
   0.00    0.00   clock network delay (ideal)
   0.00    0.00 ^ _171533_/CLK (sky130_fd_sc_hd__edfxtp_1)
   4.35    4.35 ^ _171533_/Q (sky130_fd_sc_hd__edfxtp_1)
   4.88    9.24 v _062807_/Y (sky130_fd_sc_hd__clkinv_1)
   7.88   17.12 ^ _063113_/Y (sky130_fd_sc_hd__nor2_1)
   0.71   17.83 ^ _063634_/X (sky130_fd_sc_hd__a221o_1)
   0.10   17.92 v _063635_/Y (sky130_fd_sc_hd__o211ai_1)
   0.14   18.06 ^ _063645_/Y (sky130_fd_sc_hd__o21ai_0)
   0.08   18.14 v _063646_/Y (sky130_fd_sc_hd__o21ai_0)
   0.27   18.42 ^ _063647_/Y (sky130_fd_sc_hd__a21oi_1)
   0.11   18.53 v _063653_/Y (sky130_fd_sc_hd__a211oi_1)
   0.36   18.89 ^ _063656_/Y (sky130_fd_sc_hd__o21ai_0)
   0.15   19.03 v _063657_/Y (sky130_fd_sc_hd__a31oi_1)
   0.66   19.70 v _063664_/X (sky130_fd_sc_hd__maj3_1)
   0.27   19.97 ^ _063667_/Y (sky130_fd_sc_hd__a211oi_1)
   0.13   20.10 v _063754_/Y (sky130_fd_sc_hd__o31ai_1)
   0.39   20.49 v _063756_/X (sky130_fd_sc_hd__maj3_1)
   0.39   20.88 v _065517_/X (sky130_fd_sc_hd__maj3_1)
   0.39   21.27 v _065519_/X (sky130_fd_sc_hd__maj3_1)
   0.39   21.66 v _065521_/X (sky130_fd_sc_hd__maj3_1)
   0.40   22.06 v _065523_/X (sky130_fd_sc_hd__maj3_1)
   0.30   22.37 ^ _065527_/Y (sky130_fd_sc_hd__a211oi_1)
   0.21   22.57 v _065530_/Y (sky130_fd_sc_hd__o311ai_0)
   0.39   22.97 ^ _065533_/Y (sky130_fd_sc_hd__a311oi_1)
   0.21   23.18 v _065536_/Y (sky130_fd_sc_hd__o311ai_0)
   0.31   23.49 ^ _065539_/Y (sky130_fd_sc_hd__a311oi_1)
   0.19   23.69 v _065542_/Y (sky130_fd_sc_hd__o311ai_0)
   0.41   24.10 ^ _065545_/Y (sky130_fd_sc_hd__a311oi_1)
   0.23   24.32 ^ _065548_/X (sky130_fd_sc_hd__o311a_1)
   0.16   24.49 ^ _067372_/X (sky130_fd_sc_hd__o311a_1)
   0.08   24.57 v _067374_/Y (sky130_fd_sc_hd__o31ai_1)
   0.25   24.82 ^ _067375_/Y (sky130_fd_sc_hd__o21ai_0)
   0.17   24.99 ^ _067528_/X (sky130_fd_sc_hd__o21a_1)
   0.08   25.07 v _067529_/Y (sky130_fd_sc_hd__a21oi_1)
   0.76   25.83 ^ _067619_/Y (sky130_fd_sc_hd__xnor2_1)
   0.32   26.14 v _067620_/Y (sky130_fd_sc_hd__clkinv_1)
   0.40   26.54 ^ _068095_/Y (sky130_fd_sc_hd__a21oi_1)
   0.12   26.67 v _068096_/Y (sky130_fd_sc_hd__nor2_1)
   0.35   27.01 v _068097_/X (sky130_fd_sc_hd__a21o_1)
   0.16   27.18 ^ _068360_/X (sky130_fd_sc_hd__xor2_1)
   0.07   27.24 v _068509_/Y (sky130_fd_sc_hd__nor4_1)
   0.16   27.40 ^ _068561_/Y (sky130_fd_sc_hd__nor3_1)
   0.15   27.55 v _068562_/Y (sky130_fd_sc_hd__o311ai_0)
   0.33   27.88 v _068563_/X (sky130_fd_sc_hd__lpflow_inputiso1p_1)
   0.33   28.21 ^ _068580_/Y (sky130_fd_sc_hd__a21oi_1)
   5.90   34.11 ^ _068618_/X (sky130_fd_sc_hd__and2_0)
   1.13   35.25 v _068652_/Y (sky130_fd_sc_hd__a221oi_1)
 340.39  375.64 ^ _068659_/Y (sky130_fd_sc_hd__nor2_1)
  20.71  396.35 v _096751_/Y (sky130_fd_sc_hd__a22oi_1)
  10.55  406.91 ^ _096752_/Y (sky130_fd_sc_hd__a21oi_1)
   0.45  407.36 v _096762_/Y (sky130_fd_sc_hd__o41ai_1)
   0.43  407.78 ^ _096763_/Y (sky130_fd_sc_hd__a41oi_1)
   0.08  407.86 v _096926_/Y (sky130_fd_sc_hd__nor3_1)
   0.07  407.94 ^ _096927_/Y (sky130_fd_sc_hd__nand2_1)
   0.00  407.94 ^ _172983_/D (sky130_fd_sc_hd__edfxtp_1)
         407.94   data arrival time

  10.00   10.00   clock clk_i (rise edge)
   0.00   10.00   clock network delay (ideal)
   0.00   10.00   clock reconvergence pessimism
          10.00 ^ _172983_/CLK (sky130_fd_sc_hd__edfxtp_1)
  -0.13    9.87   library setup time
           9.87   data required time
---------------------------------------------------------
           9.87   data required time
        -407.94   data arrival time
---------------------------------------------------------
        -398.07   slack (VIOLATED)


