
52. Printing statistics.

=== ibex_top ===

        +----------Local Count, excluding submodules.
        |        +-Local Area, excluding submodules.
        |        | 
    13411        - wires
    14144        - wire bits
     2496        - public wires
     3229        - public wire bits
       54        - ports
      787        - port bits
    13294 9.34E+04 cells
       33        -   $_DLATCH_N_
      992        -   DLH_X1
       48  420.403   sky130_fd_sc_hd__a2111oi_0
        1   15.014   sky130_fd_sc_hd__a2111oi_2
        5   43.792   sky130_fd_sc_hd__a211o_1
       47  352.838   sky130_fd_sc_hd__a211oi_1
        2   25.024   sky130_fd_sc_hd__a211oi_2
        1    10.01   sky130_fd_sc_hd__a21bo_2
       19  142.637   sky130_fd_sc_hd__a21boi_0
      116  870.835   sky130_fd_sc_hd__a21o_1
      755 3.78E+03   sky130_fd_sc_hd__a21oi_1
        1    8.758   sky130_fd_sc_hd__a21oi_2
       39  390.374   sky130_fd_sc_hd__a221o_1
      105  919.632   sky130_fd_sc_hd__a221oi_1
      385 3.85E+03   sky130_fd_sc_hd__a222oi_1
       98  858.323   sky130_fd_sc_hd__a22o_1
      488 3.66E+03   sky130_fd_sc_hd__a22oi_1
        1    8.758   sky130_fd_sc_hd__a2bb2oi_1
       28  245.235   sky130_fd_sc_hd__a311oi_1
       17  148.893   sky130_fd_sc_hd__a31o_2
        2   35.034   sky130_fd_sc_hd__a31o_4
      191 1.19E+03   sky130_fd_sc_hd__a31oi_1
        6   60.058   sky130_fd_sc_hd__a32o_1
       15  131.376   sky130_fd_sc_hd__a32oi_1
        1    10.01   sky130_fd_sc_hd__a41o_1
       15  131.376   sky130_fd_sc_hd__a41oi_1
        6   37.536   sky130_fd_sc_hd__and2_0
        2   12.512   sky130_fd_sc_hd__and2_1
        1    8.758   sky130_fd_sc_hd__and2_4
      206 1.29E+03   sky130_fd_sc_hd__and3_1
        7   61.309   sky130_fd_sc_hd__and3b_1
       36  315.302   sky130_fd_sc_hd__and4_1
        6   60.058   sky130_fd_sc_hd__and4b_1
        1   12.512   sky130_fd_sc_hd__and4bb_1
        1   12.512   sky130_fd_sc_hd__and4bb_2
       13   48.797   sky130_fd_sc_hd__buf_1
       12   60.058   sky130_fd_sc_hd__buf_2
        1    7.507   sky130_fd_sc_hd__buf_4
        7   78.826   sky130_fd_sc_hd__buf_6
      512 1.92E+03   sky130_fd_sc_hd__clkbuf_1
        1    5.005   sky130_fd_sc_hd__clkbuf_2
      710 1.78E+04   sky130_fd_sc_hd__dfrtp_1
       10  262.752   sky130_fd_sc_hd__dfstp_2
      283  8498.15   sky130_fd_sc_hd__edfxtp_1
      135  506.736   sky130_fd_sc_hd__inv_1
        6   22.522   sky130_fd_sc_hd__inv_2
      474 1.78E+03   sky130_fd_sc_hd__lpflow_clkbufkapwr_1
        7   26.275   sky130_fd_sc_hd__lpflow_clkinvkapwr_1
      114  713.184   sky130_fd_sc_hd__lpflow_inputiso0n_1
        2   15.014   sky130_fd_sc_hd__lpflow_inputiso0p_1
        1    6.256   sky130_fd_sc_hd__lpflow_inputiso1p_1
      135   844.56   sky130_fd_sc_hd__lpflow_isobufsrc_1
      108 1.08E+03   sky130_fd_sc_hd__maj3_1
       11  123.869   sky130_fd_sc_hd__maj3_2
        4   45.043   sky130_fd_sc_hd__mux2_1
      196 2.21E+03   sky130_fd_sc_hd__mux2_2
       59   885.85   sky130_fd_sc_hd__mux2_4
      142 1.42E+03   sky130_fd_sc_hd__mux2i_1
     1671 6.27E+03   sky130_fd_sc_hd__nand2_1
        1    6.256   sky130_fd_sc_hd__nand2_2
       78  487.968   sky130_fd_sc_hd__nand2b_1
      696 3.48E+03   sky130_fd_sc_hd__nand3_1
        7    52.55   sky130_fd_sc_hd__nand3b_1
      241 1.51E+03   sky130_fd_sc_hd__nand4_1
        3   26.275   sky130_fd_sc_hd__nand4b_1
        2   22.522   sky130_fd_sc_hd__nand4bb_1
     1072 4.02E+03   sky130_fd_sc_hd__nor2_1
        1    6.256   sky130_fd_sc_hd__nor2_2
       24  150.144   sky130_fd_sc_hd__nor2b_1
      207 1.04E+03   sky130_fd_sc_hd__nor3_1
        3   30.029   sky130_fd_sc_hd__nor3_2
       16  120.115   sky130_fd_sc_hd__nor3b_1
       60   375.36   sky130_fd_sc_hd__nor4_1
        4   50.048   sky130_fd_sc_hd__nor4_2
        1    21.27   sky130_fd_sc_hd__nor4_4
        4   35.034   sky130_fd_sc_hd__nor4b_1
       18  180.173   sky130_fd_sc_hd__nor4bb_1
        1   11.261   sky130_fd_sc_hd__o2111a_1
       24  210.202   sky130_fd_sc_hd__o2111ai_1
        1   15.014   sky130_fd_sc_hd__o2111ai_2
        9   90.086   sky130_fd_sc_hd__o211a_1
       63  472.954   sky130_fd_sc_hd__o211ai_1
        2   25.024   sky130_fd_sc_hd__o211ai_2
       50   375.36   sky130_fd_sc_hd__o21a_1
     1013 5.07E+03   sky130_fd_sc_hd__o21ai_0
       15   75.072   sky130_fd_sc_hd__o21ai_1
        1    8.758   sky130_fd_sc_hd__o21ai_2
        2   20.019   sky130_fd_sc_hd__o21ba_2
       14  105.101   sky130_fd_sc_hd__o21bai_1
        3   33.782   sky130_fd_sc_hd__o221a_2
       20  175.168   sky130_fd_sc_hd__o221ai_1
       52  455.437   sky130_fd_sc_hd__o22a_1
      107  669.392   sky130_fd_sc_hd__o22ai_1
        1    10.01   sky130_fd_sc_hd__o2bb2a_1
        4   35.034   sky130_fd_sc_hd__o2bb2ai_1
        7   70.067   sky130_fd_sc_hd__o311a_1
       24  210.202   sky130_fd_sc_hd__o311ai_0
        2   32.531   sky130_fd_sc_hd__o311ai_2
        1   26.275   sky130_fd_sc_hd__o311ai_4
       10   87.584   sky130_fd_sc_hd__o31a_1
      100   750.72   sky130_fd_sc_hd__o31ai_1
        2   20.019   sky130_fd_sc_hd__o32a_1
       10   87.584   sky130_fd_sc_hd__o32ai_1
       23  201.443   sky130_fd_sc_hd__o41ai_1
       44  275.264   sky130_fd_sc_hd__or2_2
       73  456.688   sky130_fd_sc_hd__or3_1
        6    52.55   sky130_fd_sc_hd__or3b_2
       21  157.651   sky130_fd_sc_hd__or4_1
        1   11.261   sky130_fd_sc_hd__or4_4
        1    10.01   sky130_fd_sc_hd__or4b_1
        3   30.029   sky130_fd_sc_hd__or4b_2
      519  4545.61   sky130_fd_sc_hd__xnor2_1
        9  202.694   sky130_fd_sc_hd__xnor3_1
      320  2.8E+03   sky130_fd_sc_hd__xor2_1
        7   166.41   sky130_fd_sc_hd__xor3_1

   Area for cell type $_DLATCH_N_ is unknown!
   Area for cell type \DLH_X1 is unknown!

   Chip area for module '\ibex_top': 93398.326400
     of which used for sequential elements: 26527.942400 (28.40%)

