
18. Printing statistics.

=== ibex_top ===

        +----------Local Count, excluding submodules.
        |        +-Local Area, excluding submodules.
        |        | 
    55974        - wires
   102862        - wire bits
     1266        - public wires
    48154        - public wire bits
       54        - ports
      787        - port bits
   102079 1.74E+06 cells
        6   67.565   sky130_fd_sc_hd__a2111o_1
       75   656.88   sky130_fd_sc_hd__a2111oi_0
       11   96.342   sky130_fd_sc_hd__a211o_1
      128  960.922   sky130_fd_sc_hd__a211oi_1
        4   40.038   sky130_fd_sc_hd__a21bo_1
       24  180.173   sky130_fd_sc_hd__a21boi_0
       89  668.141   sky130_fd_sc_hd__a21o_1
    13034 6.52E+04   sky130_fd_sc_hd__a21oi_1
       66  660.634   sky130_fd_sc_hd__a221o_1
      274  2.4E+03   sky130_fd_sc_hd__a221oi_1
    11630 1.16E+05   sky130_fd_sc_hd__a222oi_1
      103  902.115   sky130_fd_sc_hd__a22o_1
      720 5.41E+03   sky130_fd_sc_hd__a22oi_1
        9   78.826   sky130_fd_sc_hd__a2bb2oi_1
       12  120.115   sky130_fd_sc_hd__a311o_1
       33  289.027   sky130_fd_sc_hd__a311oi_1
       34  297.786   sky130_fd_sc_hd__a31o_1
      386 2.41E+03   sky130_fd_sc_hd__a31oi_1
       11  110.106   sky130_fd_sc_hd__a32o_1
       19   166.41   sky130_fd_sc_hd__a32oi_1
       19  190.182   sky130_fd_sc_hd__a41o_1
      228    2E+03   sky130_fd_sc_hd__a41oi_1
      189 1.18E+03   sky130_fd_sc_hd__and2_0
      231 1.45E+03   sky130_fd_sc_hd__and3_1
        2   17.517   sky130_fd_sc_hd__and3b_1
       65  569.296   sky130_fd_sc_hd__and4_1
       11  110.106   sky130_fd_sc_hd__and4b_1
      399  1.5E+03   sky130_fd_sc_hd__clkinv_1
        2    7.507   sky130_fd_sc_hd__conb_1
     1928 4.82E+04   sky130_fd_sc_hd__dfrtp_1
        7  183.926   sky130_fd_sc_hd__dfstp_2
        1   15.014   sky130_fd_sc_hd__dlxtn_1
    44784 1.34E+06   sky130_fd_sc_hd__edfxtp_1
       93  581.808   sky130_fd_sc_hd__lpflow_inputiso1p_1
      206 1.29E+03   sky130_fd_sc_hd__lpflow_isobufsrc_1
      216 2.16E+03   sky130_fd_sc_hd__maj3_1
      187  2105.77   sky130_fd_sc_hd__mux2_1
      175  1751.68   sky130_fd_sc_hd__mux2i_1
    14012 5.26E+04   sky130_fd_sc_hd__nand2_1
      181 1.13E+03   sky130_fd_sc_hd__nand2b_1
      706 3.53E+03   sky130_fd_sc_hd__nand3_1
       24  180.173   sky130_fd_sc_hd__nand3b_1
      407 2.55E+03   sky130_fd_sc_hd__nand4_1
       13  113.859   sky130_fd_sc_hd__nand4b_1
        1   11.261   sky130_fd_sc_hd__nand4bb_1
     2402 9.02E+03   sky130_fd_sc_hd__nor2_1
       27  168.912   sky130_fd_sc_hd__nor2b_1
      845 4.23E+03   sky130_fd_sc_hd__nor3_1
       15  112.608   sky130_fd_sc_hd__nor3b_1
     1426 8.92E+03   sky130_fd_sc_hd__nor4_1
       17  148.893   sky130_fd_sc_hd__nor4b_1
       16  160.154   sky130_fd_sc_hd__nor4bb_1
        4   45.043   sky130_fd_sc_hd__o2111a_1
       61  534.262   sky130_fd_sc_hd__o2111ai_1
       10  100.096   sky130_fd_sc_hd__o211a_1
      102  765.734   sky130_fd_sc_hd__o211ai_1
       96  720.691   sky130_fd_sc_hd__o21a_1
     1970 9.86E+03   sky130_fd_sc_hd__o21ai_0
        1    10.01   sky130_fd_sc_hd__o21ba_1
       13   97.594   sky130_fd_sc_hd__o21bai_1
        4   45.043   sky130_fd_sc_hd__o221a_1
      173 1.52E+03   sky130_fd_sc_hd__o221ai_1
       45  394.128   sky130_fd_sc_hd__o22a_1
      521 3.26E+03   sky130_fd_sc_hd__o22ai_1
        9   78.826   sky130_fd_sc_hd__o2bb2ai_1
       10  100.096   sky130_fd_sc_hd__o311a_1
       19   166.41   sky130_fd_sc_hd__o311ai_0
        7   61.309   sky130_fd_sc_hd__o31a_1
       61  457.939   sky130_fd_sc_hd__o31ai_1
        7   70.067   sky130_fd_sc_hd__o32a_1
       17  148.893   sky130_fd_sc_hd__o32ai_1
     2017 1.77E+04   sky130_fd_sc_hd__o41ai_1
      108  675.648   sky130_fd_sc_hd__or3_1
        3   26.275   sky130_fd_sc_hd__or3b_1
       80  600.576   sky130_fd_sc_hd__or4_1
        8   80.077   sky130_fd_sc_hd__or4b_1
      870 7.62E+03   sky130_fd_sc_hd__xnor2_1
        9  202.694   sky130_fd_sc_hd__xnor3_1
      348 3.05E+03   sky130_fd_sc_hd__xor2_1
        3   71.318   sky130_fd_sc_hd__xor3_1

   Chip area for module '\ibex_top': 1736610.547199
     of which used for sequential elements: 1393239.977599 (80.23%)

